=== WORKFLOW START ===
Start: 2026-01-21T06:27:10.986229
Command: python sample_sci_workflow.py --xyz Validation-2026-01-20-aab310b108342456bf6b1017d01ccb8e31d2d52d/structures/1_molecules/13Cyclohexadiene.structure.xyz --initial-active-space-solver macis_asci --autocas --max-determinants 100

[2026-01-21 06:27:13.784259] [info] [sample_sci_workflow] Structure Summary:
  Number of atoms: 14
  Composition: H8, C6
  Total mass: 80.130 AMU
  Nuclear Repulsion Energy: 219.094 Eh

[2026-01-21 06:27:17.589797] [info] [sample_sci_workflow] SCF energy = -231.85054528 Hartree
[2026-01-21 06:27:17.590368] [info] [qdk:chemistry:algorithms:microsoft:active_space:valence_active_space] ValenceActiveSpaceSelector::Starting active space selection.
[2026-01-21 06:27:17.591275] [info] [qdk:chemistry:algorithms:microsoft:active_space:valence_active_space] ValenceActiveSpaceSelector::Selected active space of 32 orbitals: 6, 7, 8, 9, 10, 11, 12, 13, 14, 15, 16, 17, 18, 19, 20, 21, 22, 23, 24, 25, 26, 27, 28, 29, 30, 31, 32, 33, 34, 35, 36, 37
[2026-01-21 06:27:17.593546] [info] [sample_sci_workflow] Orbitals Summary:
  AOs: 124
  MOs: 124
  Type: Restricted
  Has overlap: Yes
  Has basis set: Yes
  Valid: Yes
  Has active space: Yes
  Active Orbitals: α=32, β=32
  Has inactive space: Yes
  Inactive Orbitals: α=6, β=6
  Virtual Orbitals: α=86, β=86

[2026-01-21 06:27:30.861838] [info] [sample_sci_workflow] Hamiltonian Summary:
  Type: Hermitian
  Restrictedness: Restricted
  Active Orbitals: 32
  Total Orbitals: 124
  Core Energy: -78.807718
  Integral Statistics:
    One-body Integrals (alpha): 1024 (larger than 0.000001: 1010)
    Two-body Integrals (aaaa): 1048576 (larger than 0.000001: 674132)

[2026-01-21 06:27:30.884] [asci_grow] [info] [ASCI Grow Settings]:
[2026-01-21 06:27:30.884] [asci_grow] [info]   NTDETS_MAX = 100000, NCDETS_MAX =    100, GROW_FACTOR = 8
[2026-01-21 06:27:30.884] [asci_grow] [info] iter =    0, E0 =  -1.530428271720e+02, dE =   0.000000e+00, WFN_SIZE = 1
[2026-01-21 06:27:30.884] [asci_search] [info] [ASCI Search Settings]:
[2026-01-21 06:27:30.884] [asci_search] [info]   NCDETS =      1, NDETS_MAX =       100, H_EL_TOL = 1.000000e-08, RV_TOL = 1.000000e-08
[2026-01-21 06:27:30.884] [asci_search] [info]   MAX_RV_SIZE = 500000000, JUST_SINGLES = false
[2026-01-21 06:27:30.884] [asci_search] [info]   CDET_SUM = 1.00e+00
[2026-01-21 06:27:30.884] [asci_search] [info]   * Will Generate up to Quintuplets
[2026-01-21 06:27:30.918] [asci_search] [info]   * GEN_DUR = 3.43e+01 ms
[2026-01-21 06:27:31.067] [asci_search] [info]   * ASCI Kept 93071 Pairs
[2026-01-21 06:27:31.067] [asci_search] [info]   * Pairs Mem = 2.77e-03 GiB
[2026-01-21 06:27:31.071] [asci_search] [info]   * ASCI will search over 93071 unique determinants
[2026-01-21 06:27:31.071] [asci_search] [info]   * PAIR_DUR = 1.83e-01 s, SORT_ACC_DUR = 3.84e-03 s
[2026-01-21 06:27:31.071] [asci_search] [info]   * KEEP_LARG_DUR = 1.57e-04 s
[2026-01-21 06:27:31.074] [asci_search] [info]   * Kth Score Pivot = 9.4322492190851408e-03
[2026-01-21 06:27:31.074] [asci_search] [info]   * ASCI_SORT_DUR = 1.86e-03 s
[2026-01-21 06:27:31.075] [asci_search] [warning]   * ASCI Search requested 100 determinants, but will return 101.
[2026-01-21 06:27:31.075] [asci_search] [warning]     This is due to the presence of multiple determinants with the     same predicted weight at the cutoff size. By policy, equivalent     determinants are retained.
[2026-01-21 06:27:31.075] [asci_search] [info]   * New Dets Mem = 1.51e-06 GiB
[2026-01-21 06:27:31.075] [asci_search] [info]   * ASCI_SEARCH DUR = 1.91e-01 s
[2026-01-21 06:27:31.075] [ci_solver] [info] [Selected CI Solver]:
[2026-01-21 06:27:31.075] [ci_solver] [info]   NDETS =    101, MATEL_TOL = 2.22045e-16, RES_TOL = 1.00000e-06, MAX_SUB =  200
[2026-01-21 06:27:31.138] [ci_solver] [info]   NNZ   =   2727, H_DUR     = 6.33443e+01 ms
[2026-01-21 06:27:31.138] [ci_solver] [info]   HMEM_LOC = 4.14e-05 GiB
[2026-01-21 06:27:31.138] [ci_solver] [info]   H_SPARSE = 2.67e+01%
[2026-01-21 06:27:31.138] [ci_solver] [info]   * Will generate identity guess
[2026-01-21 06:27:31.138] [davidson] [info] [Davidson Eigensolver]:
[2026-01-21 06:27:31.138] [davidson] [info]   N =    101, MAX_M =  101, RES_TOL = 1.00000e-06
[2026-01-21 06:27:31.139] [davidson] [info] iter =    1, LAM(0) =  -1.530735964380e+02, RNORM =   6.928838945516e-02
[2026-01-21 06:27:31.139] [davidson] [info] iter =    2, LAM(0) =  -1.530790455579e+02, RNORM =   7.475845986166e-03
[2026-01-21 06:27:31.139] [davidson] [info] iter =    3, LAM(0) =  -1.530791070499e+02, RNORM =   1.873416279788e-03
[2026-01-21 06:27:31.139] [davidson] [info] iter =    4, LAM(0) =  -1.530791123097e+02, RNORM =   6.521129491249e-04
[2026-01-21 06:27:31.139] [davidson] [info] iter =    5, LAM(0) =  -1.530791128450e+02, RNORM =   8.469845069403e-05
[2026-01-21 06:27:31.150] [davidson] [info] iter =    6, LAM(0) =  -1.530791128525e+02, RNORM =   1.111230144646e-05
[2026-01-21 06:27:31.162] [davidson] [info] iter =    7, LAM(0) =  -1.530791128527e+02, RNORM =   2.591603187196e-06
[2026-01-21 06:27:31.188] [davidson] [info] iter =    8, LAM(0) =  -1.530791128527e+02, RNORM =   6.937094573148e-07
[2026-01-21 06:27:31.188] [davidson] [info] Davidson Converged!
[2026-01-21 06:27:31.188] [ci_solver] [info]   DAV_NITER =    8, E0 = -1.530791e+02 Eh, DAVIDSON_DUR = 4.95764e+01 ms
[2026-01-21 06:27:31.188] [asci_grow] [info] iter =    1, E0 =  -1.530791128527e+02, dE =  -3.628568e-02, WFN_SIZE = 101
[2026-01-21 06:27:31.188] [asci_search] [info] [ASCI Search Settings]:
[2026-01-21 06:27:31.188] [asci_search] [info]   NCDETS =    100, NDETS_MAX =       808, H_EL_TOL = 1.000000e-08, RV_TOL = 1.000000e-08
[2026-01-21 06:27:31.188] [asci_search] [info]   MAX_RV_SIZE = 500000000, JUST_SINGLES = false
[2026-01-21 06:27:31.188] [asci_search] [info]   CDET_SUM = 1.00e+00
[2026-01-21 06:27:31.188] [asci_search] [info]   * Will Generate up to Quintuplets
[2026-01-21 06:27:31.201] [asci_search] [info]   * GEN_DUR = 1.20e+01 ms
[2026-01-21 06:27:32.916] [asci_search] [info]   * ASCI Kept 4275585 Pairs
[2026-01-21 06:27:32.916] [asci_search] [info]   * Pairs Mem = 1.27e-01 GiB
[2026-01-21 06:27:33.191] [asci_search] [info]   * ASCI will search over 4275585 unique determinants
[2026-01-21 06:27:33.191] [asci_search] [info]   * PAIR_DUR = 1.73e+00 s, SORT_ACC_DUR = 2.75e-01 s
[2026-01-21 06:27:33.205] [asci_search] [info]   * KEEP_LARG_DUR = 1.36e-02 s
[2026-01-21 06:27:33.293] [asci_search] [info]   * Kth Score Pivot = 3.7392005578968934e-03
[2026-01-21 06:27:33.323] [asci_search] [info]   * ASCI_SORT_DUR = 1.18e-01 s
[2026-01-21 06:27:33.323] [asci_search] [info]   * New Dets Mem = 1.20e-05 GiB
[2026-01-21 06:27:33.323] [asci_search] [info]   * ASCI_SEARCH DUR = 2.14e+00 s
[2026-01-21 06:27:33.323] [ci_solver] [info] [Selected CI Solver]:
[2026-01-21 06:27:33.324] [ci_solver] [info]   NDETS =    808, MATEL_TOL = 2.22045e-16, RES_TOL = 1.00000e-06, MAX_SUB =  200
[2026-01-21 06:27:33.440] [ci_solver] [info]   NNZ   =  47268, H_DUR     = 1.15902e+02 ms
[2026-01-21 06:27:33.440] [ci_solver] [info]   HMEM_LOC = 7.10e-04 GiB
[2026-01-21 06:27:33.440] [ci_solver] [info]   H_SPARSE = 7.24e+00%
[2026-01-21 06:27:33.440] [ci_solver] [info]   * Will generate identity guess
[2026-01-21 06:27:33.440] [davidson] [info] [Davidson Eigensolver]:
[2026-01-21 06:27:33.441] [davidson] [info]   N =    808, MAX_M =  200, RES_TOL = 1.00000e-06
[2026-01-21 06:27:33.486] [davidson] [info] iter =    1, LAM(0) =  -1.530917657588e+02, RNORM =   1.026421714918e-01
[2026-01-21 06:27:33.509] [davidson] [info] iter =    2, LAM(0) =  -1.531021244295e+02, RNORM =   2.427804621920e-02
[2026-01-21 06:27:33.531] [davidson] [info] iter =    3, LAM(0) =  -1.531026017823e+02, RNORM =   4.811232238070e-03
[2026-01-21 06:27:33.554] [davidson] [info] iter =    4, LAM(0) =  -1.531026230560e+02, RNORM =   1.206390569439e-03
[2026-01-21 06:27:33.581] [davidson] [info] iter =    5, LAM(0) =  -1.531026248165e+02, RNORM =   3.880166820463e-04
[2026-01-21 06:27:33.599] [davidson] [info] iter =    6, LAM(0) =  -1.531026249729e+02, RNORM =   7.332861071583e-05
[2026-01-21 06:27:33.621] [davidson] [info] iter =    7, LAM(0) =  -1.531026249772e+02, RNORM =   9.142770717132e-06
[2026-01-21 06:27:33.654] [davidson] [info] iter =    8, LAM(0) =  -1.531026249773e+02, RNORM =   2.282021800221e-06
[2026-01-21 06:27:33.678] [davidson] [info] iter =    9, LAM(0) =  -1.531026249773e+02, RNORM =   5.180752879746e-07
[2026-01-21 06:27:33.678] [davidson] [info] Davidson Converged!
[2026-01-21 06:27:33.678] [ci_solver] [info]   DAV_NITER =    9, E0 = -1.531026e+02 Eh, DAVIDSON_DUR = 2.37747e+02 ms
[2026-01-21 06:27:33.678] [asci_grow] [info] iter =    2, E0 =  -1.531026249773e+02, dE =  -2.351212e-02, WFN_SIZE = 808
[2026-01-21 06:27:33.679] [asci_search] [info] [ASCI Search Settings]:
[2026-01-21 06:27:33.679] [asci_search] [info]   NCDETS =    100, NDETS_MAX =      6464, H_EL_TOL = 1.000000e-08, RV_TOL = 1.000000e-08
[2026-01-21 06:27:33.679] [asci_search] [info]   MAX_RV_SIZE = 500000000, JUST_SINGLES = false
[2026-01-21 06:27:33.680] [asci_search] [info]   CDET_SUM = 9.84e-01
[2026-01-21 06:27:33.681] [asci_search] [info]   * Will Generate up to Quintuplets
[2026-01-21 06:27:33.705] [asci_search] [info]   * GEN_DUR = 2.40e+01 ms
[2026-01-21 06:27:35.401] [asci_search] [info]   * ASCI Kept 4186262 Pairs
[2026-01-21 06:27:35.401] [asci_search] [info]   * Pairs Mem = 1.25e-01 GiB
[2026-01-21 06:27:35.671] [asci_search] [info]   * ASCI will search over 4186262 unique determinants
[2026-01-21 06:27:35.671] [asci_search] [info]   * PAIR_DUR = 1.72e+00 s, SORT_ACC_DUR = 2.70e-01 s
[2026-01-21 06:27:35.684] [asci_search] [info]   * KEEP_LARG_DUR = 1.32e-02 s
[2026-01-21 06:27:35.756] [asci_search] [info]   * Kth Score Pivot = 1.4267973358716220e-03
[2026-01-21 06:27:35.785] [asci_search] [info]   * ASCI_SORT_DUR = 1.01e-01 s
[2026-01-21 06:27:35.786] [asci_search] [info]   * New Dets Mem = 9.63e-05 GiB
[2026-01-21 06:27:35.787] [asci_search] [info]   * ASCI_SEARCH DUR = 2.11e+00 s
[2026-01-21 06:27:35.787] [ci_solver] [info] [Selected CI Solver]:
[2026-01-21 06:27:35.788] [ci_solver] [info]   NDETS =   6464, MATEL_TOL = 2.22045e-16, RES_TOL = 1.00000e-06, MAX_SUB =  200
[2026-01-21 06:27:35.970] [ci_solver] [info]   NNZ   = 1185602, H_DUR     = 1.81968e+02 ms
[2026-01-21 06:27:35.970] [ci_solver] [info]   HMEM_LOC = 1.77e-02 GiB
[2026-01-21 06:27:35.970] [ci_solver] [info]   H_SPARSE = 2.84e+00%
[2026-01-21 06:27:35.971] [ci_solver] [info]   * Will generate identity guess
[2026-01-21 06:27:35.972] [davidson] [info] [Davidson Eigensolver]:
[2026-01-21 06:27:35.972] [davidson] [info]   N =   6464, MAX_M =  200, RES_TOL = 1.00000e-06
[2026-01-21 06:27:36.015] [davidson] [info] iter =    1, LAM(0) =  -1.531264686798e+02, RNORM =   1.129928104694e-01
[2026-01-21 06:27:36.038] [davidson] [info] iter =    2, LAM(0) =  -1.531380953489e+02, RNORM =   2.750259436900e-02
[2026-01-21 06:27:36.073] [davidson] [info] iter =    3, LAM(0) =  -1.531386921737e+02, RNORM =   6.347635714780e-03
[2026-01-21 06:27:36.096] [davidson] [info] iter =    4, LAM(0) =  -1.531387223282e+02, RNORM =   1.407954370976e-03
[2026-01-21 06:27:36.119] [davidson] [info] iter =    5, LAM(0) =  -1.531387241943e+02, RNORM =   4.174567724505e-04
[2026-01-21 06:27:36.143] [davidson] [info] iter =    6, LAM(0) =  -1.531387243824e+02, RNORM =   1.369580764415e-04
[2026-01-21 06:27:36.166] [davidson] [info] iter =    7, LAM(0) =  -1.531387243975e+02, RNORM =   2.849221465891e-05
[2026-01-21 06:27:36.190] [davidson] [info] iter =    8, LAM(0) =  -1.531387243981e+02, RNORM =   5.330156114882e-06
[2026-01-21 06:27:36.218] [davidson] [info] iter =    9, LAM(0) =  -1.531387243981e+02, RNORM =   1.084600483886e-06
[2026-01-21 06:27:36.253] [davidson] [info] iter =   10, LAM(0) =  -1.531387243981e+02, RNORM =   2.576385943045e-07
[2026-01-21 06:27:36.253] [davidson] [info] Davidson Converged!
[2026-01-21 06:27:36.253] [ci_solver] [info]   DAV_NITER =   10, E0 = -1.531387e+02 Eh, DAVIDSON_DUR = 2.81317e+02 ms
[2026-01-21 06:27:36.253] [asci_grow] [info] iter =    3, E0 =  -1.531387243981e+02, dE =  -3.609942e-02, WFN_SIZE = 6464
[2026-01-21 06:27:36.255] [asci_search] [info] [ASCI Search Settings]:
[2026-01-21 06:27:36.255] [asci_search] [info]   NCDETS =    100, NDETS_MAX =     51712, H_EL_TOL = 1.000000e-08, RV_TOL = 1.000000e-08
[2026-01-21 06:27:36.255] [asci_search] [info]   MAX_RV_SIZE = 500000000, JUST_SINGLES = false
[2026-01-21 06:27:36.255] [asci_search] [info]   CDET_SUM = 9.63e-01
[2026-01-21 06:27:36.256] [asci_search] [info]   * Will Generate up to Quintuplets
[2026-01-21 06:27:36.290] [asci_search] [info]   * GEN_DUR = 3.31e+01 ms
[2026-01-21 06:27:38.153] [asci_search] [info]   * ASCI Kept 4140534 Pairs
[2026-01-21 06:27:38.153] [asci_search] [info]   * Pairs Mem = 1.23e-01 GiB
[2026-01-21 06:27:38.420] [asci_search] [info]   * ASCI will search over 4140534 unique determinants
[2026-01-21 06:27:38.421] [asci_search] [info]   * PAIR_DUR = 1.90e+00 s, SORT_ACC_DUR = 2.67e-01 s
[2026-01-21 06:27:38.434] [asci_search] [info]   * KEEP_LARG_DUR = 1.33e-02 s
[2026-01-21 06:27:38.483] [asci_search] [info]   * Kth Score Pivot = 1.2719047073133735e-04
[2026-01-21 06:27:38.513] [asci_search] [info]   * ASCI_SORT_DUR = 7.88e-02 s
[2026-01-21 06:27:38.513] [asci_search] [info]   * New Dets Mem = 7.71e-04 GiB
[2026-01-21 06:27:38.514] [asci_search] [info]   * ASCI_SEARCH DUR = 2.26e+00 s
[2026-01-21 06:27:38.518] [ci_solver] [info] [Selected CI Solver]:
[2026-01-21 06:27:38.518] [ci_solver] [info]   NDETS =  51712, MATEL_TOL = 2.22045e-16, RES_TOL = 1.00000e-06, MAX_SUB =  200
[2026-01-21 06:27:41.831] [ci_solver] [info]   NNZ   = 35285472, H_DUR     = 3.31227e+03 ms
[2026-01-21 06:27:41.831] [ci_solver] [info]   HMEM_LOC = 5.26e-01 GiB
[2026-01-21 06:27:41.831] [ci_solver] [info]   H_SPARSE = 1.32e+00%
[2026-01-21 06:27:41.866] [ci_solver] [info]   * Will generate identity guess
[2026-01-21 06:27:41.897] [davidson] [info] [Davidson Eigensolver]:
[2026-01-21 06:27:41.897] [davidson] [info]   N =  51712, MAX_M =  200, RES_TOL = 1.00000e-06
[2026-01-21 06:27:41.972] [davidson] [info] iter =    1, LAM(0) =  -1.531453220546e+02, RNORM =   1.256723547939e-01
[2026-01-21 06:27:41.998] [davidson] [info] iter =    2, LAM(0) =  -1.531597701794e+02, RNORM =   3.870552616478e-02
[2026-01-21 06:27:42.023] [davidson] [info] iter =    3, LAM(0) =  -1.531607812987e+02, RNORM =   1.042656662177e-02
[2026-01-21 06:27:42.056] [davidson] [info] iter =    4, LAM(0) =  -1.531608629898e+02, RNORM =   3.847362080632e-03
[2026-01-21 06:27:42.100] [davidson] [info] iter =    5, LAM(0) =  -1.531608738789e+02, RNORM =   1.247932586534e-03
[2026-01-21 06:27:42.132] [davidson] [info] iter =    6, LAM(0) =  -1.531608753360e+02, RNORM =   4.447120949548e-04
[2026-01-21 06:27:42.169] [davidson] [info] iter =    7, LAM(0) =  -1.531608755025e+02, RNORM =   1.268254330978e-04
[2026-01-21 06:27:42.210] [davidson] [info] iter =    8, LAM(0) =  -1.531608755136e+02, RNORM =   2.780426385661e-05
[2026-01-21 06:27:42.250] [davidson] [info] iter =    9, LAM(0) =  -1.531608755142e+02, RNORM =   6.355982950067e-06
[2026-01-21 06:27:42.294] [davidson] [info] iter =   10, LAM(0) =  -1.531608755142e+02, RNORM =   1.412453909538e-06
[2026-01-21 06:27:42.339] [davidson] [info] iter =   11, LAM(0) =  -1.531608755142e+02, RNORM =   3.211691824994e-07
[2026-01-21 06:27:42.339] [davidson] [info] Davidson Converged!
[2026-01-21 06:27:42.339] [ci_solver] [info]   DAV_NITER =   11, E0 = -1.531609e+02 Eh, DAVIDSON_DUR = 4.42875e+02 ms
[2026-01-21 06:27:42.340] [asci_grow] [info] iter =    4, E0 =  -1.531608755142e+02, dE =  -2.215112e-02, WFN_SIZE = 51712
[2026-01-21 06:27:42.350] [asci_search] [info] [ASCI Search Settings]:
[2026-01-21 06:27:42.350] [asci_search] [info]   NCDETS =    100, NDETS_MAX =    100000, H_EL_TOL = 1.000000e-08, RV_TOL = 1.000000e-08
[2026-01-21 06:27:42.350] [asci_search] [info]   MAX_RV_SIZE = 500000000, JUST_SINGLES = false
[2026-01-21 06:27:42.350] [asci_search] [info]   CDET_SUM = 9.51e-01
[2026-01-21 06:27:42.351] [asci_search] [info]   * Will Generate up to Quintuplets
[2026-01-21 06:27:42.396] [asci_search] [info]   * GEN_DUR = 4.43e+01 ms
[2026-01-21 06:27:44.121] [asci_search] [info]   * ASCI Kept 4113903 Pairs
[2026-01-21 06:27:44.121] [asci_search] [info]   * Pairs Mem = 1.23e-01 GiB
[2026-01-21 06:27:44.401] [asci_search] [info]   * ASCI will search over 4113903 unique determinants
[2026-01-21 06:27:44.402] [asci_search] [info]   * PAIR_DUR = 1.77e+00 s, SORT_ACC_DUR = 2.80e-01 s
[2026-01-21 06:27:44.415] [asci_search] [info]   * KEEP_LARG_DUR = 1.33e-02 s
[2026-01-21 06:27:44.488] [asci_search] [info]   * Kth Score Pivot = 5.9501899747671325e-05
[2026-01-21 06:27:44.517] [asci_search] [info]   * ASCI_SORT_DUR = 1.02e-01 s
[2026-01-21 06:27:44.518] [asci_search] [info]   * New Dets Mem = 1.49e-03 GiB
[2026-01-21 06:27:44.518] [asci_search] [info]   * ASCI_SEARCH DUR = 2.17e+00 s
[2026-01-21 06:27:44.527] [ci_solver] [info] [Selected CI Solver]:
[2026-01-21 06:27:44.527] [ci_solver] [info]   NDETS = 100000, MATEL_TOL = 2.22045e-16, RES_TOL = 1.00000e-06, MAX_SUB =  200
[2026-01-21 06:27:49.554] [ci_solver] [info]   NNZ   = 60259596, H_DUR     = 5.02704e+03 ms
[2026-01-21 06:27:49.554] [ci_solver] [info]   HMEM_LOC = 8.99e-01 GiB
[2026-01-21 06:27:49.554] [ci_solver] [info]   H_SPARSE = 6.03e-01%
[2026-01-21 06:27:49.605] [ci_solver] [info]   * Will generate identity guess
[2026-01-21 06:27:49.651] [davidson] [info] [Davidson Eigensolver]:
[2026-01-21 06:27:49.651] [davidson] [info]   N = 100000, MAX_M =  200, RES_TOL = 1.00000e-06
[2026-01-21 06:27:49.763] [davidson] [info] iter =    1, LAM(0) =  -1.531453796288e+02, RNORM =   1.308964989501e-01
[2026-01-21 06:27:49.803] [davidson] [info] iter =    2, LAM(0) =  -1.531610475442e+02, RNORM =   4.361035706521e-02
[2026-01-21 06:27:49.843] [davidson] [info] iter =    3, LAM(0) =  -1.531622933378e+02, RNORM =   1.237518725843e-02
[2026-01-21 06:27:49.886] [davidson] [info] iter =    4, LAM(0) =  -1.531624067071e+02, RNORM =   4.997178629499e-03
[2026-01-21 06:27:49.947] [davidson] [info] iter =    5, LAM(0) =  -1.531624235739e+02, RNORM =   1.796124872720e-03
[2026-01-21 06:27:49.992] [davidson] [info] iter =    6, LAM(0) =  -1.531624264589e+02, RNORM =   7.000386418886e-04
[2026-01-21 06:27:50.042] [davidson] [info] iter =    7, LAM(0) =  -1.531624268418e+02, RNORM =   2.251662275827e-04
[2026-01-21 06:27:50.097] [davidson] [info] iter =    8, LAM(0) =  -1.531624268758e+02, RNORM =   5.676173933246e-05
[2026-01-21 06:27:50.161] [davidson] [info] iter =    9, LAM(0) =  -1.531624268780e+02, RNORM =   1.473256877280e-05
[2026-01-21 06:27:50.220] [davidson] [info] iter =   10, LAM(0) =  -1.531624268781e+02, RNORM =   3.705428178453e-06
[2026-01-21 06:27:50.276] [davidson] [info] iter =   11, LAM(0) =  -1.531624268781e+02, RNORM =   9.213378066186e-07
[2026-01-21 06:27:50.276] [davidson] [info] Davidson Converged!
[2026-01-21 06:27:50.276] [ci_solver] [info]   DAV_NITER =   11, E0 = -1.531624e+02 Eh, DAVIDSON_DUR = 6.25431e+02 ms
[2026-01-21 06:27:50.278] [asci_grow] [info] iter =    5, E0 =  -1.531624268781e+02, dE =  -1.551364e-03, WFN_SIZE = 100000
[2026-01-21 06:27:50.278] [asci_grow] [info] * GROW_DUR = 1.94e+04 ms
[2026-01-21 06:27:50.279] [asci_refine] [info] [ASCI Refine Settings]:
[2026-01-21 06:27:50.280] [asci_refine] [info]   NTDETS = 100000, NCDETS =    100, MAX_REFINE_ITER =    6, REFINE_TOL = 1.00e-06
[2026-01-21 06:27:50.280] [asci_refine] [info] iter =    0, E0 =  -1.531624268781e+02, dE =   0.000000e+00
[2026-01-21 06:27:50.289] [asci_search] [info] [ASCI Search Settings]:
[2026-01-21 06:27:50.289] [asci_search] [info]   NCDETS =    100, NDETS_MAX =    100000, H_EL_TOL = 1.000000e-08, RV_TOL = 1.000000e-08
[2026-01-21 06:27:50.289] [asci_search] [info]   MAX_RV_SIZE = 500000000, JUST_SINGLES = false
[2026-01-21 06:27:50.290] [asci_search] [info]   CDET_SUM = 9.50e-01
[2026-01-21 06:27:50.290] [asci_search] [info]   * Will Generate up to Quintuplets
[2026-01-21 06:27:50.336] [asci_search] [info]   * GEN_DUR = 4.58e+01 ms
[2026-01-21 06:27:51.609] [asci_search] [info]   * ASCI Kept 4121478 Pairs
[2026-01-21 06:27:51.609] [asci_search] [info]   * Pairs Mem = 1.23e-01 GiB
[2026-01-21 06:27:51.837] [asci_search] [info]   * ASCI will search over 4121478 unique determinants
[2026-01-21 06:27:51.837] [asci_search] [info]   * PAIR_DUR = 1.32e+00 s, SORT_ACC_DUR = 2.29e-01 s
[2026-01-21 06:27:51.846] [asci_search] [info]   * KEEP_LARG_DUR = 8.30e-03 s
[2026-01-21 06:27:51.918] [asci_search] [info]   * Kth Score Pivot = 6.1057069862172439e-05
[2026-01-21 06:27:51.936] [asci_search] [info]   * ASCI_SORT_DUR = 8.96e-02 s
[2026-01-21 06:27:51.936] [asci_search] [info]   * New Dets Mem = 1.49e-03 GiB
[2026-01-21 06:27:51.937] [asci_search] [info]   * ASCI_SEARCH DUR = 1.65e+00 s
[2026-01-21 06:27:51.946] [ci_solver] [info] [Selected CI Solver]:
[2026-01-21 06:27:51.946] [ci_solver] [info]   NDETS = 100000, MATEL_TOL = 2.22045e-16, RES_TOL = 1.00000e-06, MAX_SUB =  200
[2026-01-21 06:27:57.045] [ci_solver] [info]   NNZ   = 60230648, H_DUR     = 5.09953e+03 ms
[2026-01-21 06:27:57.045] [ci_solver] [info]   HMEM_LOC = 8.98e-01 GiB
[2026-01-21 06:27:57.045] [ci_solver] [info]   H_SPARSE = 6.02e-01%
[2026-01-21 06:27:57.096] [ci_solver] [info]   * Will generate identity guess
[2026-01-21 06:27:57.159] [davidson] [info] [Davidson Eigensolver]:
[2026-01-21 06:27:57.160] [davidson] [info]   N = 100000, MAX_M =  200, RES_TOL = 1.00000e-06
[2026-01-21 06:27:57.231] [davidson] [info] iter =    1, LAM(0) =  -1.531453806360e+02, RNORM =   1.308609996072e-01
[2026-01-21 06:27:57.263] [davidson] [info] iter =    2, LAM(0) =  -1.531610460548e+02, RNORM =   4.363211339619e-02
[2026-01-21 06:27:57.313] [davidson] [info] iter =    3, LAM(0) =  -1.531622936986e+02, RNORM =   1.239597257783e-02
[2026-01-21 06:27:57.357] [davidson] [info] iter =    4, LAM(0) =  -1.531624076508e+02, RNORM =   5.017680330362e-03
[2026-01-21 06:27:57.405] [davidson] [info] iter =    5, LAM(0) =  -1.531624246562e+02, RNORM =   1.805441409462e-03
[2026-01-21 06:27:57.450] [davidson] [info] iter =    6, LAM(0) =  -1.531624275721e+02, RNORM =   7.007960949282e-04
[2026-01-21 06:27:57.509] [davidson] [info] iter =    7, LAM(0) =  -1.531624279565e+02, RNORM =   2.252062113138e-04
[2026-01-21 06:27:57.555] [davidson] [info] iter =    8, LAM(0) =  -1.531624279906e+02, RNORM =   5.685300105555e-05
[2026-01-21 06:27:57.623] [davidson] [info] iter =    9, LAM(0) =  -1.531624279928e+02, RNORM =   1.470383524066e-05
[2026-01-21 06:27:57.682] [davidson] [info] iter =   10, LAM(0) =  -1.531624279929e+02, RNORM =   3.691973555966e-06
[2026-01-21 06:27:57.744] [davidson] [info] iter =   11, LAM(0) =  -1.531624279929e+02, RNORM =   9.152702097198e-07
[2026-01-21 06:27:57.744] [davidson] [info] Davidson Converged!
[2026-01-21 06:27:57.744] [ci_solver] [info]   DAV_NITER =   11, E0 = -1.531624e+02 Eh, DAVIDSON_DUR = 5.84332e+02 ms
[2026-01-21 06:27:57.746] [asci_refine] [info] iter =    1, E0 =  -1.531624279929e+02, dE =  -1.114771e-06
[2026-01-21 06:27:57.756] [asci_search] [info] [ASCI Search Settings]:
[2026-01-21 06:27:57.756] [asci_search] [info]   NCDETS =    100, NDETS_MAX =    100000, H_EL_TOL = 1.000000e-08, RV_TOL = 1.000000e-08
[2026-01-21 06:27:57.756] [asci_search] [info]   MAX_RV_SIZE = 500000000, JUST_SINGLES = false
[2026-01-21 06:27:57.756] [asci_search] [info]   CDET_SUM = 9.50e-01
[2026-01-21 06:27:57.757] [asci_search] [info]   * Will Generate up to Quintuplets
[2026-01-21 06:27:57.803] [asci_search] [info]   * GEN_DUR = 4.64e+01 ms
[2026-01-21 06:27:59.114] [asci_search] [info]   * ASCI Kept 4121310 Pairs
[2026-01-21 06:27:59.114] [asci_search] [info]   * Pairs Mem = 1.23e-01 GiB
[2026-01-21 06:27:59.378] [asci_search] [info]   * ASCI will search over 4121310 unique determinants
[2026-01-21 06:27:59.378] [asci_search] [info]   * PAIR_DUR = 1.36e+00 s, SORT_ACC_DUR = 2.64e-01 s
[2026-01-21 06:27:59.391] [asci_search] [info]   * KEEP_LARG_DUR = 1.32e-02 s
[2026-01-21 06:27:59.467] [asci_search] [info]   * Kth Score Pivot = 6.1064796382334939e-05
[2026-01-21 06:27:59.496] [asci_search] [info]   * ASCI_SORT_DUR = 1.05e-01 s
[2026-01-21 06:27:59.497] [asci_search] [info]   * New Dets Mem = 1.49e-03 GiB
[2026-01-21 06:27:59.498] [asci_search] [info]   * ASCI_SEARCH DUR = 1.74e+00 s
[2026-01-21 06:27:59.506] [ci_solver] [info] [Selected CI Solver]:
[2026-01-21 06:27:59.506] [ci_solver] [info]   NDETS = 100000, MATEL_TOL = 2.22045e-16, RES_TOL = 1.00000e-06, MAX_SUB =  200
[2026-01-21 06:28:04.529] [ci_solver] [info]   NNZ   = 60235472, H_DUR     = 5.02216e+03 ms
[2026-01-21 06:28:04.529] [ci_solver] [info]   HMEM_LOC = 8.98e-01 GiB
[2026-01-21 06:28:04.529] [ci_solver] [info]   H_SPARSE = 6.02e-01%
[2026-01-21 06:28:04.580] [ci_solver] [info]   * Will generate identity guess
[2026-01-21 06:28:04.626] [davidson] [info] [Davidson Eigensolver]:
[2026-01-21 06:28:04.626] [davidson] [info]   N = 100000, MAX_M =  200, RES_TOL = 1.00000e-06
[2026-01-21 06:28:04.719] [davidson] [info] iter =    1, LAM(0) =  -1.531453806360e+02, RNORM =   1.308602124553e-01
[2026-01-21 06:28:04.757] [davidson] [info] iter =    2, LAM(0) =  -1.531610459904e+02, RNORM =   4.363300133507e-02
[2026-01-21 06:28:04.805] [davidson] [info] iter =    3, LAM(0) =  -1.531622937089e+02, RNORM =   1.239776408266e-02
[2026-01-21 06:28:04.857] [davidson] [info] iter =    4, LAM(0) =  -1.531624077093e+02, RNORM =   5.019205872675e-03
[2026-01-21 06:28:04.909] [davidson] [info] iter =    5, LAM(0) =  -1.531624247280e+02, RNORM =   1.806244254563e-03
[2026-01-21 06:28:04.966] [davidson] [info] iter =    6, LAM(0) =  -1.531624276465e+02, RNORM =   7.010104189407e-04
[2026-01-21 06:28:05.023] [davidson] [info] iter =    7, LAM(0) =  -1.531624280310e+02, RNORM =   2.252253345236e-04
[2026-01-21 06:28:05.083] [davidson] [info] iter =    8, LAM(0) =  -1.531624280651e+02, RNORM =   5.685879191337e-05
[2026-01-21 06:28:05.146] [davidson] [info] iter =    9, LAM(0) =  -1.531624280673e+02, RNORM =   1.470535132334e-05
[2026-01-21 06:28:05.207] [davidson] [info] iter =   10, LAM(0) =  -1.531624280674e+02, RNORM =   3.693042892602e-06
[2026-01-21 06:28:05.270] [davidson] [info] iter =   11, LAM(0) =  -1.531624280674e+02, RNORM =   9.160254309750e-07
[2026-01-21 06:28:05.270] [davidson] [info] Davidson Converged!
[2026-01-21 06:28:05.270] [ci_solver] [info]   DAV_NITER =   11, E0 = -1.531624e+02 Eh, DAVIDSON_DUR = 6.43959e+02 ms
[2026-01-21 06:28:05.271] [asci_refine] [info] iter =    2, E0 =  -1.531624280674e+02, dE =  -7.453147e-08
[2026-01-21 06:28:05.271] [asci_refine] [info] ASCI Refine Converged!
[2026-01-21 06:28:24.280660] [info] [sample_sci_workflow] CASCI energy = -231.97014617 Hartree
[2026-01-21 06:28:24.280991] [info] [qdk:chemistry:algorithms:microsoft:active_space:autocas_active_space] AutoCAS::Starting active space selection.
[2026-01-21 06:28:24.286160] [info] [qdk:chemistry:algorithms:active_space] Max entropy: 0.262604
[2026-01-21 06:28:24.286204] [info] [qdk:chemistry:algorithms:active_space] Normalized orbital entropies:
[2026-01-21 06:28:24.286212] [info] [qdk:chemistry:algorithms:active_space]   Orbital index   Normalized Entropy   Raw Entropy
[2026-01-21 06:28:24.286221] [info] [qdk:chemistry:algorithms:active_space]              22             1.000000      0.262604
[2026-01-21 06:28:24.286228] [info] [qdk:chemistry:algorithms:active_space]              21             0.936994      0.246058
[2026-01-21 06:28:24.286233] [info] [qdk:chemistry:algorithms:active_space]              20             0.662298      0.173922
[2026-01-21 06:28:24.286239] [info] [qdk:chemistry:algorithms:active_space]              29             0.381506      0.100185
[2026-01-21 06:28:24.286244] [info] [qdk:chemistry:algorithms:active_space]              31             0.319617      0.083933
[2026-01-21 06:28:24.286249] [info] [qdk:chemistry:algorithms:active_space]              27             0.253385      0.066540
[2026-01-21 06:28:24.286254] [info] [qdk:chemistry:algorithms:active_space]              24             0.227706      0.059796
[2026-01-21 06:28:24.286259] [info] [qdk:chemistry:algorithms:active_space]              17             0.220619      0.057935
[2026-01-21 06:28:24.286264] [info] [qdk:chemistry:algorithms:active_space]              34             0.219200      0.057563
[2026-01-21 06:28:24.286269] [info] [qdk:chemistry:algorithms:active_space]              33             0.209156      0.054925
[2026-01-21 06:28:24.286274] [info] [qdk:chemistry:algorithms:active_space]              18             0.194639      0.051113
[2026-01-21 06:28:24.286289] [info] [qdk:chemistry:algorithms:active_space]              13             0.190101      0.049921
[2026-01-21 06:28:24.286294] [info] [qdk:chemistry:algorithms:active_space]              14             0.187987      0.049366
[2026-01-21 06:28:24.286299] [info] [qdk:chemistry:algorithms:active_space]              19             0.185699      0.048765
[2026-01-21 06:28:24.286304] [info] [qdk:chemistry:algorithms:active_space]              16             0.184149      0.048358
[2026-01-21 06:28:24.286309] [info] [qdk:chemistry:algorithms:active_space]              32             0.180697      0.047452
[2026-01-21 06:28:24.286314] [info] [qdk:chemistry:algorithms:active_space]              12             0.176195      0.046270
[2026-01-21 06:28:24.286320] [info] [qdk:chemistry:algorithms:active_space]              15             0.162938      0.042788
[2026-01-21 06:28:24.286327] [info] [qdk:chemistry:algorithms:active_space]              35             0.160549      0.042161
[2026-01-21 06:28:24.287375] [info] [qdk:chemistry:algorithms:active_space]              11             0.160124      0.042049
[2026-01-21 06:28:24.287380] [info] [qdk:chemistry:algorithms:active_space]              10             0.148973      0.039121
[2026-01-21 06:28:24.287386] [info] [qdk:chemistry:algorithms:active_space]              23             0.134781      0.035394
[2026-01-21 06:28:24.287391] [info] [qdk:chemistry:algorithms:active_space]              36             0.132149      0.034703
[2026-01-21 06:28:24.287396] [info] [qdk:chemistry:algorithms:active_space]              25             0.127203      0.033404
[2026-01-21 06:28:24.287401] [info] [qdk:chemistry:algorithms:active_space]              28             0.126038      0.033098
[2026-01-21 06:28:24.287406] [info] [qdk:chemistry:algorithms:active_space]              37             0.123501      0.032432
[2026-01-21 06:28:24.287411] [info] [qdk:chemistry:algorithms:active_space]              26             0.118411      0.031095
[2026-01-21 06:28:24.287416] [info] [qdk:chemistry:algorithms:active_space]               9             0.117306      0.030805
[2026-01-21 06:28:24.287421] [info] [qdk:chemistry:algorithms:active_space]              30             0.100214      0.026317
[2026-01-21 06:28:24.287426] [info] [qdk:chemistry:algorithms:active_space]               7             0.086709      0.022770
[2026-01-21 06:28:24.287432] [info] [qdk:chemistry:algorithms:active_space]               8             0.083415      0.021905
[2026-01-21 06:28:24.287437] [info] [qdk:chemistry:algorithms:active_space]               6             0.058817      0.015445
[2026-01-21 06:28:24.287652] [info] [qdk:chemistry:algorithms:microsoft:active_space:autocas_active_space] Identified 2 plateaus.
[2026-01-21 06:28:24.288528] [info] [qdk:chemistry:algorithms:microsoft:active_space:autocas_active_space] AutoCAS::Selected active space of 3 orbitals: 20, 21, 22
[2026-01-21 06:28:24.289429] [info] [sample_sci_workflow] AutoCAS selected active space with indices: [20, 21, 22]
[2026-01-21 06:28:26.182972] [info] [qdk:chemistry:algorithms:microsoft:macis_asci] Requested number of determinants (100000) exceeds FCI dimension (9).
[2026-01-21 06:28:26.183] [ci_solver] [info] [Selected CI Solver]:
[2026-01-21 06:28:26.183] [ci_solver] [info]   NDETS =      9, MATEL_TOL = 2.22045e-16, RES_TOL = 1.00000e-06, MAX_SUB =  200
[2026-01-21 06:28:26.327] [ci_solver] [info]   NNZ   =     81, H_DUR     = 1.44737e+02 ms
[2026-01-21 06:28:26.327] [ci_solver] [info]   HMEM_LOC = 1.28e-06 GiB
[2026-01-21 06:28:26.327] [ci_solver] [info]   H_SPARSE = 1.00e+02%
[2026-01-21 06:28:26.327] [ci_solver] [info]   * Will generate identity guess
[2026-01-21 06:28:26.327] [davidson] [info] [Davidson Eigensolver]:
[2026-01-21 06:28:26.327] [davidson] [info]   N =      9, MAX_M =    9, RES_TOL = 1.00000e-06
[2026-01-21 06:28:26.373] [davidson] [info] iter =    1, LAM(0) =  -3.148197904111e+00, RNORM =   1.408880605036e-02
[2026-01-21 06:28:26.396] [davidson] [info] iter =    2, LAM(0) =  -3.148694839113e+00, RNORM =   2.199440037275e-03
[2026-01-21 06:28:26.420] [davidson] [info] iter =    3, LAM(0) =  -3.148708111605e+00, RNORM =   5.095233151606e-08
[2026-01-21 06:28:26.420] [davidson] [info] Davidson Converged!
[2026-01-21 06:28:26.420] [ci_solver] [info]   DAV_NITER =    3, E0 = -3.148708e+00 Eh, DAVIDSON_DUR = 9.23138e+01 ms
[2026-01-21 06:28:26.459326] [info] [sample_sci_workflow] Hamiltonian Summary:
  Type: Hermitian
  Restrictedness: Restricted
  Active Orbitals: 3
  Total Orbitals: 124
  Core Energy: -228.711445
  Integral Statistics:
    One-body Integrals (alpha): 9 (larger than 0.000001: 9)
    Two-body Integrals (aaaa): 81 (larger than 0.000001: 57)

[2026-01-21 06:28:26.459836] [info] [sample_sci_workflow] AutoCAS energy = -231.86015328 Hartree
[2026-01-21 06:28:26.694696] [info] [qdk_chemistry.utils.wavefunction] Sparse CI finder (3 dets) = -231.86013800 Hartree (ΔE = 0.0153 mHartree)
[2026-01-21 06:28:26.697540] [info] [sample_sci_workflow] Sparse CI energy = -231.86013800 Hartree
[2026-01-21 06:28:26.698731] [info] [sample_sci_workflow] Stored wavefunction with 3 determinants
Determinants:
  220: -0.99147575
  202: 0.11012891
  022: 0.06962367


=== WORKFLOW END ===
End: 2026-01-21T06:28:27.431905
Elapsed seconds: 76.445647
