=== WORKFLOW START ===
Start: 2026-01-21T07:04:32.880134
Command: python sample_sci_workflow.py --xyz Validation-2026-01-20-aab310b108342456bf6b1017d01ccb8e31d2d52d/structures/1_molecules/mol044000_data_139598.structure.xyz --initial-active-space-solver macis_asci --autocas --max-determinants 100

[2026-01-21 07:04:35.655186] [info] [sample_sci_workflow] Structure Summary:
  Number of atoms: 23
  Composition: H14, O1, C8
  Total mass: 126.199 AMU
  Nuclear Repulsion Energy: 474.842 Eh

[2026-01-21 07:04:43.323508] [info] [sample_sci_workflow] SCF energy = -385.97029699 Hartree
[2026-01-21 07:04:43.324207] [info] [qdk:chemistry:algorithms:microsoft:active_space:valence_active_space] ValenceActiveSpaceSelector::Starting active space selection.
[2026-01-21 07:04:43.325169] [info] [qdk:chemistry:algorithms:microsoft:active_space:valence_active_space] ValenceActiveSpaceSelector::Selected active space of 50 orbitals: 9, 10, 11, 12, 13, 14, 15, 16, 17, 18, 19, 20, 21, 22, 23, 24, 25, 26, 27, 28, 29, 30, 31, 32, 33, 34, 35, 36, 37, 38, 39, 40, 41, 42, 43, 44, 45, 46, 47, 48, 49, 50, 51, 52, 53, 54, 55, 56, 57, 58
[2026-01-21 07:04:43.328158] [info] [sample_sci_workflow] Orbitals Summary:
  AOs: 196
  MOs: 196
  Type: Restricted
  Has overlap: Yes
  Has basis set: Yes
  Valid: Yes
  Has active space: Yes
  Active Orbitals: α=50, β=50
  Has inactive space: Yes
  Inactive Orbitals: α=9, β=9
  Virtual Orbitals: α=137, β=137

[2026-01-21 07:09:29.340232] [info] [sample_sci_workflow] Hamiltonian Summary:
  Type: Hermitian
  Restrictedness: Restricted
  Active Orbitals: 50
  Total Orbitals: 196
  Core Energy: -58.475256
  Integral Statistics:
    One-body Integrals (alpha): 2500 (larger than 0.000001: 2500)
    Two-body Integrals (aaaa): 6250000 (larger than 0.000001: 6239160)

[2026-01-21 07:09:29.413] [asci_grow] [info] [ASCI Grow Settings]:
[2026-01-21 07:09:29.413] [asci_grow] [info]   NTDETS_MAX = 100000, NCDETS_MAX =    100, GROW_FACTOR = 8
[2026-01-21 07:09:29.413] [asci_grow] [info] iter =    0, E0 =  -3.274950405505e+02, dE =   0.000000e+00, WFN_SIZE = 1
[2026-01-21 07:09:29.414] [asci_search] [info] [ASCI Search Settings]:
[2026-01-21 07:09:29.414] [asci_search] [info]   NCDETS =      1, NDETS_MAX =       100, H_EL_TOL = 1.000000e-08, RV_TOL = 1.000000e-08
[2026-01-21 07:09:29.414] [asci_search] [info]   MAX_RV_SIZE = 500000000, JUST_SINGLES = false
[2026-01-21 07:09:29.414] [asci_search] [info]   CDET_SUM = 1.00e+00
[2026-01-21 07:09:29.414] [asci_search] [info]   * Will Generate up to Quintuplets
[2026-01-21 07:09:29.449] [asci_search] [info]   * GEN_DUR = 3.43e+01 ms
[2026-01-21 07:09:29.780] [asci_search] [info]   * ASCI Kept 569809 Pairs
[2026-01-21 07:09:29.780] [asci_search] [info]   * Pairs Mem = 1.70e-02 GiB
[2026-01-21 07:09:29.806] [asci_search] [info]   * ASCI will search over 569809 unique determinants
[2026-01-21 07:09:29.806] [asci_search] [info]   * PAIR_DUR = 3.67e-01 s, SORT_ACC_DUR = 2.57e-02 s
[2026-01-21 07:09:29.807] [asci_search] [info]   * KEEP_LARG_DUR = 1.13e-03 s
[2026-01-21 07:09:29.816] [asci_search] [info]   * Kth Score Pivot = 6.4626051193153421e-03
[2026-01-21 07:09:29.819] [asci_search] [info]   * ASCI_SORT_DUR = 1.15e-02 s
[2026-01-21 07:09:29.819] [asci_search] [info]   * New Dets Mem = 1.49e-06 GiB
[2026-01-21 07:09:29.819] [asci_search] [info]   * ASCI_SEARCH DUR = 4.05e-01 s
[2026-01-21 07:09:29.819] [ci_solver] [info] [Selected CI Solver]:
[2026-01-21 07:09:29.820] [ci_solver] [info]   NDETS =    100, MATEL_TOL = 2.22045e-16, RES_TOL = 1.00000e-06, MAX_SUB =  200
[2026-01-21 07:09:29.821] [ci_solver] [info]   NNZ   =   3032, H_DUR     = 1.21796e+00 ms
[2026-01-21 07:09:29.831] [ci_solver] [info]   HMEM_LOC = 4.59e-05 GiB
[2026-01-21 07:09:29.831] [ci_solver] [info]   H_SPARSE = 3.03e+01%
[2026-01-21 07:09:29.831] [ci_solver] [info]   * Will generate identity guess
[2026-01-21 07:09:29.831] [davidson] [info] [Davidson Eigensolver]:
[2026-01-21 07:09:29.831] [davidson] [info]   N =    100, MAX_M =  100, RES_TOL = 1.00000e-06
[2026-01-21 07:09:29.832] [davidson] [info] iter =    1, LAM(0) =  -3.275110686735e+02, RNORM =   5.707627852521e-02
[2026-01-21 07:09:29.832] [davidson] [info] iter =    2, LAM(0) =  -3.275146477469e+02, RNORM =   5.531455179395e-03
[2026-01-21 07:09:29.845] [davidson] [info] iter =    3, LAM(0) =  -3.275146782073e+02, RNORM =   5.117124431994e-04
[2026-01-21 07:09:29.855] [davidson] [info] iter =    4, LAM(0) =  -3.275146784254e+02, RNORM =   4.723326725139e-05
[2026-01-21 07:09:29.856] [davidson] [info] iter =    5, LAM(0) =  -3.275146784279e+02, RNORM =   2.847701798888e-06
[2026-01-21 07:09:29.867] [davidson] [info] iter =    6, LAM(0) =  -3.275146784280e+02, RNORM =   1.136035712471e-07
[2026-01-21 07:09:29.868] [davidson] [info] Davidson Converged!
[2026-01-21 07:09:29.868] [ci_solver] [info]   DAV_NITER =    6, E0 = -3.275147e+02 Eh, DAVIDSON_DUR = 3.67550e+01 ms
[2026-01-21 07:09:29.868] [asci_grow] [info] iter =    1, E0 =  -3.275146784280e+02, dE =  -1.963788e-02, WFN_SIZE = 100
[2026-01-21 07:09:29.868] [asci_search] [info] [ASCI Search Settings]:
[2026-01-21 07:09:29.868] [asci_search] [info]   NCDETS =    100, NDETS_MAX =       800, H_EL_TOL = 1.000000e-08, RV_TOL = 1.000000e-08
[2026-01-21 07:09:29.868] [asci_search] [info]   MAX_RV_SIZE = 500000000, JUST_SINGLES = false
[2026-01-21 07:09:29.868] [asci_search] [info]   CDET_SUM = 1.00e+00
[2026-01-21 07:09:29.872] [asci_search] [info]   * Will Generate up to Quintuplets
[2026-01-21 07:09:29.885] [asci_search] [info]   * GEN_DUR = 1.29e+01 ms
[2026-01-21 07:09:46.050] [asci_search] [info]   * ASCI Kept 48869192 Pairs
[2026-01-21 07:09:46.050] [asci_search] [info]   * Pairs Mem = 1.46e+00 GiB
[2026-01-21 07:09:49.181] [asci_search] [info]   * ASCI will search over 48869192 unique determinants
[2026-01-21 07:09:49.181] [asci_search] [info]   * PAIR_DUR = 1.62e+01 s, SORT_ACC_DUR = 3.13e+00 s
[2026-01-21 07:09:49.280] [asci_search] [info]   * KEEP_LARG_DUR = 9.82e-02 s
[2026-01-21 07:09:49.916] [asci_search] [info]   * Kth Score Pivot = 3.0312840459323525e-03
[2026-01-21 07:09:50.119] [asci_search] [info]   * ASCI_SORT_DUR = 8.39e-01 s
[2026-01-21 07:09:50.119] [asci_search] [info]   * New Dets Mem = 1.19e-05 GiB
[2026-01-21 07:09:50.119] [asci_search] [info]   * ASCI_SEARCH DUR = 2.03e+01 s
[2026-01-21 07:09:50.119] [ci_solver] [info] [Selected CI Solver]:
[2026-01-21 07:09:50.120] [ci_solver] [info]   NDETS =    800, MATEL_TOL = 2.22045e-16, RES_TOL = 1.00000e-06, MAX_SUB =  200
[2026-01-21 07:09:50.237] [ci_solver] [info]   NNZ   =  53040, H_DUR     = 1.16204e+02 ms
[2026-01-21 07:09:50.237] [ci_solver] [info]   HMEM_LOC = 7.96e-04 GiB
[2026-01-21 07:09:50.237] [ci_solver] [info]   H_SPARSE = 8.29e+00%
[2026-01-21 07:09:50.237] [ci_solver] [info]   * Will generate identity guess
[2026-01-21 07:09:50.237] [davidson] [info] [Davidson Eigensolver]:
[2026-01-21 07:09:50.237] [davidson] [info]   N =    800, MAX_M =  200, RES_TOL = 1.00000e-06
[2026-01-21 07:09:50.282] [davidson] [info] iter =    1, LAM(0) =  -3.275232427514e+02, RNORM =   8.489137516342e-02
[2026-01-21 07:09:50.305] [davidson] [info] iter =    2, LAM(0) =  -3.275293363969e+02, RNORM =   1.242879781722e-02
[2026-01-21 07:09:50.339] [davidson] [info] iter =    3, LAM(0) =  -3.275294642587e+02, RNORM =   1.440457082469e-03
[2026-01-21 07:09:50.350] [davidson] [info] iter =    4, LAM(0) =  -3.275294656783e+02, RNORM =   1.473718186380e-04
[2026-01-21 07:09:50.373] [davidson] [info] iter =    5, LAM(0) =  -3.275294656964e+02, RNORM =   1.462563520709e-05
[2026-01-21 07:09:50.407] [davidson] [info] iter =    6, LAM(0) =  -3.275294656966e+02, RNORM =   1.483795176774e-06
[2026-01-21 07:09:50.419] [davidson] [info] iter =    7, LAM(0) =  -3.275294656966e+02, RNORM =   1.444180282101e-07
[2026-01-21 07:09:50.419] [davidson] [info] Davidson Converged!
[2026-01-21 07:09:50.419] [ci_solver] [info]   DAV_NITER =    7, E0 = -3.275295e+02 Eh, DAVIDSON_DUR = 1.82062e+02 ms
[2026-01-21 07:09:50.419] [asci_grow] [info] iter =    2, E0 =  -3.275294656966e+02, dE =  -1.478727e-02, WFN_SIZE = 800
[2026-01-21 07:09:50.420] [asci_search] [info] [ASCI Search Settings]:
[2026-01-21 07:09:50.420] [asci_search] [info]   NCDETS =    100, NDETS_MAX =      6400, H_EL_TOL = 1.000000e-08, RV_TOL = 1.000000e-08
[2026-01-21 07:09:50.420] [asci_search] [info]   MAX_RV_SIZE = 500000000, JUST_SINGLES = false
[2026-01-21 07:09:50.420] [asci_search] [info]   CDET_SUM = 9.90e-01
[2026-01-21 07:09:50.424] [asci_search] [info]   * Will Generate up to Quintuplets
[2026-01-21 07:09:50.445] [asci_search] [info]   * GEN_DUR = 2.16e+01 ms
[2026-01-21 07:10:04.797] [asci_search] [info]   * ASCI Kept 47730669 Pairs
[2026-01-21 07:10:04.797] [asci_search] [info]   * Pairs Mem = 1.42e+00 GiB
[2026-01-21 07:10:07.932] [asci_search] [info]   * ASCI will search over 47730669 unique determinants
[2026-01-21 07:10:07.932] [asci_search] [info]   * PAIR_DUR = 1.44e+01 s, SORT_ACC_DUR = 3.14e+00 s
[2026-01-21 07:10:08.029] [asci_search] [info]   * KEEP_LARG_DUR = 9.62e-02 s
[2026-01-21 07:10:08.469] [asci_search] [info]   * Kth Score Pivot = 1.4561720441990922e-03
[2026-01-21 07:10:08.670] [asci_search] [info]   * ASCI_SORT_DUR = 6.41e-01 s
[2026-01-21 07:10:08.670] [asci_search] [info]   * New Dets Mem = 9.54e-05 GiB
[2026-01-21 07:10:08.670] [asci_search] [info]   * ASCI_SEARCH DUR = 1.82e+01 s
[2026-01-21 07:10:08.670] [ci_solver] [info] [Selected CI Solver]:
[2026-01-21 07:10:08.671] [ci_solver] [info]   NDETS =   6400, MATEL_TOL = 2.22045e-16, RES_TOL = 1.00000e-06, MAX_SUB =  200
[2026-01-21 07:10:08.852] [ci_solver] [info]   NNZ   = 1042002, H_DUR     = 1.81352e+02 ms
[2026-01-21 07:10:08.853] [ci_solver] [info]   HMEM_LOC = 1.56e-02 GiB
[2026-01-21 07:10:08.853] [ci_solver] [info]   H_SPARSE = 2.54e+00%
[2026-01-21 07:10:08.854] [ci_solver] [info]   * Will generate identity guess
[2026-01-21 07:10:08.855] [davidson] [info] [Davidson Eigensolver]:
[2026-01-21 07:10:08.855] [davidson] [info]   N =   6400, MAX_M =  200, RES_TOL = 1.00000e-06
[2026-01-21 07:10:08.899] [davidson] [info] iter =    1, LAM(0) =  -3.275514121701e+02, RNORM =   1.010204835481e-01
[2026-01-21 07:10:08.921] [davidson] [info] iter =    2, LAM(0) =  -3.275587503603e+02, RNORM =   1.780306372169e-02
[2026-01-21 07:10:08.944] [davidson] [info] iter =    3, LAM(0) =  -3.275589648871e+02, RNORM =   2.757763785129e-03
[2026-01-21 07:10:08.967] [davidson] [info] iter =    4, LAM(0) =  -3.275589696973e+02, RNORM =   3.799841236803e-04
[2026-01-21 07:10:08.979] [davidson] [info] iter =    5, LAM(0) =  -3.275589697898e+02, RNORM =   5.123793743000e-05
[2026-01-21 07:10:09.024] [davidson] [info] iter =    6, LAM(0) =  -3.275589697914e+02, RNORM =   7.094199490567e-06
[2026-01-21 07:10:09.047] [davidson] [info] iter =    7, LAM(0) =  -3.275589697915e+02, RNORM =   9.006560270722e-07
[2026-01-21 07:10:09.047] [davidson] [info] Davidson Converged!
[2026-01-21 07:10:09.047] [ci_solver] [info]   DAV_NITER =    7, E0 = -3.275590e+02 Eh, DAVIDSON_DUR = 1.92806e+02 ms
[2026-01-21 07:10:09.047] [asci_grow] [info] iter =    3, E0 =  -3.275589697915e+02, dE =  -2.950409e-02, WFN_SIZE = 6400
[2026-01-21 07:10:09.048] [asci_search] [info] [ASCI Search Settings]:
[2026-01-21 07:10:09.048] [asci_search] [info]   NCDETS =    100, NDETS_MAX =     51200, H_EL_TOL = 1.000000e-08, RV_TOL = 1.000000e-08
[2026-01-21 07:10:09.048] [asci_search] [info]   MAX_RV_SIZE = 500000000, JUST_SINGLES = false
[2026-01-21 07:10:09.048] [asci_search] [info]   CDET_SUM = 9.72e-01
[2026-01-21 07:10:09.049] [asci_search] [info]   * Will Generate up to Quintuplets
[2026-01-21 07:10:09.072] [asci_search] [info]   * GEN_DUR = 2.24e+01 ms
[2026-01-21 07:10:24.991] [asci_search] [info]   * ASCI Kept 48117233 Pairs
[2026-01-21 07:10:24.991] [asci_search] [info]   * Pairs Mem = 1.43e+00 GiB
[2026-01-21 07:10:28.270] [asci_search] [info]   * ASCI will search over 48117233 unique determinants
[2026-01-21 07:10:28.270] [asci_search] [info]   * PAIR_DUR = 1.59e+01 s, SORT_ACC_DUR = 3.28e+00 s
[2026-01-21 07:10:28.395] [asci_search] [info]   * KEEP_LARG_DUR = 1.25e-01 s
[2026-01-21 07:10:28.776] [asci_search] [info]   * Kth Score Pivot = 5.8771778432159180e-04
[2026-01-21 07:10:28.999] [asci_search] [info]   * ASCI_SORT_DUR = 6.04e-01 s
[2026-01-21 07:10:29.000] [asci_search] [info]   * New Dets Mem = 7.63e-04 GiB
[2026-01-21 07:10:29.000] [asci_search] [info]   * ASCI_SEARCH DUR = 2.00e+01 s
[2026-01-21 07:10:29.004] [ci_solver] [info] [Selected CI Solver]:
[2026-01-21 07:10:29.004] [ci_solver] [info]   NDETS =  51200, MATEL_TOL = 2.22045e-16, RES_TOL = 1.00000e-06, MAX_SUB =  200
[2026-01-21 07:10:33.822] [ci_solver] [info]   NNZ   = 32005024, H_DUR     = 4.81742e+03 ms
[2026-01-21 07:10:33.822] [ci_solver] [info]   HMEM_LOC = 4.77e-01 GiB
[2026-01-21 07:10:33.822] [ci_solver] [info]   H_SPARSE = 1.22e+00%
[2026-01-21 07:10:34.164] [ci_solver] [info]   * Will generate identity guess
[2026-01-21 07:10:34.234] [davidson] [info] [Davidson Eigensolver]:
[2026-01-21 07:10:34.234] [davidson] [info]   N =  51200, MAX_M =  200, RES_TOL = 1.00000e-06
[2026-01-21 07:10:34.397] [davidson] [info] iter =    1, LAM(0) =  -3.275986366163e+02, RNORM =   1.096132903288e-01
[2026-01-21 07:10:34.423] [davidson] [info] iter =    2, LAM(0) =  -3.276067905292e+02, RNORM =   1.780337041159e-02
[2026-01-21 07:10:34.447] [davidson] [info] iter =    3, LAM(0) =  -3.276069889530e+02, RNORM =   3.214682848929e-03
[2026-01-21 07:10:34.483] [davidson] [info] iter =    4, LAM(0) =  -3.276069950327e+02, RNORM =   5.626559954608e-04
[2026-01-21 07:10:34.516] [davidson] [info] iter =    5, LAM(0) =  -3.276069952275e+02, RNORM =   9.016264340190e-05
[2026-01-21 07:10:34.584] [davidson] [info] iter =    6, LAM(0) =  -3.276069952328e+02, RNORM =   1.515611200763e-05
[2026-01-21 07:10:34.643] [davidson] [info] iter =    7, LAM(0) =  -3.276069952329e+02, RNORM =   2.624286653788e-06
[2026-01-21 07:10:34.689] [davidson] [info] iter =    8, LAM(0) =  -3.276069952329e+02, RNORM =   4.253084713516e-07
[2026-01-21 07:10:34.689] [davidson] [info] Davidson Converged!
[2026-01-21 07:10:34.689] [ci_solver] [info]   DAV_NITER =    8, E0 = -3.276070e+02 Eh, DAVIDSON_DUR = 4.55150e+02 ms
[2026-01-21 07:10:34.690] [asci_grow] [info] iter =    4, E0 =  -3.276069952329e+02, dE =  -4.802544e-02, WFN_SIZE = 51200
[2026-01-21 07:10:34.698] [asci_search] [info] [ASCI Search Settings]:
[2026-01-21 07:10:34.698] [asci_search] [info]   NCDETS =    100, NDETS_MAX =    100000, H_EL_TOL = 1.000000e-08, RV_TOL = 1.000000e-08
[2026-01-21 07:10:34.698] [asci_search] [info]   MAX_RV_SIZE = 500000000, JUST_SINGLES = false
[2026-01-21 07:10:34.698] [asci_search] [info]   CDET_SUM = 9.48e-01
[2026-01-21 07:10:34.699] [asci_search] [info]   * Will Generate up to Quintuplets
[2026-01-21 07:10:34.724] [asci_search] [info]   * GEN_DUR = 2.53e+01 ms
[2026-01-21 07:10:50.236] [asci_search] [info]   * ASCI Kept 48852972 Pairs
[2026-01-21 07:10:50.236] [asci_search] [info]   * Pairs Mem = 1.46e+00 GiB
[2026-01-21 07:10:54.196] [asci_search] [info]   * ASCI will search over 48852972 unique determinants
[2026-01-21 07:10:54.196] [asci_search] [info]   * PAIR_DUR = 1.55e+01 s, SORT_ACC_DUR = 3.96e+00 s
[2026-01-21 07:10:54.350] [asci_search] [info]   * KEEP_LARG_DUR = 1.54e-01 s
[2026-01-21 07:10:54.824] [asci_search] [info]   * Kth Score Pivot = 3.8015742890526883e-04
[2026-01-21 07:10:55.157] [asci_search] [info]   * ASCI_SORT_DUR = 8.07e-01 s
[2026-01-21 07:10:55.160] [asci_search] [info]   * New Dets Mem = 1.49e-03 GiB
[2026-01-21 07:10:55.160] [asci_search] [info]   * ASCI_SEARCH DUR = 2.05e+01 s
[2026-01-21 07:10:55.168] [ci_solver] [info] [Selected CI Solver]:
[2026-01-21 07:10:55.168] [ci_solver] [info]   NDETS = 100000, MATEL_TOL = 2.22045e-16, RES_TOL = 1.00000e-06, MAX_SUB =  200
[2026-01-21 07:11:13.258] [ci_solver] [info]   NNZ   = 105971298, H_DUR     = 1.80893e+04 ms
[2026-01-21 07:11:13.258] [ci_solver] [info]   HMEM_LOC = 1.58e+00 GiB
[2026-01-21 07:11:13.258] [ci_solver] [info]   H_SPARSE = 1.06e+00%
[2026-01-21 07:11:13.332] [ci_solver] [info]   * Will generate identity guess
[2026-01-21 07:11:13.405] [davidson] [info] [Davidson Eigensolver]:
[2026-01-21 07:11:13.405] [davidson] [info]   N = 100000, MAX_M =  200, RES_TOL = 1.00000e-06
[2026-01-21 07:11:13.485] [davidson] [info] iter =    1, LAM(0) =  -3.276141881832e+02, RNORM =   1.124137029768e-01
[2026-01-21 07:11:13.520] [davidson] [info] iter =    2, LAM(0) =  -3.276226694333e+02, RNORM =   1.774039751125e-02
[2026-01-21 07:11:13.571] [davidson] [info] iter =    3, LAM(0) =  -3.276228664166e+02, RNORM =   3.097873967511e-03
[2026-01-21 07:11:13.624] [davidson] [info] iter =    4, LAM(0) =  -3.276228721792e+02, RNORM =   5.728497229484e-04
[2026-01-21 07:11:13.687] [davidson] [info] iter =    5, LAM(0) =  -3.276228723697e+02, RNORM =   9.795146424298e-05
[2026-01-21 07:11:13.750] [davidson] [info] iter =    6, LAM(0) =  -3.276228723757e+02, RNORM =   1.687679445617e-05
[2026-01-21 07:11:13.817] [davidson] [info] iter =    7, LAM(0) =  -3.276228723759e+02, RNORM =   3.105425538256e-06
[2026-01-21 07:11:13.875] [davidson] [info] iter =    8, LAM(0) =  -3.276228723759e+02, RNORM =   5.302767928904e-07
[2026-01-21 07:11:13.875] [davidson] [info] Davidson Converged!
[2026-01-21 07:11:13.877] [ci_solver] [info]   DAV_NITER =    8, E0 = -3.276229e+02 Eh, DAVIDSON_DUR = 4.71406e+02 ms
[2026-01-21 07:11:13.887] [asci_grow] [info] iter =    5, E0 =  -3.276228723759e+02, dE =  -1.587714e-02, WFN_SIZE = 100000
[2026-01-21 07:11:13.887] [asci_grow] [info] * GROW_DUR = 1.04e+05 ms
[2026-01-21 07:11:13.889] [asci_refine] [info] [ASCI Refine Settings]:
[2026-01-21 07:11:13.889] [asci_refine] [info]   NTDETS = 100000, NCDETS =    100, MAX_REFINE_ITER =    6, REFINE_TOL = 1.00e-06
[2026-01-21 07:11:13.889] [asci_refine] [info] iter =    0, E0 =  -3.276228723759e+02, dE =   0.000000e+00
[2026-01-21 07:11:13.899] [asci_search] [info] [ASCI Search Settings]:
[2026-01-21 07:11:13.899] [asci_search] [info]   NCDETS =    100, NDETS_MAX =    100000, H_EL_TOL = 1.000000e-08, RV_TOL = 1.000000e-08
[2026-01-21 07:11:13.899] [asci_search] [info]   MAX_RV_SIZE = 500000000, JUST_SINGLES = false
[2026-01-21 07:11:13.899] [asci_search] [info]   CDET_SUM = 9.40e-01
[2026-01-21 07:11:13.901] [asci_search] [info]   * Will Generate up to Quintuplets
[2026-01-21 07:11:13.927] [asci_search] [info]   * GEN_DUR = 2.55e+01 ms
[2026-01-21 07:11:29.481] [asci_search] [info]   * ASCI Kept 48840125 Pairs
[2026-01-21 07:11:29.482] [asci_search] [info]   * Pairs Mem = 1.46e+00 GiB
[2026-01-21 07:11:33.428] [asci_search] [info]   * ASCI will search over 48840125 unique determinants
[2026-01-21 07:11:33.428] [asci_search] [info]   * PAIR_DUR = 1.56e+01 s, SORT_ACC_DUR = 3.95e+00 s
[2026-01-21 07:11:33.584] [asci_search] [info]   * KEEP_LARG_DUR = 1.56e-01 s
[2026-01-21 07:11:34.486] [asci_search] [info]   * Kth Score Pivot = 3.7520129026768410e-04
[2026-01-21 07:11:34.829] [asci_search] [info]   * ASCI_SORT_DUR = 1.25e+00 s
[2026-01-21 07:11:34.830] [asci_search] [info]   * New Dets Mem = 1.49e-03 GiB
[2026-01-21 07:11:34.831] [asci_search] [info]   * ASCI_SEARCH DUR = 2.09e+01 s
[2026-01-21 07:11:34.839] [ci_solver] [info] [Selected CI Solver]:
[2026-01-21 07:11:34.840] [ci_solver] [info]   NDETS = 100000, MATEL_TOL = 2.22045e-16, RES_TOL = 1.00000e-06, MAX_SUB =  200
[2026-01-21 07:11:52.499] [ci_solver] [info]   NNZ   = 105957012, H_DUR     = 1.76593e+04 ms
[2026-01-21 07:11:52.499] [ci_solver] [info]   HMEM_LOC = 1.58e+00 GiB
[2026-01-21 07:11:52.499] [ci_solver] [info]   H_SPARSE = 1.06e+00%
[2026-01-21 07:11:52.581] [ci_solver] [info]   * Will generate identity guess
[2026-01-21 07:11:52.662] [davidson] [info] [Davidson Eigensolver]:
[2026-01-21 07:11:52.662] [davidson] [info]   N = 100000, MAX_M =  200, RES_TOL = 1.00000e-06
[2026-01-21 07:11:52.740] [davidson] [info] iter =    1, LAM(0) =  -3.276142001549e+02, RNORM =   1.123905721582e-01
[2026-01-21 07:11:52.775] [davidson] [info] iter =    2, LAM(0) =  -3.276226762637e+02, RNORM =   1.769335669510e-02
[2026-01-21 07:11:52.836] [davidson] [info] iter =    3, LAM(0) =  -3.276228725701e+02, RNORM =   3.090452527142e-03
[2026-01-21 07:11:52.892] [davidson] [info] iter =    4, LAM(0) =  -3.276228782937e+02, RNORM =   5.724224800378e-04
[2026-01-21 07:11:52.950] [davidson] [info] iter =    5, LAM(0) =  -3.276228784840e+02, RNORM =   9.771177631523e-05
[2026-01-21 07:11:53.021] [davidson] [info] iter =    6, LAM(0) =  -3.276228784900e+02, RNORM =   1.686214657948e-05
[2026-01-21 07:11:53.087] [davidson] [info] iter =    7, LAM(0) =  -3.276228784902e+02, RNORM =   3.101201054385e-06
[2026-01-21 07:11:53.155] [davidson] [info] iter =    8, LAM(0) =  -3.276228784902e+02, RNORM =   5.297136236080e-07
[2026-01-21 07:11:53.156] [davidson] [info] Davidson Converged!
[2026-01-21 07:11:53.157] [ci_solver] [info]   DAV_NITER =    8, E0 = -3.276229e+02 Eh, DAVIDSON_DUR = 4.94841e+02 ms
[2026-01-21 07:11:53.159] [asci_refine] [info] iter =    1, E0 =  -3.276228784902e+02, dE =  -6.114282e-06
[2026-01-21 07:11:53.169] [asci_search] [info] [ASCI Search Settings]:
[2026-01-21 07:11:53.169] [asci_search] [info]   NCDETS =    100, NDETS_MAX =    100000, H_EL_TOL = 1.000000e-08, RV_TOL = 1.000000e-08
[2026-01-21 07:11:53.169] [asci_search] [info]   MAX_RV_SIZE = 500000000, JUST_SINGLES = false
[2026-01-21 07:11:53.169] [asci_search] [info]   CDET_SUM = 9.40e-01
[2026-01-21 07:11:53.170] [asci_search] [info]   * Will Generate up to Quintuplets
[2026-01-21 07:11:53.195] [asci_search] [info]   * GEN_DUR = 2.47e+01 ms
[2026-01-21 07:12:09.111] [asci_search] [info]   * ASCI Kept 48840089 Pairs
[2026-01-21 07:12:09.112] [asci_search] [info]   * Pairs Mem = 1.46e+00 GiB
[2026-01-21 07:12:12.290] [asci_search] [info]   * ASCI will search over 48840089 unique determinants
[2026-01-21 07:12:12.290] [asci_search] [info]   * PAIR_DUR = 1.59e+01 s, SORT_ACC_DUR = 3.18e+00 s
[2026-01-21 07:12:12.389] [asci_search] [info]   * KEEP_LARG_DUR = 9.87e-02 s
[2026-01-21 07:12:12.981] [asci_search] [info]   * Kth Score Pivot = 3.7519132834620643e-04
[2026-01-21 07:12:13.193] [asci_search] [info]   * ASCI_SORT_DUR = 8.04e-01 s
[2026-01-21 07:12:13.194] [asci_search] [info]   * New Dets Mem = 1.49e-03 GiB
[2026-01-21 07:12:13.195] [asci_search] [info]   * ASCI_SEARCH DUR = 2.00e+01 s
[2026-01-21 07:12:13.203] [ci_solver] [info] [Selected CI Solver]:
[2026-01-21 07:12:13.203] [ci_solver] [info]   NDETS = 100000, MATEL_TOL = 2.22045e-16, RES_TOL = 1.00000e-06, MAX_SUB =  200
[2026-01-21 07:12:31.109] [ci_solver] [info]   NNZ   = 105964298, H_DUR     = 1.79056e+04 ms
[2026-01-21 07:12:31.109] [ci_solver] [info]   HMEM_LOC = 1.58e+00 GiB
[2026-01-21 07:12:31.109] [ci_solver] [info]   H_SPARSE = 1.06e+00%
[2026-01-21 07:12:31.189] [ci_solver] [info]   * Will generate identity guess
[2026-01-21 07:12:31.269] [davidson] [info] [Davidson Eigensolver]:
[2026-01-21 07:12:31.269] [davidson] [info]   N = 100000, MAX_M =  200, RES_TOL = 1.00000e-06
[2026-01-21 07:12:31.352] [davidson] [info] iter =    1, LAM(0) =  -3.276142010767e+02, RNORM =   1.123837345145e-01
[2026-01-21 07:12:31.387] [davidson] [info] iter =    2, LAM(0) =  -3.276226753054e+02, RNORM =   1.766372873888e-02
[2026-01-21 07:12:31.453] [davidson] [info] iter =    3, LAM(0) =  -3.276228710586e+02, RNORM =   3.086415029347e-03
[2026-01-21 07:12:31.540] [davidson] [info] iter =    4, LAM(0) =  -3.276228767632e+02, RNORM =   5.716800561581e-04
[2026-01-21 07:12:31.602] [davidson] [info] iter =    5, LAM(0) =  -3.276228769530e+02, RNORM =   9.757749587523e-05
[2026-01-21 07:12:31.659] [davidson] [info] iter =    6, LAM(0) =  -3.276228769590e+02, RNORM =   1.685116926776e-05
[2026-01-21 07:12:31.722] [davidson] [info] iter =    7, LAM(0) =  -3.276228769591e+02, RNORM =   3.100672236964e-06
[2026-01-21 07:12:31.784] [davidson] [info] iter =    8, LAM(0) =  -3.276228769592e+02, RNORM =   5.295150688309e-07
[2026-01-21 07:12:31.784] [davidson] [info] Davidson Converged!
[2026-01-21 07:12:31.785] [ci_solver] [info]   DAV_NITER =    8, E0 = -3.276229e+02 Eh, DAVIDSON_DUR = 5.15788e+02 ms
[2026-01-21 07:12:31.787] [asci_refine] [info] iter =    2, E0 =  -3.276228769592e+02, dE =   1.531041e-06
[2026-01-21 07:12:31.803] [asci_search] [info] [ASCI Search Settings]:
[2026-01-21 07:12:31.803] [asci_search] [info]   NCDETS =    100, NDETS_MAX =    100000, H_EL_TOL = 1.000000e-08, RV_TOL = 1.000000e-08
[2026-01-21 07:12:31.803] [asci_search] [info]   MAX_RV_SIZE = 500000000, JUST_SINGLES = false
[2026-01-21 07:12:31.803] [asci_search] [info]   CDET_SUM = 9.40e-01
[2026-01-21 07:12:31.804] [asci_search] [info]   * Will Generate up to Quintuplets
[2026-01-21 07:12:31.839] [asci_search] [info]   * GEN_DUR = 3.45e+01 ms
[2026-01-21 07:12:46.428] [asci_search] [info]   * ASCI Kept 48840087 Pairs
[2026-01-21 07:12:46.428] [asci_search] [info]   * Pairs Mem = 1.46e+00 GiB
[2026-01-21 07:12:50.426] [asci_search] [info]   * ASCI will search over 48840087 unique determinants
[2026-01-21 07:12:50.426] [asci_search] [info]   * PAIR_DUR = 1.46e+01 s, SORT_ACC_DUR = 4.00e+00 s
[2026-01-21 07:12:50.583] [asci_search] [info]   * KEEP_LARG_DUR = 1.57e-01 s
[2026-01-21 07:12:51.292] [asci_search] [info]   * Kth Score Pivot = 3.7519500117532388e-04
[2026-01-21 07:12:51.637] [asci_search] [info]   * ASCI_SORT_DUR = 1.05e+00 s
[2026-01-21 07:12:51.638] [asci_search] [info]   * New Dets Mem = 1.49e-03 GiB
[2026-01-21 07:12:51.638] [asci_search] [info]   * ASCI_SEARCH DUR = 1.98e+01 s
[2026-01-21 07:12:51.647] [ci_solver] [info] [Selected CI Solver]:
[2026-01-21 07:12:51.647] [ci_solver] [info]   NDETS = 100000, MATEL_TOL = 2.22045e-16, RES_TOL = 1.00000e-06, MAX_SUB =  200
[2026-01-21 07:13:09.490] [ci_solver] [info]   NNZ   = 105964298, H_DUR     = 1.78433e+04 ms
[2026-01-21 07:13:09.490] [ci_solver] [info]   HMEM_LOC = 1.58e+00 GiB
[2026-01-21 07:13:09.490] [ci_solver] [info]   H_SPARSE = 1.06e+00%
[2026-01-21 07:13:09.569] [ci_solver] [info]   * Will generate identity guess
[2026-01-21 07:13:09.648] [davidson] [info] [Davidson Eigensolver]:
[2026-01-21 07:13:09.648] [davidson] [info]   N = 100000, MAX_M =  200, RES_TOL = 1.00000e-06
[2026-01-21 07:13:09.755] [davidson] [info] iter =    1, LAM(0) =  -3.276142010767e+02, RNORM =   1.123837345145e-01
[2026-01-21 07:13:09.806] [davidson] [info] iter =    2, LAM(0) =  -3.276226753054e+02, RNORM =   1.766372873888e-02
[2026-01-21 07:13:09.889] [davidson] [info] iter =    3, LAM(0) =  -3.276228710586e+02, RNORM =   3.086415029347e-03
[2026-01-21 07:13:09.938] [davidson] [info] iter =    4, LAM(0) =  -3.276228767632e+02, RNORM =   5.716800561581e-04
[2026-01-21 07:13:10.015] [davidson] [info] iter =    5, LAM(0) =  -3.276228769530e+02, RNORM =   9.757749587523e-05
[2026-01-21 07:13:10.062] [davidson] [info] iter =    6, LAM(0) =  -3.276228769590e+02, RNORM =   1.685116926776e-05
[2026-01-21 07:13:10.188] [davidson] [info] iter =    7, LAM(0) =  -3.276228769591e+02, RNORM =   3.100672236964e-06
[2026-01-21 07:13:10.257] [davidson] [info] iter =    8, LAM(0) =  -3.276228769592e+02, RNORM =   5.295150688309e-07
[2026-01-21 07:13:10.257] [davidson] [info] Davidson Converged!
[2026-01-21 07:13:10.259] [ci_solver] [info]   DAV_NITER =    8, E0 = -3.276229e+02 Eh, DAVIDSON_DUR = 6.11677e+02 ms
[2026-01-21 07:13:10.262] [asci_refine] [info] iter =    3, E0 =  -3.276228769592e+02, dE =   0.000000e+00
[2026-01-21 07:13:10.262] [asci_refine] [info] ASCI Refine Converged!
[2026-01-21 07:13:51.624652] [info] [sample_sci_workflow] CASCI energy = -386.09813340 Hartree
[2026-01-21 07:13:51.625198] [info] [qdk:chemistry:algorithms:microsoft:active_space:autocas_active_space] AutoCAS::Starting active space selection.
[2026-01-21 07:13:51.643544] [info] [qdk:chemistry:algorithms:active_space] Max entropy: 0.143188
[2026-01-21 07:13:51.643629] [info] [qdk:chemistry:algorithms:active_space] Normalized orbital entropies:
[2026-01-21 07:13:51.643639] [info] [qdk:chemistry:algorithms:active_space]   Orbital index   Normalized Entropy   Raw Entropy
[2026-01-21 07:13:51.643649] [info] [qdk:chemistry:algorithms:active_space]              36             1.000000      0.143188
[2026-01-21 07:13:51.643655] [info] [qdk:chemistry:algorithms:active_space]              34             0.920286      0.131774
[2026-01-21 07:13:51.643660] [info] [qdk:chemistry:algorithms:active_space]              51             0.393895      0.056401
[2026-01-21 07:13:51.643666] [info] [qdk:chemistry:algorithms:active_space]              53             0.346733      0.049648
[2026-01-21 07:13:51.643671] [info] [qdk:chemistry:algorithms:active_space]              28             0.338938      0.048532
[2026-01-21 07:13:51.643685] [info] [qdk:chemistry:algorithms:active_space]              32             0.327920      0.046954
[2026-01-21 07:13:51.643690] [info] [qdk:chemistry:algorithms:active_space]              52             0.324351      0.046443
[2026-01-21 07:13:51.643695] [info] [qdk:chemistry:algorithms:active_space]              31             0.317140      0.045411
[2026-01-21 07:13:51.643700] [info] [qdk:chemistry:algorithms:active_space]              57             0.310534      0.044465
[2026-01-21 07:13:51.643705] [info] [qdk:chemistry:algorithms:active_space]              29             0.293737      0.042060
[2026-01-21 07:13:51.643710] [info] [qdk:chemistry:algorithms:active_space]              19             0.287575      0.041177
[2026-01-21 07:13:51.643715] [info] [qdk:chemistry:algorithms:active_space]              17             0.282633      0.040470
[2026-01-21 07:13:51.643720] [info] [qdk:chemistry:algorithms:active_space]              56             0.281717      0.040339
[2026-01-21 07:13:51.643725] [info] [qdk:chemistry:algorithms:active_space]              54             0.278086      0.039819
[2026-01-21 07:13:51.643730] [info] [qdk:chemistry:algorithms:active_space]              50             0.277324      0.039710
[2026-01-21 07:13:51.643736] [info] [qdk:chemistry:algorithms:active_space]              47             0.274728      0.039338
[2026-01-21 07:13:51.643741] [info] [qdk:chemistry:algorithms:active_space]              30             0.273865      0.039214
[2026-01-21 07:13:51.643746] [info] [qdk:chemistry:algorithms:active_space]              55             0.272417      0.039007
[2026-01-21 07:13:51.643751] [info] [qdk:chemistry:algorithms:active_space]              20             0.269914      0.038649
[2026-01-21 07:13:51.643756] [info] [qdk:chemistry:algorithms:active_space]              23             0.263651      0.037752
[2026-01-21 07:13:51.643761] [info] [qdk:chemistry:algorithms:active_space]              24             0.258020      0.036945
[2026-01-21 07:13:51.643766] [info] [qdk:chemistry:algorithms:active_space]              25             0.252276      0.036123
[2026-01-21 07:13:51.643771] [info] [qdk:chemistry:algorithms:active_space]              18             0.246721      0.035328
[2026-01-21 07:13:51.643776] [info] [qdk:chemistry:algorithms:active_space]              49             0.243725      0.034899
[2026-01-21 07:13:51.643781] [info] [qdk:chemistry:algorithms:active_space]              21             0.241993      0.034651
[2026-01-21 07:13:51.643786] [info] [qdk:chemistry:algorithms:active_space]              22             0.238773      0.034189
[2026-01-21 07:13:51.643791] [info] [qdk:chemistry:algorithms:active_space]              26             0.235347      0.033699
[2026-01-21 07:13:51.643796] [info] [qdk:chemistry:algorithms:active_space]              27             0.209852      0.030048
[2026-01-21 07:13:51.643803] [info] [qdk:chemistry:algorithms:active_space]              15             0.209052      0.029934
[2026-01-21 07:13:51.643809] [info] [qdk:chemistry:algorithms:active_space]              33             0.199951      0.028631
[2026-01-21 07:13:51.644949] [info] [qdk:chemistry:algorithms:active_space]              40             0.199457      0.028560
[2026-01-21 07:13:51.644958] [info] [qdk:chemistry:algorithms:active_space]              38             0.198250      0.028387
[2026-01-21 07:13:51.644963] [info] [qdk:chemistry:algorithms:active_space]              39             0.196382      0.028120
[2026-01-21 07:13:51.644969] [info] [qdk:chemistry:algorithms:active_space]              16             0.192497      0.027563
[2026-01-21 07:13:51.644974] [info] [qdk:chemistry:algorithms:active_space]              46             0.191528      0.027425
[2026-01-21 07:13:51.644979] [info] [qdk:chemistry:algorithms:active_space]              35             0.190877      0.027331
[2026-01-21 07:13:51.644984] [info] [qdk:chemistry:algorithms:active_space]              48             0.185002      0.026490
[2026-01-21 07:13:51.644993] [info] [qdk:chemistry:algorithms:active_space]              58             0.184854      0.026469
[2026-01-21 07:13:51.644998] [info] [qdk:chemistry:algorithms:active_space]              37             0.184572      0.026429
[2026-01-21 07:13:51.645003] [info] [qdk:chemistry:algorithms:active_space]              42             0.184296      0.026389
[2026-01-21 07:13:51.645010] [info] [qdk:chemistry:algorithms:active_space]              43             0.179247      0.025666
[2026-01-21 07:13:51.645016] [info] [qdk:chemistry:algorithms:active_space]              45             0.179147      0.025652
[2026-01-21 07:13:51.645021] [info] [qdk:chemistry:algorithms:active_space]              41             0.173289      0.024813
[2026-01-21 07:13:51.645027] [info] [qdk:chemistry:algorithms:active_space]              44             0.172065      0.024638
[2026-01-21 07:13:51.645033] [info] [qdk:chemistry:algorithms:active_space]              13             0.130229      0.018647
[2026-01-21 07:13:51.645039] [info] [qdk:chemistry:algorithms:active_space]              12             0.120499      0.017254
[2026-01-21 07:13:51.645044] [info] [qdk:chemistry:algorithms:active_space]              14             0.120332      0.017230
[2026-01-21 07:13:51.645050] [info] [qdk:chemistry:algorithms:active_space]              11             0.103565      0.014829
[2026-01-21 07:13:51.645057] [info] [qdk:chemistry:algorithms:active_space]              10             0.075450      0.010804
[2026-01-21 07:13:51.646294] [info] [qdk:chemistry:algorithms:active_space]               9             0.073894      0.010581
[2026-01-21 07:13:51.646513] [info] [qdk:chemistry:algorithms:microsoft:active_space:autocas_active_space] Identified 1 plateaus.
[2026-01-21 07:13:51.647549] [info] [qdk:chemistry:algorithms:microsoft:active_space:autocas_active_space] AutoCAS::Selected active space of 2 orbitals: 34, 36
[2026-01-21 07:13:51.650191] [info] [sample_sci_workflow] AutoCAS selected active space with indices: [34, 36]
[2026-01-21 07:13:56.639428] [info] [qdk:chemistry:algorithms:microsoft:macis_asci] Requested number of determinants (100000) exceeds FCI dimension (4).
[2026-01-21 07:13:56.639] [ci_solver] [info] [Selected CI Solver]:
[2026-01-21 07:13:56.639] [ci_solver] [info]   NDETS =      4, MATEL_TOL = 2.22045e-16, RES_TOL = 1.00000e-06, MAX_SUB =  200
[2026-01-21 07:13:56.789] [ci_solver] [info]   NNZ   =     16, H_DUR     = 1.49650e+02 ms
[2026-01-21 07:13:56.789] [ci_solver] [info]   HMEM_LOC = 2.76e-07 GiB
[2026-01-21 07:13:56.789] [ci_solver] [info]   H_SPARSE = 1.00e+02%
[2026-01-21 07:13:56.789] [ci_solver] [info]   * Will generate identity guess
[2026-01-21 07:13:56.789] [davidson] [info] [Davidson Eigensolver]:
[2026-01-21 07:13:56.789] [davidson] [info]   N =      4, MAX_M =    4, RES_TOL = 1.00000e-06
[2026-01-21 07:13:56.834] [davidson] [info] iter =    1, LAM(0) =  -1.025053684216e+00, RNORM =   6.963407430538e-04
[2026-01-21 07:13:56.858] [davidson] [info] iter =    2, LAM(0) =  -1.025055104628e+00, RNORM =   5.551326877324e-17
[2026-01-21 07:13:56.858] [davidson] [info] Davidson Converged!
[2026-01-21 07:13:56.858] [ci_solver] [info]   DAV_NITER =    2, E0 = -1.025055e+00 Eh, DAVIDSON_DUR = 6.88390e+01 ms
[2026-01-21 07:13:56.895401] [info] [sample_sci_workflow] Hamiltonian Summary:
  Type: Hermitian
  Restrictedness: Restricted
  Active Orbitals: 2
  Total Orbitals: 196
  Core Energy: -384.953890
  Integral Statistics:
    One-body Integrals (alpha): 4 (larger than 0.000001: 4)
    Two-body Integrals (aaaa): 16 (larger than 0.000001: 16)

[2026-01-21 07:13:56.895896] [info] [sample_sci_workflow] AutoCAS energy = -385.97894554 Hartree
[2026-01-21 07:13:57.088201] [info] [qdk_chemistry.utils.wavefunction] Sparse CI finder (2 dets) = -385.97894412 Hartree (ΔE = 0.0014 mHartree)
[2026-01-21 07:13:57.091101] [info] [sample_sci_workflow] Sparse CI energy = -385.97894412 Hartree
[2026-01-21 07:13:57.093924] [info] [sample_sci_workflow] Stored wavefunction with 2 determinants
Determinants:
  20: -0.99237611
  02: 0.12324632


=== WORKFLOW END ===
End: 2026-01-21T07:13:57.747426
Elapsed seconds: 564.867265
