=== WORKFLOW START ===
Start: 2026-01-21T06:33:57.922636
Command: python sample_sci_workflow.py --xyz Validation-2026-01-20-aab310b108342456bf6b1017d01ccb8e31d2d52d/structures/1_molecules/mol023000_data_120697.structure.xyz --initial-active-space-solver macis_asci --autocas --max-determinants 100

[2026-01-21 06:34:00.674914] [info] [sample_sci_workflow] Structure Summary:
  Number of atoms: 18
  Composition: H9, N1, C6, O2
  Total mass: 127.143 AMU
  Nuclear Repulsion Energy: 419.069 Eh

[2026-01-21 06:34:05.160970] [info] [sample_sci_workflow] SCF energy = -436.59802700 Hartree
[2026-01-21 06:34:05.162709] [info] [qdk:chemistry:algorithms:microsoft:active_space:valence_active_space] ValenceActiveSpaceSelector::Starting active space selection.
[2026-01-21 06:34:05.163106] [info] [qdk:chemistry:algorithms:microsoft:active_space:valence_active_space] ValenceActiveSpaceSelector::Selected active space of 45 orbitals: 9, 10, 11, 12, 13, 14, 15, 16, 17, 18, 19, 20, 21, 22, 23, 24, 25, 26, 27, 28, 29, 30, 31, 32, 33, 34, 35, 36, 37, 38, 39, 40, 41, 42, 43, 44, 45, 46, 47, 48, 49, 50, 51, 52, 53
[2026-01-21 06:34:05.165914] [info] [sample_sci_workflow] Orbitals Summary:
  AOs: 171
  MOs: 171
  Type: Restricted
  Has overlap: Yes
  Has basis set: Yes
  Valid: Yes
  Has active space: Yes
  Active Orbitals: α=45, β=45
  Has inactive space: Yes
  Inactive Orbitals: α=9, β=9
  Virtual Orbitals: α=117, β=117

[2026-01-21 06:36:15.002464] [info] [sample_sci_workflow] Hamiltonian Summary:
  Type: Hermitian
  Restrictedness: Restricted
  Active Orbitals: 45
  Total Orbitals: 171
  Core Energy: -130.616272
  Integral Statistics:
    One-body Integrals (alpha): 2025 (larger than 0.000001: 2025)
    Two-body Integrals (aaaa): 4100625 (larger than 0.000001: 4094349)

[2026-01-21 06:36:15.040] [asci_grow] [info] [ASCI Grow Settings]:
[2026-01-21 06:36:15.040] [asci_grow] [info]   NTDETS_MAX = 100000, NCDETS_MAX =    100, GROW_FACTOR = 8
[2026-01-21 06:36:15.040] [asci_grow] [info] iter =    0, E0 =  -3.059817552117e+02, dE =   0.000000e+00, WFN_SIZE = 1
[2026-01-21 06:36:15.040] [asci_search] [info] [ASCI Search Settings]:
[2026-01-21 06:36:15.040] [asci_search] [info]   NCDETS =      1, NDETS_MAX =       100, H_EL_TOL = 1.000000e-08, RV_TOL = 1.000000e-08
[2026-01-21 06:36:15.040] [asci_search] [info]   MAX_RV_SIZE = 500000000, JUST_SINGLES = false
[2026-01-21 06:36:15.040] [asci_search] [info]   CDET_SUM = 1.00e+00
[2026-01-21 06:36:15.040] [asci_search] [info]   * Will Generate up to Quintuplets
[2026-01-21 06:36:15.098] [asci_search] [info]   * GEN_DUR = 5.79e+01 ms
[2026-01-21 06:36:15.413] [asci_search] [info]   * ASCI Kept 364903 Pairs
[2026-01-21 06:36:15.413] [asci_search] [info]   * Pairs Mem = 1.09e-02 GiB
[2026-01-21 06:36:15.429] [asci_search] [info]   * ASCI will search over 364903 unique determinants
[2026-01-21 06:36:15.429] [asci_search] [info]   * PAIR_DUR = 3.73e-01 s, SORT_ACC_DUR = 1.54e-02 s
[2026-01-21 06:36:15.429] [asci_search] [info]   * KEEP_LARG_DUR = 5.73e-04 s
[2026-01-21 06:36:15.436] [asci_search] [info]   * Kth Score Pivot = 9.1645659108197074e-03
[2026-01-21 06:36:15.438] [asci_search] [info]   * ASCI_SORT_DUR = 8.09e-03 s
[2026-01-21 06:36:15.438] [asci_search] [info]   * New Dets Mem = 1.49e-06 GiB
[2026-01-21 06:36:15.438] [asci_search] [info]   * ASCI_SEARCH DUR = 3.98e-01 s
[2026-01-21 06:36:15.438] [ci_solver] [info] [Selected CI Solver]:
[2026-01-21 06:36:15.438] [ci_solver] [info]   NDETS =    100, MATEL_TOL = 2.22045e-16, RES_TOL = 1.00000e-06, MAX_SUB =  200
[2026-01-21 06:36:15.565] [ci_solver] [info]   NNZ   =   2812, H_DUR     = 1.26340e+02 ms
[2026-01-21 06:36:15.565] [ci_solver] [info]   HMEM_LOC = 4.27e-05 GiB
[2026-01-21 06:36:15.565] [ci_solver] [info]   H_SPARSE = 2.81e+01%
[2026-01-21 06:36:15.565] [ci_solver] [info]   * Will generate identity guess
[2026-01-21 06:36:15.565] [davidson] [info] [Davidson Eigensolver]:
[2026-01-21 06:36:15.566] [davidson] [info]   N =    100, MAX_M =  100, RES_TOL = 1.00000e-06
[2026-01-21 06:36:15.601] [davidson] [info] iter =    1, LAM(0) =  -3.060072512540e+02, RNORM =   2.231599192521e-02
[2026-01-21 06:36:15.624] [davidson] [info] iter =    2, LAM(0) =  -3.060076405583e+02, RNORM =   3.206406134770e-03
[2026-01-21 06:36:15.648] [davidson] [info] iter =    3, LAM(0) =  -3.060076513320e+02, RNORM =   7.552300148457e-04
[2026-01-21 06:36:15.671] [davidson] [info] iter =    4, LAM(0) =  -3.060076518014e+02, RNORM =   1.003702033176e-04
[2026-01-21 06:36:15.694] [davidson] [info] iter =    5, LAM(0) =  -3.060076518098e+02, RNORM =   1.184894776891e-05
[2026-01-21 06:36:15.717] [davidson] [info] iter =    6, LAM(0) =  -3.060076518099e+02, RNORM =   1.749795756339e-06
[2026-01-21 06:36:15.740] [davidson] [info] iter =    7, LAM(0) =  -3.060076518099e+02, RNORM =   2.707205941647e-07
[2026-01-21 06:36:15.740] [davidson] [info] Davidson Converged!
[2026-01-21 06:36:15.740] [ci_solver] [info]   DAV_NITER =    7, E0 = -3.060077e+02 Eh, DAVIDSON_DUR = 1.75252e+02 ms
[2026-01-21 06:36:15.740] [asci_grow] [info] iter =    1, E0 =  -3.060076518099e+02, dE =  -2.589660e-02, WFN_SIZE = 100
[2026-01-21 06:36:15.740] [asci_search] [info] [ASCI Search Settings]:
[2026-01-21 06:36:15.740] [asci_search] [info]   NCDETS =    100, NDETS_MAX =       800, H_EL_TOL = 1.000000e-08, RV_TOL = 1.000000e-08
[2026-01-21 06:36:15.740] [asci_search] [info]   MAX_RV_SIZE = 500000000, JUST_SINGLES = false
[2026-01-21 06:36:15.740] [asci_search] [info]   CDET_SUM = 1.00e+00
[2026-01-21 06:36:15.741] [asci_search] [info]   * Will Generate up to Quintuplets
[2026-01-21 06:36:15.764] [asci_search] [info]   * GEN_DUR = 2.30e+01 ms
[2026-01-21 06:36:25.054] [asci_search] [info]   * ASCI Kept 30084301 Pairs
[2026-01-21 06:36:25.054] [asci_search] [info]   * Pairs Mem = 8.97e-01 GiB
[2026-01-21 06:36:27.111] [asci_search] [info]   * ASCI will search over 30084301 unique determinants
[2026-01-21 06:36:27.111] [asci_search] [info]   * PAIR_DUR = 9.31e+00 s, SORT_ACC_DUR = 2.06e+00 s
[2026-01-21 06:36:27.173] [asci_search] [info]   * KEEP_LARG_DUR = 6.12e-02 s
[2026-01-21 06:36:27.589] [asci_search] [info]   * Kth Score Pivot = 3.6311318830237267e-03
[2026-01-21 06:36:27.715] [asci_search] [info]   * ASCI_SORT_DUR = 5.42e-01 s
[2026-01-21 06:36:27.715] [asci_search] [info]   * New Dets Mem = 1.19e-05 GiB
[2026-01-21 06:36:27.715] [asci_search] [info]   * ASCI_SEARCH DUR = 1.20e+01 s
[2026-01-21 06:36:27.715] [ci_solver] [info] [Selected CI Solver]:
[2026-01-21 06:36:27.716] [ci_solver] [info]   NDETS =    800, MATEL_TOL = 2.22045e-16, RES_TOL = 1.00000e-06, MAX_SUB =  200
[2026-01-21 06:36:27.836] [ci_solver] [info]   NNZ   =  64524, H_DUR     = 1.20118e+02 ms
[2026-01-21 06:36:27.836] [ci_solver] [info]   HMEM_LOC = 9.67e-04 GiB
[2026-01-21 06:36:27.836] [ci_solver] [info]   H_SPARSE = 1.01e+01%
[2026-01-21 06:36:27.837] [ci_solver] [info]   * Will generate identity guess
[2026-01-21 06:36:27.837] [davidson] [info] [Davidson Eigensolver]:
[2026-01-21 06:36:27.838] [davidson] [info]   N =    800, MAX_M =  200, RES_TOL = 1.00000e-06
[2026-01-21 06:36:27.882] [davidson] [info] iter =    1, LAM(0) =  -3.060249562490e+02, RNORM =   9.185318426122e-02
[2026-01-21 06:36:27.906] [davidson] [info] iter =    2, LAM(0) =  -3.060294718881e+02, RNORM =   1.263182070036e-02
[2026-01-21 06:36:27.929] [davidson] [info] iter =    3, LAM(0) =  -3.060296233036e+02, RNORM =   3.547773473514e-03
[2026-01-21 06:36:27.953] [davidson] [info] iter =    4, LAM(0) =  -3.060296330910e+02, RNORM =   7.212097446418e-04
[2026-01-21 06:36:27.987] [davidson] [info] iter =    5, LAM(0) =  -3.060296334473e+02, RNORM =   1.410172343262e-04
[2026-01-21 06:36:28.005] [davidson] [info] iter =    6, LAM(0) =  -3.060296334622e+02, RNORM =   2.971091603648e-05
[2026-01-21 06:36:28.032] [davidson] [info] iter =    7, LAM(0) =  -3.060296334629e+02, RNORM =   6.542117759959e-06
[2026-01-21 06:36:28.061] [davidson] [info] iter =    8, LAM(0) =  -3.060296334630e+02, RNORM =   1.372246421701e-06
[2026-01-21 06:36:28.084] [davidson] [info] iter =    9, LAM(0) =  -3.060296334630e+02, RNORM =   2.678233763208e-07
[2026-01-21 06:36:28.084] [davidson] [info] Davidson Converged!
[2026-01-21 06:36:28.084] [ci_solver] [info]   DAV_NITER =    9, E0 = -3.060296e+02 Eh, DAVIDSON_DUR = 2.47565e+02 ms
[2026-01-21 06:36:28.084] [asci_grow] [info] iter =    2, E0 =  -3.060296334630e+02, dE =  -2.198165e-02, WFN_SIZE = 800
[2026-01-21 06:36:28.084] [asci_search] [info] [ASCI Search Settings]:
[2026-01-21 06:36:28.095] [asci_search] [info]   NCDETS =    100, NDETS_MAX =      6400, H_EL_TOL = 1.000000e-08, RV_TOL = 1.000000e-08
[2026-01-21 06:36:28.095] [asci_search] [info]   MAX_RV_SIZE = 500000000, JUST_SINGLES = false
[2026-01-21 06:36:28.095] [asci_search] [info]   CDET_SUM = 9.85e-01
[2026-01-21 06:36:28.097] [asci_search] [info]   * Will Generate up to Quintuplets
[2026-01-21 06:36:28.110] [asci_search] [info]   * GEN_DUR = 1.31e+01 ms
[2026-01-21 06:36:37.312] [asci_search] [info]   * ASCI Kept 29464977 Pairs
[2026-01-21 06:36:37.313] [asci_search] [info]   * Pairs Mem = 8.78e-01 GiB
[2026-01-21 06:36:39.616] [asci_search] [info]   * ASCI will search over 29464977 unique determinants
[2026-01-21 06:36:39.616] [asci_search] [info]   * PAIR_DUR = 9.22e+00 s, SORT_ACC_DUR = 2.30e+00 s
[2026-01-21 06:36:39.712] [asci_search] [info]   * KEEP_LARG_DUR = 9.56e-02 s
[2026-01-21 06:36:39.839] [asci_search] [info]   * Kth Score Pivot = 1.5650234599357737e-03
[2026-01-21 06:36:40.050] [asci_search] [info]   * ASCI_SORT_DUR = 3.37e-01 s
[2026-01-21 06:36:40.050] [asci_search] [info]   * New Dets Mem = 9.54e-05 GiB
[2026-01-21 06:36:40.051] [asci_search] [info]   * ASCI_SEARCH DUR = 1.20e+01 s
[2026-01-21 06:36:40.051] [ci_solver] [info] [Selected CI Solver]:
[2026-01-21 06:36:40.052] [ci_solver] [info]   NDETS =   6400, MATEL_TOL = 2.22045e-16, RES_TOL = 1.00000e-06, MAX_SUB =  200
[2026-01-21 06:36:40.235] [ci_solver] [info]   NNZ   = 1301598, H_DUR     = 1.83128e+02 ms
[2026-01-21 06:36:40.235] [ci_solver] [info]   HMEM_LOC = 1.94e-02 GiB
[2026-01-21 06:36:40.235] [ci_solver] [info]   H_SPARSE = 3.18e+00%
[2026-01-21 06:36:40.237] [ci_solver] [info]   * Will generate identity guess
[2026-01-21 06:36:40.246] [davidson] [info] [Davidson Eigensolver]:
[2026-01-21 06:36:40.247] [davidson] [info]   N =   6400, MAX_M =  200, RES_TOL = 1.00000e-06
[2026-01-21 06:36:40.297] [davidson] [info] iter =    1, LAM(0) =  -3.060567708073e+02, RNORM =   1.167678618850e-01
[2026-01-21 06:36:40.320] [davidson] [info] iter =    2, LAM(0) =  -3.060639608866e+02, RNORM =   2.165395571651e-02
[2026-01-21 06:36:40.343] [davidson] [info] iter =    3, LAM(0) =  -3.060642778125e+02, RNORM =   6.374330205473e-03
[2026-01-21 06:36:40.366] [davidson] [info] iter =    4, LAM(0) =  -3.060643092529e+02, RNORM =   1.651347164954e-03
[2026-01-21 06:36:40.388] [davidson] [info] iter =    5, LAM(0) =  -3.060643109893e+02, RNORM =   3.469586982316e-04
[2026-01-21 06:36:40.421] [davidson] [info] iter =    6, LAM(0) =  -3.060643110641e+02, RNORM =   7.535053383938e-05
[2026-01-21 06:36:40.444] [davidson] [info] iter =    7, LAM(0) =  -3.060643110679e+02, RNORM =   1.803438549487e-05
[2026-01-21 06:36:40.467] [davidson] [info] iter =    8, LAM(0) =  -3.060643110682e+02, RNORM =   4.114308089440e-06
[2026-01-21 06:36:40.490] [davidson] [info] iter =    9, LAM(0) =  -3.060643110682e+02, RNORM =   9.252496939184e-07
[2026-01-21 06:36:40.490] [davidson] [info] Davidson Converged!
[2026-01-21 06:36:40.490] [ci_solver] [info]   DAV_NITER =    9, E0 = -3.060643e+02 Eh, DAVIDSON_DUR = 2.44587e+02 ms
[2026-01-21 06:36:40.490] [asci_grow] [info] iter =    3, E0 =  -3.060643110682e+02, dE =  -3.467761e-02, WFN_SIZE = 6400
[2026-01-21 06:36:40.492] [asci_search] [info] [ASCI Search Settings]:
[2026-01-21 06:36:40.493] [asci_search] [info]   NCDETS =    100, NDETS_MAX =     51200, H_EL_TOL = 1.000000e-08, RV_TOL = 1.000000e-08
[2026-01-21 06:36:40.493] [asci_search] [info]   MAX_RV_SIZE = 500000000, JUST_SINGLES = false
[2026-01-21 06:36:40.493] [asci_search] [info]   CDET_SUM = 9.64e-01
[2026-01-21 06:36:40.494] [asci_search] [info]   * Will Generate up to Quintuplets
[2026-01-21 06:36:40.518] [asci_search] [info]   * GEN_DUR = 2.45e+01 ms
[2026-01-21 06:36:49.785] [asci_search] [info]   * ASCI Kept 29504387 Pairs
[2026-01-21 06:36:49.785] [asci_search] [info]   * Pairs Mem = 8.79e-01 GiB
[2026-01-21 06:36:51.616] [asci_search] [info]   * ASCI will search over 29504387 unique determinants
[2026-01-21 06:36:51.617] [asci_search] [info]   * PAIR_DUR = 9.29e+00 s, SORT_ACC_DUR = 1.83e+00 s
[2026-01-21 06:36:51.676] [asci_search] [info]   * KEEP_LARG_DUR = 5.96e-02 s
[2026-01-21 06:36:52.131] [asci_search] [info]   * Kth Score Pivot = 6.2384518072875329e-04
[2026-01-21 06:36:52.254] [asci_search] [info]   * ASCI_SORT_DUR = 5.78e-01 s
[2026-01-21 06:36:52.256] [asci_search] [info]   * New Dets Mem = 7.63e-04 GiB
[2026-01-21 06:36:52.256] [asci_search] [info]   * ASCI_SEARCH DUR = 1.18e+01 s
[2026-01-21 06:36:52.261] [ci_solver] [info] [Selected CI Solver]:
[2026-01-21 06:36:52.261] [ci_solver] [info]   NDETS =  51200, MATEL_TOL = 2.22045e-16, RES_TOL = 1.00000e-06, MAX_SUB =  200
[2026-01-21 06:36:56.798] [ci_solver] [info]   NNZ   = 37640324, H_DUR     = 4.53699e+03 ms
[2026-01-21 06:36:56.798] [ci_solver] [info]   HMEM_LOC = 5.61e-01 GiB
[2026-01-21 06:36:56.798] [ci_solver] [info]   H_SPARSE = 1.44e+00%
[2026-01-21 06:36:56.835] [ci_solver] [info]   * Will generate identity guess
[2026-01-21 06:36:56.869] [davidson] [info] [Davidson Eigensolver]:
[2026-01-21 06:36:56.869] [davidson] [info]   N =  51200, MAX_M =  200, RES_TOL = 1.00000e-06
[2026-01-21 06:36:56.941] [davidson] [info] iter =    1, LAM(0) =  -3.061116910120e+02, RNORM =   1.275948043051e-01
[2026-01-21 06:36:56.978] [davidson] [info] iter =    2, LAM(0) =  -3.061205378243e+02, RNORM =   2.128879414248e-02
[2026-01-21 06:36:56.994] [davidson] [info] iter =    3, LAM(0) =  -3.061208435251e+02, RNORM =   6.574402708025e-03
[2026-01-21 06:36:57.030] [davidson] [info] iter =    4, LAM(0) =  -3.061208714640e+02, RNORM =   1.950248445686e-03
[2026-01-21 06:36:57.071] [davidson] [info] iter =    5, LAM(0) =  -3.061208737924e+02, RNORM =   4.416880495325e-04
[2026-01-21 06:36:57.129] [davidson] [info] iter =    6, LAM(0) =  -3.061208739054e+02, RNORM =   1.040079938357e-04
[2026-01-21 06:36:57.209] [davidson] [info] iter =    7, LAM(0) =  -3.061208739119e+02, RNORM =   2.674758489839e-05
[2026-01-21 06:36:57.313] [davidson] [info] iter =    8, LAM(0) =  -3.061208739124e+02, RNORM =   6.985687605516e-06
[2026-01-21 06:36:57.407] [davidson] [info] iter =    9, LAM(0) =  -3.061208739124e+02, RNORM =   1.612558957698e-06
[2026-01-21 06:36:57.485] [davidson] [info] iter =   10, LAM(0) =  -3.061208739124e+02, RNORM =   3.929153833875e-07
[2026-01-21 06:36:57.485] [davidson] [info] Davidson Converged!
[2026-01-21 06:36:57.485] [ci_solver] [info]   DAV_NITER =   10, E0 = -3.061209e+02 Eh, DAVIDSON_DUR = 6.16140e+02 ms
[2026-01-21 06:36:57.486] [asci_grow] [info] iter =    4, E0 =  -3.061208739124e+02, dE =  -5.656284e-02, WFN_SIZE = 51200
[2026-01-21 06:36:57.492] [asci_search] [info] [ASCI Search Settings]:
[2026-01-21 06:36:57.492] [asci_search] [info]   NCDETS =    100, NDETS_MAX =    100000, H_EL_TOL = 1.000000e-08, RV_TOL = 1.000000e-08
[2026-01-21 06:36:57.492] [asci_search] [info]   MAX_RV_SIZE = 500000000, JUST_SINGLES = false
[2026-01-21 06:36:57.492] [asci_search] [info]   CDET_SUM = 9.37e-01
[2026-01-21 06:36:57.500] [asci_search] [info]   * Will Generate up to Quintuplets
[2026-01-21 06:36:57.547] [asci_search] [info]   * GEN_DUR = 4.69e+01 ms
[2026-01-21 06:37:07.435] [asci_search] [info]   * ASCI Kept 29557544 Pairs
[2026-01-21 06:37:07.435] [asci_search] [info]   * Pairs Mem = 8.81e-01 GiB
[2026-01-21 06:37:09.680] [asci_search] [info]   * ASCI will search over 29557544 unique determinants
[2026-01-21 06:37:09.680] [asci_search] [info]   * PAIR_DUR = 9.94e+00 s, SORT_ACC_DUR = 2.24e+00 s
[2026-01-21 06:37:09.774] [asci_search] [info]   * KEEP_LARG_DUR = 9.48e-02 s
[2026-01-21 06:37:10.179] [asci_search] [info]   * Kth Score Pivot = 3.8215793927034617e-04
[2026-01-21 06:37:10.388] [asci_search] [info]   * ASCI_SORT_DUR = 6.13e-01 s
[2026-01-21 06:37:10.393] [asci_search] [info]   * New Dets Mem = 1.49e-03 GiB
[2026-01-21 06:37:10.393] [asci_search] [info]   * ASCI_SEARCH DUR = 1.29e+01 s
[2026-01-21 06:37:10.402] [ci_solver] [info] [Selected CI Solver]:
[2026-01-21 06:37:10.402] [ci_solver] [info]   NDETS = 100000, MATEL_TOL = 2.22045e-16, RES_TOL = 1.00000e-06, MAX_SUB =  200
[2026-01-21 06:37:27.409] [ci_solver] [info]   NNZ   = 125669884, H_DUR     = 1.70074e+04 ms
[2026-01-21 06:37:27.409] [ci_solver] [info]   HMEM_LOC = 1.87e+00 GiB
[2026-01-21 06:37:27.409] [ci_solver] [info]   H_SPARSE = 1.26e+00%
[2026-01-21 06:37:27.483] [ci_solver] [info]   * Will generate identity guess
[2026-01-21 06:37:27.555] [davidson] [info] [Davidson Eigensolver]:
[2026-01-21 06:37:27.555] [davidson] [info]   N = 100000, MAX_M =  200, RES_TOL = 1.00000e-06
[2026-01-21 06:37:27.677] [davidson] [info] iter =    1, LAM(0) =  -3.061291161752e+02, RNORM =   1.313502960369e-01
[2026-01-21 06:37:27.718] [davidson] [info] iter =    2, LAM(0) =  -3.061387501251e+02, RNORM =   2.162207501453e-02
[2026-01-21 06:37:27.777] [davidson] [info] iter =    3, LAM(0) =  -3.061390716367e+02, RNORM =   6.187145166713e-03
[2026-01-21 06:37:27.861] [davidson] [info] iter =    4, LAM(0) =  -3.061390966602e+02, RNORM =   1.911206328413e-03
[2026-01-21 06:37:27.949] [davidson] [info] iter =    5, LAM(0) =  -3.061390988443e+02, RNORM =   4.699765460428e-04
[2026-01-21 06:37:28.040] [davidson] [info] iter =    6, LAM(0) =  -3.061390989732e+02, RNORM =   1.162513602235e-04
[2026-01-21 06:37:28.129] [davidson] [info] iter =    7, LAM(0) =  -3.061390989811e+02, RNORM =   3.121707167126e-05
[2026-01-21 06:37:28.265] [davidson] [info] iter =    8, LAM(0) =  -3.061390989817e+02, RNORM =   8.364146686087e-06
[2026-01-21 06:37:28.338] [davidson] [info] iter =    9, LAM(0) =  -3.061390989817e+02, RNORM =   2.019190614502e-06
[2026-01-21 06:37:28.422] [davidson] [info] iter =   10, LAM(0) =  -3.061390989817e+02, RNORM =   4.914067104823e-07
[2026-01-21 06:37:28.422] [davidson] [info] Davidson Converged!
[2026-01-21 06:37:28.422] [ci_solver] [info]   DAV_NITER =   10, E0 = -3.061391e+02 Eh, DAVIDSON_DUR = 8.66544e+02 ms
[2026-01-21 06:37:28.439] [asci_grow] [info] iter =    5, E0 =  -3.061390989817e+02, dE =  -1.822507e-02, WFN_SIZE = 100000
[2026-01-21 06:37:28.439] [asci_grow] [info] * GROW_DUR = 7.34e+04 ms
[2026-01-21 06:37:28.447] [asci_refine] [info] [ASCI Refine Settings]:
[2026-01-21 06:37:28.447] [asci_refine] [info]   NTDETS = 100000, NCDETS =    100, MAX_REFINE_ITER =    6, REFINE_TOL = 1.00e-06
[2026-01-21 06:37:28.447] [asci_refine] [info] iter =    0, E0 =  -3.061390989817e+02, dE =   0.000000e+00
[2026-01-21 06:37:28.464] [asci_search] [info] [ASCI Search Settings]:
[2026-01-21 06:37:28.464] [asci_search] [info]   NCDETS =    100, NDETS_MAX =    100000, H_EL_TOL = 1.000000e-08, RV_TOL = 1.000000e-08
[2026-01-21 06:37:28.464] [asci_search] [info]   MAX_RV_SIZE = 500000000, JUST_SINGLES = false
[2026-01-21 06:37:28.464] [asci_search] [info]   CDET_SUM = 9.28e-01
[2026-01-21 06:37:28.477] [asci_search] [info]   * Will Generate up to Quintuplets
[2026-01-21 06:37:28.491] [asci_search] [info]   * GEN_DUR = 1.46e+01 ms
[2026-01-21 06:37:38.595] [asci_search] [info]   * ASCI Kept 29552230 Pairs
[2026-01-21 06:37:38.595] [asci_search] [info]   * Pairs Mem = 8.81e-01 GiB
[2026-01-21 06:37:40.891] [asci_search] [info]   * ASCI will search over 29552230 unique determinants
[2026-01-21 06:37:40.891] [asci_search] [info]   * PAIR_DUR = 1.01e+01 s, SORT_ACC_DUR = 2.30e+00 s
[2026-01-21 06:37:40.984] [asci_search] [info]   * KEEP_LARG_DUR = 9.27e-02 s
[2026-01-21 06:37:41.329] [asci_search] [info]   * Kth Score Pivot = 3.7657611173369011e-04
[2026-01-21 06:37:41.529] [asci_search] [info]   * ASCI_SORT_DUR = 5.45e-01 s
[2026-01-21 06:37:41.530] [asci_search] [info]   * New Dets Mem = 1.49e-03 GiB
[2026-01-21 06:37:41.531] [asci_search] [info]   * ASCI_SEARCH DUR = 1.31e+01 s
[2026-01-21 06:37:41.539] [ci_solver] [info] [Selected CI Solver]:
[2026-01-21 06:37:41.539] [ci_solver] [info]   NDETS = 100000, MATEL_TOL = 2.22045e-16, RES_TOL = 1.00000e-06, MAX_SUB =  200
[2026-01-21 06:37:58.548] [ci_solver] [info]   NNZ   = 125586628, H_DUR     = 1.70089e+04 ms
[2026-01-21 06:37:58.548] [ci_solver] [info]   HMEM_LOC = 1.87e+00 GiB
[2026-01-21 06:37:58.548] [ci_solver] [info]   H_SPARSE = 1.26e+00%
[2026-01-21 06:37:58.608] [ci_solver] [info]   * Will generate identity guess
[2026-01-21 06:37:58.668] [davidson] [info] [Davidson Eigensolver]:
[2026-01-21 06:37:58.669] [davidson] [info]   N = 100000, MAX_M =  200, RES_TOL = 1.00000e-06
[2026-01-21 06:37:58.864] [davidson] [info] iter =    1, LAM(0) =  -3.061291314644e+02, RNORM =   1.313177389514e-01
[2026-01-21 06:37:58.921] [davidson] [info] iter =    2, LAM(0) =  -3.061387532306e+02, RNORM =   2.159837948852e-02
[2026-01-21 06:37:58.987] [davidson] [info] iter =    3, LAM(0) =  -3.061390741514e+02, RNORM =   6.184398037012e-03
[2026-01-21 06:37:59.057] [davidson] [info] iter =    4, LAM(0) =  -3.061390991466e+02, RNORM =   1.911757266057e-03
[2026-01-21 06:37:59.141] [davidson] [info] iter =    5, LAM(0) =  -3.061391013268e+02, RNORM =   4.690525164227e-04
[2026-01-21 06:37:59.217] [davidson] [info] iter =    6, LAM(0) =  -3.061391014550e+02, RNORM =   1.159703859411e-04
[2026-01-21 06:37:59.298] [davidson] [info] iter =    7, LAM(0) =  -3.061391014629e+02, RNORM =   3.118264457776e-05
[2026-01-21 06:37:59.389] [davidson] [info] iter =    8, LAM(0) =  -3.061391014634e+02, RNORM =   8.359700233351e-06
[2026-01-21 06:37:59.471] [davidson] [info] iter =    9, LAM(0) =  -3.061391014635e+02, RNORM =   2.018774420790e-06
[2026-01-21 06:37:59.552] [davidson] [info] iter =   10, LAM(0) =  -3.061391014635e+02, RNORM =   4.908722091947e-07
[2026-01-21 06:37:59.552] [davidson] [info] Davidson Converged!
[2026-01-21 06:37:59.552] [ci_solver] [info]   DAV_NITER =   10, E0 = -3.061391e+02 Eh, DAVIDSON_DUR = 8.83470e+02 ms
[2026-01-21 06:37:59.559] [asci_refine] [info] iter =    1, E0 =  -3.061391014635e+02, dE =  -2.481753e-06
[2026-01-21 06:37:59.570] [asci_search] [info] [ASCI Search Settings]:
[2026-01-21 06:37:59.570] [asci_search] [info]   NCDETS =    100, NDETS_MAX =    100000, H_EL_TOL = 1.000000e-08, RV_TOL = 1.000000e-08
[2026-01-21 06:37:59.570] [asci_search] [info]   MAX_RV_SIZE = 500000000, JUST_SINGLES = false
[2026-01-21 06:37:59.570] [asci_search] [info]   CDET_SUM = 9.29e-01
[2026-01-21 06:37:59.571] [asci_search] [info]   * Will Generate up to Quintuplets
[2026-01-21 06:37:59.595] [asci_search] [info]   * GEN_DUR = 2.44e+01 ms
[2026-01-21 06:38:08.672] [asci_search] [info]   * ASCI Kept 29552247 Pairs
[2026-01-21 06:38:08.672] [asci_search] [info]   * Pairs Mem = 8.81e-01 GiB
[2026-01-21 06:38:10.491] [asci_search] [info]   * ASCI will search over 29552247 unique determinants
[2026-01-21 06:38:10.491] [asci_search] [info]   * PAIR_DUR = 9.10e+00 s, SORT_ACC_DUR = 1.82e+00 s
[2026-01-21 06:38:10.550] [asci_search] [info]   * KEEP_LARG_DUR = 5.92e-02 s
[2026-01-21 06:38:10.836] [asci_search] [info]   * Kth Score Pivot = 3.7658175877495993e-04
[2026-01-21 06:38:10.959] [asci_search] [info]   * ASCI_SORT_DUR = 4.09e-01 s
[2026-01-21 06:38:10.960] [asci_search] [info]   * New Dets Mem = 1.49e-03 GiB
[2026-01-21 06:38:10.961] [asci_search] [info]   * ASCI_SEARCH DUR = 1.14e+01 s
[2026-01-21 06:38:10.969] [ci_solver] [info] [Selected CI Solver]:
[2026-01-21 06:38:10.969] [ci_solver] [info]   NDETS = 100000, MATEL_TOL = 2.22045e-16, RES_TOL = 1.00000e-06, MAX_SUB =  200
[2026-01-21 06:38:27.674] [ci_solver] [info]   NNZ   = 125586628, H_DUR     = 1.67055e+04 ms
[2026-01-21 06:38:27.674] [ci_solver] [info]   HMEM_LOC = 1.87e+00 GiB
[2026-01-21 06:38:27.674] [ci_solver] [info]   H_SPARSE = 1.26e+00%
[2026-01-21 06:38:27.735] [ci_solver] [info]   * Will generate identity guess
[2026-01-21 06:38:27.795] [davidson] [info] [Davidson Eigensolver]:
[2026-01-21 06:38:27.795] [davidson] [info]   N = 100000, MAX_M =  200, RES_TOL = 1.00000e-06
[2026-01-21 06:38:27.911] [davidson] [info] iter =    1, LAM(0) =  -3.061291314644e+02, RNORM =   1.313177389514e-01
[2026-01-21 06:38:27.971] [davidson] [info] iter =    2, LAM(0) =  -3.061387532306e+02, RNORM =   2.159837948852e-02
[2026-01-21 06:38:28.040] [davidson] [info] iter =    3, LAM(0) =  -3.061390741514e+02, RNORM =   6.184398037012e-03
[2026-01-21 06:38:28.117] [davidson] [info] iter =    4, LAM(0) =  -3.061390991466e+02, RNORM =   1.911757266057e-03
[2026-01-21 06:38:28.203] [davidson] [info] iter =    5, LAM(0) =  -3.061391013268e+02, RNORM =   4.690525164227e-04
[2026-01-21 06:38:28.273] [davidson] [info] iter =    6, LAM(0) =  -3.061391014550e+02, RNORM =   1.159703859411e-04
[2026-01-21 06:38:28.345] [davidson] [info] iter =    7, LAM(0) =  -3.061391014629e+02, RNORM =   3.118264457776e-05
[2026-01-21 06:38:28.421] [davidson] [info] iter =    8, LAM(0) =  -3.061391014634e+02, RNORM =   8.359700233351e-06
[2026-01-21 06:38:28.499] [davidson] [info] iter =    9, LAM(0) =  -3.061391014635e+02, RNORM =   2.018774420790e-06
[2026-01-21 06:38:28.570] [davidson] [info] iter =   10, LAM(0) =  -3.061391014635e+02, RNORM =   4.908722091947e-07
[2026-01-21 06:38:28.570] [davidson] [info] Davidson Converged!
[2026-01-21 06:38:28.570] [ci_solver] [info]   DAV_NITER =   10, E0 = -3.061391e+02 Eh, DAVIDSON_DUR = 7.74989e+02 ms
[2026-01-21 06:38:28.575] [asci_refine] [info] iter =    2, E0 =  -3.061391014635e+02, dE =   0.000000e+00
[2026-01-21 06:38:28.575] [asci_refine] [info] ASCI Refine Converged!
[2026-01-21 06:39:06.045708] [info] [sample_sci_workflow] CASCI energy = -436.75537326 Hartree
[2026-01-21 06:39:06.046090] [info] [qdk:chemistry:algorithms:microsoft:active_space:autocas_active_space] AutoCAS::Starting active space selection.
[2026-01-21 06:39:06.062846] [info] [qdk:chemistry:algorithms:active_space] Max entropy: 0.144317
[2026-01-21 06:39:06.062921] [info] [qdk:chemistry:algorithms:active_space] Normalized orbital entropies:
[2026-01-21 06:39:06.062929] [info] [qdk:chemistry:algorithms:active_space]   Orbital index   Normalized Entropy   Raw Entropy
[2026-01-21 06:39:06.062939] [info] [qdk:chemistry:algorithms:active_space]              39             1.000000      0.144317
[2026-01-21 06:39:06.062945] [info] [qdk:chemistry:algorithms:active_space]              31             0.930050      0.134222
[2026-01-21 06:39:06.062950] [info] [qdk:chemistry:algorithms:active_space]              30             0.766483      0.110617
[2026-01-21 06:39:06.062956] [info] [qdk:chemistry:algorithms:active_space]              37             0.614883      0.088738
[2026-01-21 06:39:06.062961] [info] [qdk:chemistry:algorithms:active_space]              43             0.591501      0.085364
[2026-01-21 06:39:06.062966] [info] [qdk:chemistry:algorithms:active_space]              33             0.578132      0.083434
[2026-01-21 06:39:06.062972] [info] [qdk:chemistry:algorithms:active_space]              38             0.485387      0.070050
[2026-01-21 06:39:06.062977] [info] [qdk:chemistry:algorithms:active_space]              44             0.453653      0.065470
[2026-01-21 06:39:06.062982] [info] [qdk:chemistry:algorithms:active_space]              29             0.413770      0.059714
[2026-01-21 06:39:06.062987] [info] [qdk:chemistry:algorithms:active_space]              23             0.404448      0.058369
[2026-01-21 06:39:06.062992] [info] [qdk:chemistry:algorithms:active_space]              45             0.379759      0.054806
[2026-01-21 06:39:06.062997] [info] [qdk:chemistry:algorithms:active_space]              49             0.364427      0.052593
[2026-01-21 06:39:06.063002] [info] [qdk:chemistry:algorithms:active_space]              48             0.346065      0.049943
[2026-01-21 06:39:06.063007] [info] [qdk:chemistry:algorithms:active_space]              24             0.332086      0.047926
[2026-01-21 06:39:06.063012] [info] [qdk:chemistry:algorithms:active_space]              34             0.322458      0.046536
[2026-01-21 06:39:06.063017] [info] [qdk:chemistry:algorithms:active_space]              28             0.321402      0.046384
[2026-01-21 06:39:06.063022] [info] [qdk:chemistry:algorithms:active_space]              18             0.320819      0.046300
[2026-01-21 06:39:06.063027] [info] [qdk:chemistry:algorithms:active_space]              46             0.305487      0.044087
[2026-01-21 06:39:06.063041] [info] [qdk:chemistry:algorithms:active_space]              51             0.298490      0.043077
[2026-01-21 06:39:06.063047] [info] [qdk:chemistry:algorithms:active_space]              52             0.292327      0.042188
[2026-01-21 06:39:06.063052] [info] [qdk:chemistry:algorithms:active_space]              20             0.286695      0.041375
[2026-01-21 06:39:06.063057] [info] [qdk:chemistry:algorithms:active_space]              27             0.278202      0.040149
[2026-01-21 06:39:06.063062] [info] [qdk:chemistry:algorithms:active_space]              47             0.274498      0.039615
[2026-01-21 06:39:06.063067] [info] [qdk:chemistry:algorithms:active_space]              42             0.270912      0.039097
[2026-01-21 06:39:06.063072] [info] [qdk:chemistry:algorithms:active_space]              21             0.267785      0.038646
[2026-01-21 06:39:06.063077] [info] [qdk:chemistry:algorithms:active_space]              25             0.256854      0.037069
[2026-01-21 06:39:06.063083] [info] [qdk:chemistry:algorithms:active_space]              22             0.250896      0.036209
[2026-01-21 06:39:06.064200] [info] [qdk:chemistry:algorithms:active_space]              36             0.249265      0.035973
[2026-01-21 06:39:06.064206] [info] [qdk:chemistry:algorithms:active_space]              19             0.243479      0.035138
[2026-01-21 06:39:06.064211] [info] [qdk:chemistry:algorithms:active_space]              35             0.242491      0.034996
[2026-01-21 06:39:06.064216] [info] [qdk:chemistry:algorithms:active_space]              50             0.241281      0.034821
[2026-01-21 06:39:06.064221] [info] [qdk:chemistry:algorithms:active_space]              53             0.229603      0.033136
[2026-01-21 06:39:06.064226] [info] [qdk:chemistry:algorithms:active_space]              32             0.227984      0.032902
[2026-01-21 06:39:06.064232] [info] [qdk:chemistry:algorithms:active_space]              17             0.221571      0.031977
[2026-01-21 06:39:06.064237] [info] [qdk:chemistry:algorithms:active_space]              16             0.220585      0.031834
[2026-01-21 06:39:06.064242] [info] [qdk:chemistry:algorithms:active_space]              26             0.199501      0.028791
[2026-01-21 06:39:06.064247] [info] [qdk:chemistry:algorithms:active_space]              41             0.191553      0.027644
[2026-01-21 06:39:06.064252] [info] [qdk:chemistry:algorithms:active_space]              40             0.183103      0.026425
[2026-01-21 06:39:06.064257] [info] [qdk:chemistry:algorithms:active_space]              14             0.178648      0.025782
[2026-01-21 06:39:06.064262] [info] [qdk:chemistry:algorithms:active_space]              15             0.176215      0.025431
[2026-01-21 06:39:06.064267] [info] [qdk:chemistry:algorithms:active_space]              13             0.125333      0.018088
[2026-01-21 06:39:06.064272] [info] [qdk:chemistry:algorithms:active_space]              12             0.116364      0.016793
[2026-01-21 06:39:06.064277] [info] [qdk:chemistry:algorithms:active_space]              11             0.111693      0.016119
[2026-01-21 06:39:06.064282] [info] [qdk:chemistry:algorithms:active_space]               9             0.083891      0.012107
[2026-01-21 06:39:06.064288] [info] [qdk:chemistry:algorithms:active_space]              10             0.057932      0.008361
[2026-01-21 06:39:06.065554] [info] [qdk:chemistry:algorithms:microsoft:active_space:autocas_active_space] Identified 2 plateaus.
[2026-01-21 06:39:06.066485] [info] [qdk:chemistry:algorithms:microsoft:active_space:autocas_active_space] AutoCAS::Selected active space of 3 orbitals: 30, 31, 39
[2026-01-21 06:39:06.068299] [info] [sample_sci_workflow] AutoCAS selected active space with indices: [30, 31, 39]
[2026-01-21 06:39:10.296319] [info] [qdk:chemistry:algorithms:microsoft:macis_asci] Requested number of determinants (100000) exceeds FCI dimension (9).
[2026-01-21 06:39:10.296] [ci_solver] [info] [Selected CI Solver]:
[2026-01-21 06:39:10.296] [ci_solver] [info]   NDETS =      9, MATEL_TOL = 2.22045e-16, RES_TOL = 1.00000e-06, MAX_SUB =  200
[2026-01-21 06:39:10.457] [ci_solver] [info]   NNZ   =     81, H_DUR     = 1.61004e+02 ms
[2026-01-21 06:39:10.457] [ci_solver] [info]   HMEM_LOC = 1.28e-06 GiB
[2026-01-21 06:39:10.457] [ci_solver] [info]   H_SPARSE = 1.00e+02%
[2026-01-21 06:39:10.457] [ci_solver] [info]   * Will generate identity guess
[2026-01-21 06:39:10.457] [davidson] [info] [Davidson Eigensolver]:
[2026-01-21 06:39:10.457] [davidson] [info]   N =      9, MAX_M =    9, RES_TOL = 1.00000e-06
[2026-01-21 06:39:10.503] [davidson] [info] iter =    1, LAM(0) =  -3.726966282671e+00, RNORM =   2.209792962629e-03
[2026-01-21 06:39:10.526] [davidson] [info] iter =    2, LAM(0) =  -3.726973022622e+00, RNORM =   8.438647374246e-05
[2026-01-21 06:39:10.549] [davidson] [info] iter =    3, LAM(0) =  -3.726973038190e+00, RNORM =   1.719791555193e-06
[2026-01-21 06:39:10.571] [davidson] [info] iter =    4, LAM(0) =  -3.726973038195e+00, RNORM =   1.962207449815e-08
[2026-01-21 06:39:10.571] [davidson] [info] Davidson Converged!
[2026-01-21 06:39:10.571] [ci_solver] [info]   DAV_NITER =    4, E0 = -3.726973e+00 Eh, DAVIDSON_DUR = 1.14422e+02 ms
[2026-01-21 06:39:10.617118] [info] [sample_sci_workflow] Hamiltonian Summary:
  Type: Hermitian
  Restrictedness: Restricted
  Active Orbitals: 3
  Total Orbitals: 171
  Core Energy: -432.873345
  Integral Statistics:
    One-body Integrals (alpha): 9 (larger than 0.000001: 9)
    Two-body Integrals (aaaa): 81 (larger than 0.000001: 81)

[2026-01-21 06:39:10.617563] [info] [sample_sci_workflow] AutoCAS energy = -436.60031815 Hartree
[2026-01-21 06:39:10.805767] [info] [qdk_chemistry.utils.wavefunction] Sparse CI finder (2 dets) = -436.60010437 Hartree (ΔE = 0.2138 mHartree)
[2026-01-21 06:39:10.808112] [info] [sample_sci_workflow] Sparse CI energy = -436.60010437 Hartree
[2026-01-21 06:39:10.815808] [info] [sample_sci_workflow] Stored wavefunction with 2 determinants
Determinants:
  220: -0.99893358
  022: 0.04617038


=== WORKFLOW END ===
End: 2026-01-21T06:39:11.650231
Elapsed seconds: 313.727569
