=== WORKFLOW START ===
Start: 2026-01-21T06:56:52.709120
Command: python sample_sci_workflow.py --xyz Validation-2026-01-20-aab310b108342456bf6b1017d01ccb8e31d2d52d/structures/1_molecules/mol033557_data_130198.structure.xyz --initial-active-space-solver macis_asci --autocas --max-determinants 100

[2026-01-21 06:56:55.466276] [info] [sample_sci_workflow] Structure Summary:
  Number of atoms: 9
  Composition: O1, N1, C2, H5
  Total mass: 59.068 AMU
  Nuclear Repulsion Energy: 116.629 Eh

[2026-01-21 06:56:57.912710] [info] [sample_sci_workflow] SCF energy = -207.93921326 Hartree
[2026-01-21 06:56:57.913113] [info] [qdk:chemistry:algorithms:microsoft:active_space:valence_active_space] ValenceActiveSpaceSelector::Starting active space selection.
[2026-01-21 06:56:57.914208] [info] [qdk:chemistry:algorithms:microsoft:active_space:valence_active_space] ValenceActiveSpaceSelector::Selected active space of 21 orbitals: 4, 5, 6, 7, 8, 9, 10, 11, 12, 13, 14, 15, 16, 17, 18, 19, 20, 21, 22, 23, 24
[2026-01-21 06:56:57.916322] [info] [sample_sci_workflow] Orbitals Summary:
  AOs: 81
  MOs: 81
  Type: Restricted
  Has overlap: Yes
  Has basis set: Yes
  Valid: Yes
  Has active space: Yes
  Active Orbitals: α=21, β=21
  Has inactive space: Yes
  Inactive Orbitals: α=4, β=4
  Virtual Orbitals: α=56, β=56

[2026-01-21 06:57:00.833691] [info] [sample_sci_workflow] Hamiltonian Summary:
  Type: Hermitian
  Restrictedness: Restricted
  Active Orbitals: 21
  Total Orbitals: 81
  Core Energy: -102.519773
  Integral Statistics:
    One-body Integrals (alpha): 441 (larger than 0.000001: 441)
    Two-body Integrals (aaaa): 194481 (larger than 0.000001: 194401)

[2026-01-21 06:57:00.835] [asci_grow] [info] [ASCI Grow Settings]:
[2026-01-21 06:57:00.835] [asci_grow] [info]   NTDETS_MAX = 100000, NCDETS_MAX =    100, GROW_FACTOR = 8
[2026-01-21 06:57:00.835] [asci_grow] [info] iter =    0, E0 =  -1.054194403186e+02, dE =   0.000000e+00, WFN_SIZE = 1
[2026-01-21 06:57:00.835] [asci_search] [info] [ASCI Search Settings]:
[2026-01-21 06:57:00.835] [asci_search] [info]   NCDETS =      1, NDETS_MAX =       100, H_EL_TOL = 1.000000e-08, RV_TOL = 1.000000e-08
[2026-01-21 06:57:00.835] [asci_search] [info]   MAX_RV_SIZE = 500000000, JUST_SINGLES = false
[2026-01-21 06:57:00.835] [asci_search] [info]   CDET_SUM = 1.00e+00
[2026-01-21 06:57:00.835] [asci_search] [info]   * Will Generate up to Quintuplets
[2026-01-21 06:57:00.854] [asci_search] [info]   * GEN_DUR = 1.92e+01 ms
[2026-01-21 06:57:00.878] [asci_search] [info]   * ASCI Kept 16613 Pairs
[2026-01-21 06:57:00.878] [asci_search] [info]   * Pairs Mem = 3.71e-04 GiB
[2026-01-21 06:57:00.879] [asci_search] [info]   * ASCI will search over 16613 unique determinants
[2026-01-21 06:57:00.880] [asci_search] [info]   * PAIR_DUR = 4.34e-02 s, SORT_ACC_DUR = 5.58e-04 s
[2026-01-21 06:57:00.880] [asci_search] [info]   * KEEP_LARG_DUR = 2.53e-05 s
[2026-01-21 06:57:00.880] [asci_search] [info]   * Kth Score Pivot = 8.1177463789495214e-03
[2026-01-21 06:57:00.881] [asci_search] [info]   * ASCI_SORT_DUR = 1.05e-03 s
[2026-01-21 06:57:00.881] [asci_search] [info]   * New Dets Mem = 7.45e-07 GiB
[2026-01-21 06:57:00.881] [asci_search] [info]   * ASCI_SEARCH DUR = 4.59e-02 s
[2026-01-21 06:57:00.881] [ci_solver] [info] [Selected CI Solver]:
[2026-01-21 06:57:00.882] [ci_solver] [info]   NDETS =    100, MATEL_TOL = 2.22045e-16, RES_TOL = 1.00000e-06, MAX_SUB =  200
[2026-01-21 06:57:00.892] [ci_solver] [info]   NNZ   =   2710, H_DUR     = 1.01801e+01 ms
[2026-01-21 06:57:00.892] [ci_solver] [info]   HMEM_LOC = 4.11e-05 GiB
[2026-01-21 06:57:00.892] [ci_solver] [info]   H_SPARSE = 2.71e+01%
[2026-01-21 06:57:00.892] [ci_solver] [info]   * Will generate identity guess
[2026-01-21 06:57:00.892] [davidson] [info] [Davidson Eigensolver]:
[2026-01-21 06:57:00.892] [davidson] [info]   N =    100, MAX_M =  100, RES_TOL = 1.00000e-06
[2026-01-21 06:57:00.892] [davidson] [info] iter =    1, LAM(0) =  -1.054411059842e+02, RNORM =   7.380529486626e-02
[2026-01-21 06:57:00.892] [davidson] [info] iter =    2, LAM(0) =  -1.054459858421e+02, RNORM =   1.064331391647e-02
[2026-01-21 06:57:00.893] [davidson] [info] iter =    3, LAM(0) =  -1.054460663837e+02, RNORM =   8.399014307793e-04
[2026-01-21 06:57:00.893] [davidson] [info] iter =    4, LAM(0) =  -1.054460669591e+02, RNORM =   1.232591354725e-04
[2026-01-21 06:57:00.903] [davidson] [info] iter =    5, LAM(0) =  -1.054460669712e+02, RNORM =   1.874769025408e-05
[2026-01-21 06:57:00.921] [davidson] [info] iter =    6, LAM(0) =  -1.054460669715e+02, RNORM =   3.327182672237e-06
[2026-01-21 06:57:00.942] [davidson] [info] iter =    7, LAM(0) =  -1.054460669715e+02, RNORM =   3.886406350675e-07
[2026-01-21 06:57:00.942] [davidson] [info] Davidson Converged!
[2026-01-21 06:57:00.942] [ci_solver] [info]   DAV_NITER =    7, E0 = -1.054461e+02 Eh, DAVIDSON_DUR = 4.98951e+01 ms
[2026-01-21 06:57:00.942] [asci_grow] [info] iter =    1, E0 =  -1.054460669715e+02, dE =  -2.662665e-02, WFN_SIZE = 100
[2026-01-21 06:57:00.942] [asci_search] [info] [ASCI Search Settings]:
[2026-01-21 06:57:00.942] [asci_search] [info]   NCDETS =    100, NDETS_MAX =       800, H_EL_TOL = 1.000000e-08, RV_TOL = 1.000000e-08
[2026-01-21 06:57:00.942] [asci_search] [info]   MAX_RV_SIZE = 500000000, JUST_SINGLES = false
[2026-01-21 06:57:00.942] [asci_search] [info]   CDET_SUM = 1.00e+00
[2026-01-21 06:57:00.943] [asci_search] [info]   * Will Generate up to Quintuplets
[2026-01-21 06:57:00.953] [asci_search] [info]   * GEN_DUR = 9.99e+00 ms
[2026-01-21 06:57:01.428] [asci_search] [info]   * ASCI Kept 1076525 Pairs
[2026-01-21 06:57:01.428] [asci_search] [info]   * Pairs Mem = 2.41e-02 GiB
[2026-01-21 06:57:01.479] [asci_search] [info]   * ASCI will search over 1076525 unique determinants
[2026-01-21 06:57:01.479] [asci_search] [info]   * PAIR_DUR = 4.86e-01 s, SORT_ACC_DUR = 5.12e-02 s
[2026-01-21 06:57:01.483] [asci_search] [info]   * KEEP_LARG_DUR = 3.28e-03 s
[2026-01-21 06:57:01.489] [asci_search] [info]   * Kth Score Pivot = 2.9624875995102147e-03
[2026-01-21 06:57:01.496] [asci_search] [info]   * ASCI_SORT_DUR = 1.38e-02 s
[2026-01-21 06:57:01.496] [asci_search] [info]   * New Dets Mem = 5.96e-06 GiB
[2026-01-21 06:57:01.496] [asci_search] [info]   * ASCI_SEARCH DUR = 5.54e-01 s
[2026-01-21 06:57:01.497] [ci_solver] [info] [Selected CI Solver]:
[2026-01-21 06:57:01.497] [ci_solver] [info]   NDETS =    800, MATEL_TOL = 2.22045e-16, RES_TOL = 1.00000e-06, MAX_SUB =  200
[2026-01-21 06:57:01.518] [ci_solver] [info]   NNZ   =  58892, H_DUR     = 2.18063e+01 ms
[2026-01-21 06:57:01.518] [ci_solver] [info]   HMEM_LOC = 8.84e-04 GiB
[2026-01-21 06:57:01.518] [ci_solver] [info]   H_SPARSE = 9.20e+00%
[2026-01-21 06:57:01.518] [ci_solver] [info]   * Will generate identity guess
[2026-01-21 06:57:01.518] [davidson] [info] [Davidson Eigensolver]:
[2026-01-21 06:57:01.518] [davidson] [info]   N =    800, MAX_M =  200, RES_TOL = 1.00000e-06
[2026-01-21 06:57:01.519] [davidson] [info] iter =    1, LAM(0) =  -1.054555586130e+02, RNORM =   9.262743262885e-02
[2026-01-21 06:57:01.519] [davidson] [info] iter =    2, LAM(0) =  -1.054624724040e+02, RNORM =   1.635672487999e-02
[2026-01-21 06:57:01.519] [davidson] [info] iter =    3, LAM(0) =  -1.054626662442e+02, RNORM =   2.773353781607e-03
[2026-01-21 06:57:01.519] [davidson] [info] iter =    4, LAM(0) =  -1.054626719044e+02, RNORM =   5.020389796274e-04
[2026-01-21 06:57:01.519] [davidson] [info] iter =    5, LAM(0) =  -1.054626720843e+02, RNORM =   9.642832698003e-05
[2026-01-21 06:57:01.519] [davidson] [info] iter =    6, LAM(0) =  -1.054626720921e+02, RNORM =   2.147320958776e-05
[2026-01-21 06:57:01.519] [davidson] [info] iter =    7, LAM(0) =  -1.054626720925e+02, RNORM =   4.642445172238e-06
[2026-01-21 06:57:01.520] [davidson] [info] iter =    8, LAM(0) =  -1.054626720925e+02, RNORM =   8.666890902063e-07
[2026-01-21 06:57:01.520] [davidson] [info] Davidson Converged!
[2026-01-21 06:57:01.520] [ci_solver] [info]   DAV_NITER =    8, E0 = -1.054627e+02 Eh, DAVIDSON_DUR = 1.07418e+00 ms
[2026-01-21 06:57:01.520] [asci_grow] [info] iter =    2, E0 =  -1.054626720925e+02, dE =  -1.660512e-02, WFN_SIZE = 800
[2026-01-21 06:57:01.520] [asci_search] [info] [ASCI Search Settings]:
[2026-01-21 06:57:01.520] [asci_search] [info]   NCDETS =    100, NDETS_MAX =      6400, H_EL_TOL = 1.000000e-08, RV_TOL = 1.000000e-08
[2026-01-21 06:57:01.520] [asci_search] [info]   MAX_RV_SIZE = 500000000, JUST_SINGLES = false
[2026-01-21 06:57:01.520] [asci_search] [info]   CDET_SUM = 9.89e-01
[2026-01-21 06:57:01.520] [asci_search] [info]   * Will Generate up to Quintuplets
[2026-01-21 06:57:01.520] [asci_search] [info]   * GEN_DUR = 1.51e-01 ms
[2026-01-21 06:57:01.890] [asci_search] [info]   * ASCI Kept 1047825 Pairs
[2026-01-21 06:57:01.890] [asci_search] [info]   * Pairs Mem = 2.34e-02 GiB
[2026-01-21 06:57:01.940] [asci_search] [info]   * ASCI will search over 1047825 unique determinants
[2026-01-21 06:57:01.940] [asci_search] [info]   * PAIR_DUR = 3.71e-01 s, SORT_ACC_DUR = 4.99e-02 s
[2026-01-21 06:57:01.943] [asci_search] [info]   * KEEP_LARG_DUR = 3.04e-03 s
[2026-01-21 06:57:01.955] [asci_search] [info]   * Kth Score Pivot = 8.7560701171890973e-04
[2026-01-21 06:57:01.961] [asci_search] [info]   * ASCI_SORT_DUR = 1.76e-02 s
[2026-01-21 06:57:01.961] [asci_search] [info]   * New Dets Mem = 4.77e-05 GiB
[2026-01-21 06:57:01.961] [asci_search] [info]   * ASCI_SEARCH DUR = 4.41e-01 s
[2026-01-21 06:57:01.961] [ci_solver] [info] [Selected CI Solver]:
[2026-01-21 06:57:01.962] [ci_solver] [info]   NDETS =   6400, MATEL_TOL = 2.22045e-16, RES_TOL = 1.00000e-06, MAX_SUB =  200
[2026-01-21 06:57:02.046] [ci_solver] [info]   NNZ   = 2124838, H_DUR     = 8.37817e+01 ms
[2026-01-21 06:57:02.046] [ci_solver] [info]   HMEM_LOC = 3.17e-02 GiB
[2026-01-21 06:57:02.046] [ci_solver] [info]   H_SPARSE = 5.19e+00%
[2026-01-21 06:57:02.048] [ci_solver] [info]   * Will generate identity guess
[2026-01-21 06:57:02.050] [davidson] [info] [Davidson Eigensolver]:
[2026-01-21 06:57:02.050] [davidson] [info]   N =   6400, MAX_M =  200, RES_TOL = 1.00000e-06
[2026-01-21 06:57:02.053] [davidson] [info] iter =    1, LAM(0) =  -1.054743794491e+02, RNORM =   1.019034693916e-01
[2026-01-21 06:57:02.075] [davidson] [info] iter =    2, LAM(0) =  -1.054826132788e+02, RNORM =   1.860663597542e-02
[2026-01-21 06:57:02.076] [davidson] [info] iter =    3, LAM(0) =  -1.054828455739e+02, RNORM =   3.947347332926e-03
[2026-01-21 06:57:02.076] [davidson] [info] iter =    4, LAM(0) =  -1.054828559008e+02, RNORM =   8.608056495286e-04
[2026-01-21 06:57:02.099] [davidson] [info] iter =    5, LAM(0) =  -1.054828563824e+02, RNORM =   1.839953505610e-04
[2026-01-21 06:57:02.122] [davidson] [info] iter =    6, LAM(0) =  -1.054828564055e+02, RNORM =   4.151643123207e-05
[2026-01-21 06:57:02.145] [davidson] [info] iter =    7, LAM(0) =  -1.054828564068e+02, RNORM =   1.011355456111e-05
[2026-01-21 06:57:02.179] [davidson] [info] iter =    8, LAM(0) =  -1.054828564068e+02, RNORM =   2.514933893423e-06
[2026-01-21 06:57:02.191] [davidson] [info] iter =    9, LAM(0) =  -1.054828564068e+02, RNORM =   6.259370503570e-07
[2026-01-21 06:57:02.191] [davidson] [info] Davidson Converged!
[2026-01-21 06:57:02.191] [ci_solver] [info]   DAV_NITER =    9, E0 = -1.054829e+02 Eh, DAVIDSON_DUR = 1.40729e+02 ms
[2026-01-21 06:57:02.191] [asci_grow] [info] iter =    3, E0 =  -1.054828564068e+02, dE =  -2.018431e-02, WFN_SIZE = 6400
[2026-01-21 06:57:02.191] [asci_search] [info] [ASCI Search Settings]:
[2026-01-21 06:57:02.191] [asci_search] [info]   NCDETS =    100, NDETS_MAX =     51200, H_EL_TOL = 1.000000e-08, RV_TOL = 1.000000e-08
[2026-01-21 06:57:02.191] [asci_search] [info]   MAX_RV_SIZE = 500000000, JUST_SINGLES = false
[2026-01-21 06:57:02.191] [asci_search] [info]   CDET_SUM = 9.78e-01
[2026-01-21 06:57:02.192] [asci_search] [info]   * Will Generate up to Quintuplets
[2026-01-21 06:57:02.214] [asci_search] [info]   * GEN_DUR = 2.17e+01 ms
[2026-01-21 06:57:02.504] [asci_search] [info]   * ASCI Kept 1036505 Pairs
[2026-01-21 06:57:02.504] [asci_search] [info]   * Pairs Mem = 2.32e-02 GiB
[2026-01-21 06:57:02.555] [asci_search] [info]   * ASCI will search over 1036505 unique determinants
[2026-01-21 06:57:02.555] [asci_search] [info]   * PAIR_DUR = 3.12e-01 s, SORT_ACC_DUR = 5.07e-02 s
[2026-01-21 06:57:02.558] [asci_search] [info]   * KEEP_LARG_DUR = 2.96e-03 s
[2026-01-21 06:57:02.568] [asci_search] [info]   * Kth Score Pivot = 4.1283358469940347e-05
[2026-01-21 06:57:02.574] [asci_search] [info]   * ASCI_SORT_DUR = 1.63e-02 s
[2026-01-21 06:57:02.575] [asci_search] [info]   * New Dets Mem = 3.81e-04 GiB
[2026-01-21 06:57:02.575] [asci_search] [info]   * ASCI_SEARCH DUR = 3.84e-01 s
[2026-01-21 06:57:02.579] [ci_solver] [info] [Selected CI Solver]:
[2026-01-21 06:57:02.579] [ci_solver] [info]   NDETS =  51200, MATEL_TOL = 2.22045e-16, RES_TOL = 1.00000e-06, MAX_SUB =  200
[2026-01-21 06:57:03.496] [ci_solver] [info]   NNZ   = 31139212, H_DUR     = 9.17239e+02 ms
[2026-01-21 06:57:03.496] [ci_solver] [info]   HMEM_LOC = 4.64e-01 GiB
[2026-01-21 06:57:03.496] [ci_solver] [info]   H_SPARSE = 1.19e+00%
[2026-01-21 06:57:03.529] [ci_solver] [info]   * Will generate identity guess
[2026-01-21 06:57:03.560] [davidson] [info] [Davidson Eigensolver]:
[2026-01-21 06:57:03.560] [davidson] [info]   N =  51200, MAX_M =  200, RES_TOL = 1.00000e-06
[2026-01-21 06:57:03.628] [davidson] [info] iter =    1, LAM(0) =  -1.054770356105e+02, RNORM =   1.163135730710e-01
[2026-01-21 06:57:03.654] [davidson] [info] iter =    2, LAM(0) =  -1.054874719680e+02, RNORM =   3.161920825959e-02
[2026-01-21 06:57:03.678] [davidson] [info] iter =    3, LAM(0) =  -1.054880268302e+02, RNORM =   8.778458598116e-03
[2026-01-21 06:57:03.708] [davidson] [info] iter =    4, LAM(0) =  -1.054880670269e+02, RNORM =   2.639866606040e-03
[2026-01-21 06:57:03.737] [davidson] [info] iter =    5, LAM(0) =  -1.054880707417e+02, RNORM =   7.956875749150e-04
[2026-01-21 06:57:03.778] [davidson] [info] iter =    6, LAM(0) =  -1.054880710840e+02, RNORM =   2.557006844121e-04
[2026-01-21 06:57:03.818] [davidson] [info] iter =    7, LAM(0) =  -1.054880711203e+02, RNORM =   8.271142695248e-05
[2026-01-21 06:57:03.861] [davidson] [info] iter =    8, LAM(0) =  -1.054880711242e+02, RNORM =   2.512947485795e-05
[2026-01-21 06:57:03.902] [davidson] [info] iter =    9, LAM(0) =  -1.054880711245e+02, RNORM =   7.379536728170e-06
[2026-01-21 06:57:03.942] [davidson] [info] iter =   10, LAM(0) =  -1.054880711245e+02, RNORM =   2.167527405184e-06
[2026-01-21 06:57:03.992] [davidson] [info] iter =   11, LAM(0) =  -1.054880711245e+02, RNORM =   7.018701365279e-07
[2026-01-21 06:57:03.993] [davidson] [info] Davidson Converged!
[2026-01-21 06:57:03.993] [ci_solver] [info]   DAV_NITER =   11, E0 = -1.054881e+02 Eh, DAVIDSON_DUR = 4.32406e+02 ms
[2026-01-21 06:57:03.993] [asci_grow] [info] iter =    4, E0 =  -1.054880711245e+02, dE =  -5.214718e-03, WFN_SIZE = 51200
[2026-01-21 06:57:03.998] [asci_search] [info] [ASCI Search Settings]:
[2026-01-21 06:57:03.998] [asci_search] [info]   NCDETS =    100, NDETS_MAX =    100000, H_EL_TOL = 1.000000e-08, RV_TOL = 1.000000e-08
[2026-01-21 06:57:03.998] [asci_search] [info]   MAX_RV_SIZE = 500000000, JUST_SINGLES = false
[2026-01-21 06:57:03.998] [asci_search] [info]   CDET_SUM = 9.73e-01
[2026-01-21 06:57:03.998] [asci_search] [info]   * Will Generate up to Quintuplets
[2026-01-21 06:57:04.022] [asci_search] [info]   * GEN_DUR = 2.30e+01 ms
[2026-01-21 06:57:04.175] [asci_search] [info]   * ASCI Kept 1024903 Pairs
[2026-01-21 06:57:04.175] [asci_search] [info]   * Pairs Mem = 2.29e-02 GiB
[2026-01-21 06:57:04.222] [asci_search] [info]   * ASCI will search over 1024903 unique determinants
[2026-01-21 06:57:04.222] [asci_search] [info]   * PAIR_DUR = 1.78e-01 s, SORT_ACC_DUR = 4.70e-02 s
[2026-01-21 06:57:04.225] [asci_search] [info]   * KEEP_LARG_DUR = 2.36e-03 s
[2026-01-21 06:57:04.242] [asci_search] [info]   * Kth Score Pivot = 2.3259987336188331e-05
[2026-01-21 06:57:04.247] [asci_search] [info]   * ASCI_SORT_DUR = 2.22e-02 s
[2026-01-21 06:57:04.248] [asci_search] [info]   * New Dets Mem = 7.45e-04 GiB
[2026-01-21 06:57:04.248] [asci_search] [info]   * ASCI_SEARCH DUR = 2.51e-01 s
[2026-01-21 06:57:04.256] [ci_solver] [info] [Selected CI Solver]:
[2026-01-21 06:57:04.256] [ci_solver] [info]   NDETS = 100000, MATEL_TOL = 2.22045e-16, RES_TOL = 1.00000e-06, MAX_SUB =  200
[2026-01-21 06:57:05.984] [ci_solver] [info]   NNZ   = 67217300, H_DUR     = 1.72814e+03 ms
[2026-01-21 06:57:05.984] [ci_solver] [info]   HMEM_LOC = 1.00e+00 GiB
[2026-01-21 06:57:05.984] [ci_solver] [info]   H_SPARSE = 6.72e-01%
[2026-01-21 06:57:06.039] [ci_solver] [info]   * Will generate identity guess
[2026-01-21 06:57:06.089] [davidson] [info] [Davidson Eigensolver]:
[2026-01-21 06:57:06.089] [davidson] [info]   N = 100000, MAX_M =  200, RES_TOL = 1.00000e-06
[2026-01-21 06:57:06.174] [davidson] [info] iter =    1, LAM(0) =  -1.054770368671e+02, RNORM =   1.191800561566e-01
[2026-01-21 06:57:06.210] [davidson] [info] iter =    2, LAM(0) =  -1.054877457021e+02, RNORM =   3.414981105003e-02
[2026-01-21 06:57:06.259] [davidson] [info] iter =    3, LAM(0) =  -1.054883527152e+02, RNORM =   1.006163576037e-02
[2026-01-21 06:57:06.303] [davidson] [info] iter =    4, LAM(0) =  -1.054884029677e+02, RNORM =   3.170542638270e-03
[2026-01-21 06:57:06.356] [davidson] [info] iter =    5, LAM(0) =  -1.054884080084e+02, RNORM =   1.000617308975e-03
[2026-01-21 06:57:06.404] [davidson] [info] iter =    6, LAM(0) =  -1.054884085107e+02, RNORM =   3.297524979836e-04
[2026-01-21 06:57:06.458] [davidson] [info] iter =    7, LAM(0) =  -1.054884085676e+02, RNORM =   1.118859822586e-04
[2026-01-21 06:57:06.508] [davidson] [info] iter =    8, LAM(0) =  -1.054884085743e+02, RNORM =   3.518463192710e-05
[2026-01-21 06:57:06.561] [davidson] [info] iter =    9, LAM(0) =  -1.054884085750e+02, RNORM =   1.077916366641e-05
[2026-01-21 06:57:06.623] [davidson] [info] iter =   10, LAM(0) =  -1.054884085750e+02, RNORM =   3.310450909381e-06
[2026-01-21 06:57:06.684] [davidson] [info] iter =   11, LAM(0) =  -1.054884085751e+02, RNORM =   1.072575039403e-06
[2026-01-21 06:57:06.746] [davidson] [info] iter =   12, LAM(0) =  -1.054884085751e+02, RNORM =   3.684016513284e-07
[2026-01-21 06:57:06.746] [davidson] [info] Davidson Converged!
[2026-01-21 06:57:06.746] [ci_solver] [info]   DAV_NITER =   12, E0 = -1.054884e+02 Eh, DAVIDSON_DUR = 6.57359e+02 ms
[2026-01-21 06:57:06.748] [asci_grow] [info] iter =    5, E0 =  -1.054884085751e+02, dE =  -3.374505e-04, WFN_SIZE = 100000
[2026-01-21 06:57:06.748] [asci_grow] [info] * GROW_DUR = 5.91e+03 ms
[2026-01-21 06:57:06.748] [asci_refine] [info] [ASCI Refine Settings]:
[2026-01-21 06:57:06.749] [asci_refine] [info]   NTDETS = 100000, NCDETS =    100, MAX_REFINE_ITER =    6, REFINE_TOL = 1.00e-06
[2026-01-21 06:57:06.749] [asci_refine] [info] iter =    0, E0 =  -1.054884085751e+02, dE =   0.000000e+00
[2026-01-21 06:57:06.759] [asci_search] [info] [ASCI Search Settings]:
[2026-01-21 06:57:06.759] [asci_search] [info]   NCDETS =    100, NDETS_MAX =    100000, H_EL_TOL = 1.000000e-08, RV_TOL = 1.000000e-08
[2026-01-21 06:57:06.759] [asci_search] [info]   MAX_RV_SIZE = 500000000, JUST_SINGLES = false
[2026-01-21 06:57:06.759] [asci_search] [info]   CDET_SUM = 9.73e-01
[2026-01-21 06:57:06.759] [asci_search] [info]   * Will Generate up to Quintuplets
[2026-01-21 06:57:06.783] [asci_search] [info]   * GEN_DUR = 2.32e+01 ms
[2026-01-21 06:57:07.485] [asci_search] [info]   * ASCI Kept 1024933 Pairs
[2026-01-21 06:57:07.485] [asci_search] [info]   * Pairs Mem = 2.29e-02 GiB
[2026-01-21 06:57:07.529] [asci_search] [info]   * ASCI will search over 1024933 unique determinants
[2026-01-21 06:57:07.529] [asci_search] [info]   * PAIR_DUR = 7.26e-01 s, SORT_ACC_DUR = 4.44e-02 s
[2026-01-21 06:57:07.531] [asci_search] [info]   * KEEP_LARG_DUR = 1.91e-03 s
[2026-01-21 06:57:07.550] [asci_search] [info]   * Kth Score Pivot = 2.3422185634523704e-05
[2026-01-21 06:57:07.553] [asci_search] [info]   * ASCI_SORT_DUR = 2.23e-02 s
[2026-01-21 06:57:07.554] [asci_search] [info]   * New Dets Mem = 7.45e-04 GiB
[2026-01-21 06:57:07.555] [asci_search] [info]   * ASCI_SEARCH DUR = 7.96e-01 s
[2026-01-21 06:57:07.562] [ci_solver] [info] [Selected CI Solver]:
[2026-01-21 06:57:07.562] [ci_solver] [info]   NDETS = 100000, MATEL_TOL = 2.22045e-16, RES_TOL = 1.00000e-06, MAX_SUB =  200
[2026-01-21 06:57:09.296] [ci_solver] [info]   NNZ   = 67226194, H_DUR     = 1.73413e+03 ms
[2026-01-21 06:57:09.296] [ci_solver] [info]   HMEM_LOC = 1.00e+00 GiB
[2026-01-21 06:57:09.296] [ci_solver] [info]   H_SPARSE = 6.72e-01%
[2026-01-21 06:57:09.351] [ci_solver] [info]   * Will generate identity guess
[2026-01-21 06:57:09.401] [davidson] [info] [Davidson Eigensolver]:
[2026-01-21 06:57:09.401] [davidson] [info]   N = 100000, MAX_M =  200, RES_TOL = 1.00000e-06
[2026-01-21 06:57:09.467] [davidson] [info] iter =    1, LAM(0) =  -1.054770368397e+02, RNORM =   1.191773419035e-01
[2026-01-21 06:57:09.501] [davidson] [info] iter =    2, LAM(0) =  -1.054877458882e+02, RNORM =   3.414430802963e-02
[2026-01-21 06:57:09.549] [davidson] [info] iter =    3, LAM(0) =  -1.054883531191e+02, RNORM =   1.005901905471e-02
[2026-01-21 06:57:09.597] [davidson] [info] iter =    4, LAM(0) =  -1.054884033765e+02, RNORM =   3.171824263558e-03
[2026-01-21 06:57:09.644] [davidson] [info] iter =    5, LAM(0) =  -1.054884084206e+02, RNORM =   1.001041046966e-03
[2026-01-21 06:57:09.694] [davidson] [info] iter =    6, LAM(0) =  -1.054884089238e+02, RNORM =   3.302510346998e-04
[2026-01-21 06:57:09.753] [davidson] [info] iter =    7, LAM(0) =  -1.054884089809e+02, RNORM =   1.120719587011e-04
[2026-01-21 06:57:09.812] [davidson] [info] iter =    8, LAM(0) =  -1.054884089877e+02, RNORM =   3.530346749877e-05
[2026-01-21 06:57:09.873] [davidson] [info] iter =    9, LAM(0) =  -1.054884089884e+02, RNORM =   1.082207769734e-05
[2026-01-21 06:57:09.921] [davidson] [info] iter =   10, LAM(0) =  -1.054884089884e+02, RNORM =   3.321516085282e-06
[2026-01-21 06:57:09.972] [davidson] [info] iter =   11, LAM(0) =  -1.054884089884e+02, RNORM =   1.080276919091e-06
[2026-01-21 06:57:10.037] [davidson] [info] iter =   12, LAM(0) =  -1.054884089884e+02, RNORM =   3.723764128716e-07
[2026-01-21 06:57:10.037] [davidson] [info] Davidson Converged!
[2026-01-21 06:57:10.037] [ci_solver] [info]   DAV_NITER =   12, E0 = -1.054884e+02 Eh, DAVIDSON_DUR = 6.36215e+02 ms
[2026-01-21 06:57:10.039] [asci_refine] [info] iter =    1, E0 =  -1.054884089884e+02, dE =  -4.133869e-07
[2026-01-21 06:57:10.039] [asci_refine] [info] ASCI Refine Converged!
[2026-01-21 06:57:22.918459] [info] [sample_sci_workflow] CASCI energy = -208.00818193 Hartree
[2026-01-21 06:57:22.918774] [info] [qdk:chemistry:algorithms:microsoft:active_space:autocas_active_space] AutoCAS::Starting active space selection.
[2026-01-21 06:57:22.920539] [info] [qdk:chemistry:algorithms:active_space] Max entropy: 0.184713
[2026-01-21 06:57:22.920556] [info] [qdk:chemistry:algorithms:active_space] Normalized orbital entropies:
[2026-01-21 06:57:22.920563] [info] [qdk:chemistry:algorithms:active_space]   Orbital index   Normalized Entropy   Raw Entropy
[2026-01-21 06:57:22.920574] [info] [qdk:chemistry:algorithms:active_space]              16             1.000000      0.184713
[2026-01-21 06:57:22.920580] [info] [qdk:chemistry:algorithms:active_space]              14             0.962432      0.177773
[2026-01-21 06:57:22.920587] [info] [qdk:chemistry:algorithms:active_space]              17             0.435098      0.080368
[2026-01-21 06:57:22.920593] [info] [qdk:chemistry:algorithms:active_space]              12             0.338463      0.062518
[2026-01-21 06:57:22.920607] [info] [qdk:chemistry:algorithms:active_space]              18             0.288444      0.053279
[2026-01-21 06:57:22.920612] [info] [qdk:chemistry:algorithms:active_space]              22             0.253540      0.046832
[2026-01-21 06:57:22.920617] [info] [qdk:chemistry:algorithms:active_space]              21             0.249566      0.046098
[2026-01-21 06:57:22.920622] [info] [qdk:chemistry:algorithms:active_space]              23             0.248334      0.045870
[2026-01-21 06:57:22.920627] [info] [qdk:chemistry:algorithms:active_space]              24             0.244025      0.045075
[2026-01-21 06:57:22.920633] [info] [qdk:chemistry:algorithms:active_space]               7             0.224185      0.041410
[2026-01-21 06:57:22.920643] [info] [qdk:chemistry:algorithms:active_space]              11             0.221968      0.041000
[2026-01-21 06:57:22.920648] [info] [qdk:chemistry:algorithms:active_space]              15             0.214986      0.039711
[2026-01-21 06:57:22.920653] [info] [qdk:chemistry:algorithms:active_space]              20             0.214430      0.039608
[2026-01-21 06:57:22.920658] [info] [qdk:chemistry:algorithms:active_space]               8             0.211444      0.039056
[2026-01-21 06:57:22.920663] [info] [qdk:chemistry:algorithms:active_space]               9             0.210424      0.038868
[2026-01-21 06:57:22.920668] [info] [qdk:chemistry:algorithms:active_space]              10             0.172939      0.031944
[2026-01-21 06:57:22.920673] [info] [qdk:chemistry:algorithms:active_space]              19             0.156946      0.028990
[2026-01-21 06:57:22.920678] [info] [qdk:chemistry:algorithms:active_space]               6             0.153517      0.028357
[2026-01-21 06:57:22.920683] [info] [qdk:chemistry:algorithms:active_space]              13             0.142635      0.026346
[2026-01-21 06:57:22.920688] [info] [qdk:chemistry:algorithms:active_space]               5             0.099218      0.018327
[2026-01-21 06:57:22.920693] [info] [qdk:chemistry:algorithms:active_space]               4             0.074535      0.013767
[2026-01-21 06:57:22.920894] [info] [qdk:chemistry:algorithms:microsoft:active_space:autocas_active_space] Identified 2 plateaus.
[2026-01-21 06:57:22.921692] [info] [qdk:chemistry:algorithms:microsoft:active_space:autocas_active_space] AutoCAS::Selected active space of 3 orbitals: 14, 16, 17
[2026-01-21 06:57:22.922335] [info] [sample_sci_workflow] AutoCAS selected active space with indices: [14, 16, 17]
[2026-01-21 06:57:23.925987] [info] [qdk:chemistry:algorithms:microsoft:macis_asci] Requested number of determinants (100000) exceeds FCI dimension (9).
[2026-01-21 06:57:23.926] [ci_solver] [info] [Selected CI Solver]:
[2026-01-21 06:57:23.926] [ci_solver] [info]   NDETS =      9, MATEL_TOL = 2.22045e-16, RES_TOL = 1.00000e-06, MAX_SUB =  200
[2026-01-21 06:57:24.092] [ci_solver] [info]   NNZ   =     81, H_DUR     = 1.66024e+02 ms
[2026-01-21 06:57:24.092] [ci_solver] [info]   HMEM_LOC = 1.28e-06 GiB
[2026-01-21 06:57:24.092] [ci_solver] [info]   H_SPARSE = 1.00e+02%
[2026-01-21 06:57:24.092] [ci_solver] [info]   * Will generate identity guess
[2026-01-21 06:57:24.092] [davidson] [info] [Davidson Eigensolver]:
[2026-01-21 06:57:24.092] [davidson] [info]   N =      9, MAX_M =    9, RES_TOL = 1.00000e-06
[2026-01-21 06:57:24.137] [davidson] [info] iter =    1, LAM(0) =  -1.304666056494e+00, RNORM =   6.781254634114e-03
[2026-01-21 06:57:24.160] [davidson] [info] iter =    2, LAM(0) =  -1.304768203248e+00, RNORM =   5.769845726623e-04
[2026-01-21 06:57:24.183] [davidson] [info] iter =    3, LAM(0) =  -1.304768759799e+00, RNORM =   3.745554916510e-05
[2026-01-21 06:57:24.206] [davidson] [info] iter =    4, LAM(0) =  -1.304768761139e+00, RNORM =   2.098828361063e-06
[2026-01-21 06:57:24.240] [davidson] [info] iter =    5, LAM(0) =  -1.304768761146e+00, RNORM =   2.292396215577e-16
[2026-01-21 06:57:24.240] [davidson] [info] Davidson Converged!
[2026-01-21 06:57:24.240] [ci_solver] [info]   DAV_NITER =    5, E0 = -1.304769e+00 Eh, DAVIDSON_DUR = 1.48535e+02 ms
[2026-01-21 06:57:24.270446] [info] [sample_sci_workflow] Hamiltonian Summary:
  Type: Hermitian
  Restrictedness: Restricted
  Active Orbitals: 3
  Total Orbitals: 81
  Core Energy: -206.646368
  Integral Statistics:
    One-body Integrals (alpha): 9 (larger than 0.000001: 9)
    Two-body Integrals (aaaa): 81 (larger than 0.000001: 81)

[2026-01-21 06:57:24.270663] [info] [sample_sci_workflow] AutoCAS energy = -207.95113680 Hartree
[2026-01-21 06:57:24.658964] [info] [qdk_chemistry.utils.wavefunction] Sparse CI finder (4 dets) = -207.95055242 Hartree (ΔE = 0.5844 mHartree)
[2026-01-21 06:57:24.659620] [info] [sample_sci_workflow] Sparse CI energy = -207.95055242 Hartree
[2026-01-21 06:57:24.660185] [info] [sample_sci_workflow] Stored wavefunction with 4 determinants
Determinants:
  200: -0.99163383
  020: 0.11159688
  0du: 0.04587206
  0ud: 0.04587206


=== WORKFLOW END ===
End: 2026-01-21T06:57:25.149259
Elapsed seconds: 32.440117
