=== WORKFLOW START ===
Start: 2026-01-21T06:49:49.376649
Command: python sample_sci_workflow.py --xyz Validation-2026-01-20-aab310b108342456bf6b1017d01ccb8e31d2d52d/structures/1_molecules/mol027500_data_124747.structure.xyz --initial-active-space-solver macis_asci --autocas --max-determinants 100

[2026-01-21 06:49:52.387954] [info] [sample_sci_workflow] Structure Summary:
  Number of atoms: 16
  Composition: H7, N1, O2, C6
  Total mass: 125.127 AMU
  Nuclear Repulsion Energy: 456.154 Eh

[2026-01-21 06:49:58.447174] [info] [sample_sci_workflow] SCF energy = -435.44809106 Hartree
[2026-01-21 06:49:58.447928] [info] [qdk:chemistry:algorithms:microsoft:active_space:valence_active_space] ValenceActiveSpaceSelector::Starting active space selection.
[2026-01-21 06:49:58.449083] [info] [qdk:chemistry:algorithms:microsoft:active_space:valence_active_space] ValenceActiveSpaceSelector::Selected active space of 43 orbitals: 9, 10, 11, 12, 13, 14, 15, 16, 17, 18, 19, 20, 21, 22, 23, 24, 25, 26, 27, 28, 29, 30, 31, 32, 33, 34, 35, 36, 37, 38, 39, 40, 41, 42, 43, 44, 45, 46, 47, 48, 49, 50, 51
[2026-01-21 06:49:58.451380] [info] [sample_sci_workflow] Orbitals Summary:
  AOs: 161
  MOs: 161
  Type: Restricted
  Has overlap: Yes
  Has basis set: Yes
  Valid: Yes
  Has active space: Yes
  Active Orbitals: α=43, β=43
  Has inactive space: Yes
  Inactive Orbitals: α=9, β=9
  Virtual Orbitals: α=109, β=109

[2026-01-21 06:51:54.212194] [info] [sample_sci_workflow] Hamiltonian Summary:
  Type: Hermitian
  Restrictedness: Restricted
  Active Orbitals: 43
  Total Orbitals: 161
  Core Energy: -118.077613
  Integral Statistics:
    One-body Integrals (alpha): 1849 (larger than 0.000001: 1849)
    Two-body Integrals (aaaa): 3418801 (larger than 0.000001: 3415389)

[2026-01-21 06:51:54.243] [asci_grow] [info] [ASCI Grow Settings]:
[2026-01-21 06:51:54.243] [asci_grow] [info]   NTDETS_MAX = 100000, NCDETS_MAX =    100, GROW_FACTOR = 8
[2026-01-21 06:51:54.243] [asci_grow] [info] iter =    0, E0 =  -3.173704778150e+02, dE =   0.000000e+00, WFN_SIZE = 1
[2026-01-21 06:51:54.243] [asci_search] [info] [ASCI Search Settings]:
[2026-01-21 06:51:54.243] [asci_search] [info]   NCDETS =      1, NDETS_MAX =       100, H_EL_TOL = 1.000000e-08, RV_TOL = 1.000000e-08
[2026-01-21 06:51:54.243] [asci_search] [info]   MAX_RV_SIZE = 500000000, JUST_SINGLES = false
[2026-01-21 06:51:54.243] [asci_search] [info]   CDET_SUM = 1.00e+00
[2026-01-21 06:51:54.243] [asci_search] [info]   * Will Generate up to Quintuplets
[2026-01-21 06:51:54.280] [asci_search] [info]   * GEN_DUR = 3.58e+01 ms
[2026-01-21 06:51:54.410] [asci_search] [info]   * ASCI Kept 303195 Pairs
[2026-01-21 06:51:54.410] [asci_search] [info]   * Pairs Mem = 9.04e-03 GiB
[2026-01-21 06:51:54.422] [asci_search] [info]   * ASCI will search over 303195 unique determinants
[2026-01-21 06:51:54.422] [asci_search] [info]   * PAIR_DUR = 1.66e-01 s, SORT_ACC_DUR = 1.23e-02 s
[2026-01-21 06:51:54.423] [asci_search] [info]   * KEEP_LARG_DUR = 4.61e-04 s
[2026-01-21 06:51:54.429] [asci_search] [info]   * Kth Score Pivot = 7.8843784870885041e-03
[2026-01-21 06:51:54.430] [asci_search] [info]   * ASCI_SORT_DUR = 6.51e-03 s
[2026-01-21 06:51:54.430] [asci_search] [info]   * New Dets Mem = 1.49e-06 GiB
[2026-01-21 06:51:54.430] [asci_search] [info]   * ASCI_SEARCH DUR = 1.87e-01 s
[2026-01-21 06:51:54.430] [ci_solver] [info] [Selected CI Solver]:
[2026-01-21 06:51:54.430] [ci_solver] [info]   NDETS =    100, MATEL_TOL = 2.22045e-16, RES_TOL = 1.00000e-06, MAX_SUB =  200
[2026-01-21 06:51:54.545] [ci_solver] [info]   NNZ   =   2434, H_DUR     = 1.15243e+02 ms
[2026-01-21 06:51:54.546] [ci_solver] [info]   HMEM_LOC = 3.70e-05 GiB
[2026-01-21 06:51:54.546] [ci_solver] [info]   H_SPARSE = 2.43e+01%
[2026-01-21 06:51:54.546] [ci_solver] [info]   * Will generate identity guess
[2026-01-21 06:51:54.546] [davidson] [info] [Davidson Eigensolver]:
[2026-01-21 06:51:54.546] [davidson] [info]   N =    100, MAX_M =  100, RES_TOL = 1.00000e-06
[2026-01-21 06:51:54.591] [davidson] [info] iter =    1, LAM(0) =  -3.173924041453e+02, RNORM =   6.327586888263e-02
[2026-01-21 06:51:54.613] [davidson] [info] iter =    2, LAM(0) =  -3.173960008593e+02, RNORM =   3.732942158156e-03
[2026-01-21 06:51:54.636] [davidson] [info] iter =    3, LAM(0) =  -3.173960143128e+02, RNORM =   6.585587619193e-04
[2026-01-21 06:51:54.659] [davidson] [info] iter =    4, LAM(0) =  -3.173960147390e+02, RNORM =   1.458541170339e-04
[2026-01-21 06:51:54.682] [davidson] [info] iter =    5, LAM(0) =  -3.173960147602e+02, RNORM =   1.557601681391e-05
[2026-01-21 06:51:54.705] [davidson] [info] iter =    6, LAM(0) =  -3.173960147605e+02, RNORM =   2.439687864648e-06
[2026-01-21 06:51:54.738] [davidson] [info] iter =    7, LAM(0) =  -3.173960147605e+02, RNORM =   5.107810807351e-07
[2026-01-21 06:51:54.738] [davidson] [info] Davidson Converged!
[2026-01-21 06:51:54.738] [ci_solver] [info]   DAV_NITER =    7, E0 = -3.173960e+02 Eh, DAVIDSON_DUR = 1.92129e+02 ms
[2026-01-21 06:51:54.738] [asci_grow] [info] iter =    1, E0 =  -3.173960147605e+02, dE =  -2.553695e-02, WFN_SIZE = 100
[2026-01-21 06:51:54.738] [asci_search] [info] [ASCI Search Settings]:
[2026-01-21 06:51:54.738] [asci_search] [info]   NCDETS =    100, NDETS_MAX =       800, H_EL_TOL = 1.000000e-08, RV_TOL = 1.000000e-08
[2026-01-21 06:51:54.738] [asci_search] [info]   MAX_RV_SIZE = 500000000, JUST_SINGLES = false
[2026-01-21 06:51:54.738] [asci_search] [info]   CDET_SUM = 1.00e+00
[2026-01-21 06:51:54.740] [asci_search] [info]   * Will Generate up to Quintuplets
[2026-01-21 06:51:54.762] [asci_search] [info]   * GEN_DUR = 2.21e+01 ms
[2026-01-21 06:52:04.193] [asci_search] [info]   * ASCI Kept 25449192 Pairs
[2026-01-21 06:52:04.193] [asci_search] [info]   * Pairs Mem = 7.58e-01 GiB
[2026-01-21 06:52:05.794] [asci_search] [info]   * ASCI will search over 25449192 unique determinants
[2026-01-21 06:52:05.794] [asci_search] [info]   * PAIR_DUR = 9.45e+00 s, SORT_ACC_DUR = 1.60e+00 s
[2026-01-21 06:52:05.850] [asci_search] [info]   * KEEP_LARG_DUR = 5.64e-02 s
[2026-01-21 06:52:06.065] [asci_search] [info]   * Kth Score Pivot = 3.4931552983659478e-03
[2026-01-21 06:52:06.180] [asci_search] [info]   * ASCI_SORT_DUR = 3.30e-01 s
[2026-01-21 06:52:06.180] [asci_search] [info]   * New Dets Mem = 1.19e-05 GiB
[2026-01-21 06:52:06.180] [asci_search] [info]   * ASCI_SEARCH DUR = 1.14e+01 s
[2026-01-21 06:52:06.180] [ci_solver] [info] [Selected CI Solver]:
[2026-01-21 06:52:06.180] [ci_solver] [info]   NDETS =    800, MATEL_TOL = 2.22045e-16, RES_TOL = 1.00000e-06, MAX_SUB =  200
[2026-01-21 06:52:06.298] [ci_solver] [info]   NNZ   =  62614, H_DUR     = 1.17424e+02 ms
[2026-01-21 06:52:06.298] [ci_solver] [info]   HMEM_LOC = 9.39e-04 GiB
[2026-01-21 06:52:06.298] [ci_solver] [info]   H_SPARSE = 9.78e+00%
[2026-01-21 06:52:06.298] [ci_solver] [info]   * Will generate identity guess
[2026-01-21 06:52:06.298] [davidson] [info] [Davidson Eigensolver]:
[2026-01-21 06:52:06.299] [davidson] [info]   N =    800, MAX_M =  200, RES_TOL = 1.00000e-06
[2026-01-21 06:52:06.343] [davidson] [info] iter =    1, LAM(0) =  -3.174053574946e+02, RNORM =   1.098620418562e-01
[2026-01-21 06:52:06.366] [davidson] [info] iter =    2, LAM(0) =  -3.174149984470e+02, RNORM =   1.952932810348e-02
[2026-01-21 06:52:06.389] [davidson] [info] iter =    3, LAM(0) =  -3.174153121735e+02, RNORM =   2.894074177944e-03
[2026-01-21 06:52:06.411] [davidson] [info] iter =    4, LAM(0) =  -3.174153186794e+02, RNORM =   5.530310483223e-04
[2026-01-21 06:52:06.444] [davidson] [info] iter =    5, LAM(0) =  -3.174153189499e+02, RNORM =   1.482544706818e-04
[2026-01-21 06:52:06.462] [davidson] [info] iter =    6, LAM(0) =  -3.174153189678e+02, RNORM =   2.995714317701e-05
[2026-01-21 06:52:06.483] [davidson] [info] iter =    7, LAM(0) =  -3.174153189687e+02, RNORM =   6.488313221490e-06
[2026-01-21 06:52:06.502] [davidson] [info] iter =    8, LAM(0) =  -3.174153189687e+02, RNORM =   1.372940139006e-06
[2026-01-21 06:52:06.526] [davidson] [info] iter =    9, LAM(0) =  -3.174153189687e+02, RNORM =   2.300234131380e-07
[2026-01-21 06:52:06.526] [davidson] [info] Davidson Converged!
[2026-01-21 06:52:06.526] [ci_solver] [info]   DAV_NITER =    9, E0 = -3.174153e+02 Eh, DAVIDSON_DUR = 2.28555e+02 ms
[2026-01-21 06:52:06.535] [asci_grow] [info] iter =    2, E0 =  -3.174153189687e+02, dE =  -1.930421e-02, WFN_SIZE = 800
[2026-01-21 06:52:06.536] [asci_search] [info] [ASCI Search Settings]:
[2026-01-21 06:52:06.537] [asci_search] [info]   NCDETS =    100, NDETS_MAX =      6400, H_EL_TOL = 1.000000e-08, RV_TOL = 1.000000e-08
[2026-01-21 06:52:06.537] [asci_search] [info]   MAX_RV_SIZE = 500000000, JUST_SINGLES = false
[2026-01-21 06:52:06.537] [asci_search] [info]   CDET_SUM = 9.86e-01
[2026-01-21 06:52:06.538] [asci_search] [info]   * Will Generate up to Quintuplets
[2026-01-21 06:52:06.551] [asci_search] [info]   * GEN_DUR = 1.30e+01 ms
[2026-01-21 06:52:15.042] [asci_search] [info]   * ASCI Kept 23695418 Pairs
[2026-01-21 06:52:15.042] [asci_search] [info]   * Pairs Mem = 7.06e-01 GiB
[2026-01-21 06:52:16.770] [asci_search] [info]   * ASCI will search over 23695418 unique determinants
[2026-01-21 06:52:16.770] [asci_search] [info]   * PAIR_DUR = 8.50e+00 s, SORT_ACC_DUR = 1.73e+00 s
[2026-01-21 06:52:16.846] [asci_search] [info]   * KEEP_LARG_DUR = 7.62e-02 s
[2026-01-21 06:52:17.074] [asci_search] [info]   * Kth Score Pivot = 1.5642640244577526e-03
[2026-01-21 06:52:17.243] [asci_search] [info]   * ASCI_SORT_DUR = 3.97e-01 s
[2026-01-21 06:52:17.243] [asci_search] [info]   * New Dets Mem = 9.54e-05 GiB
[2026-01-21 06:52:17.243] [asci_search] [info]   * ASCI_SEARCH DUR = 1.07e+01 s
[2026-01-21 06:52:17.243] [ci_solver] [info] [Selected CI Solver]:
[2026-01-21 06:52:17.244] [ci_solver] [info]   NDETS =   6400, MATEL_TOL = 2.22045e-16, RES_TOL = 1.00000e-06, MAX_SUB =  200
[2026-01-21 06:52:17.450] [ci_solver] [info]   NNZ   = 1274616, H_DUR     = 2.05413e+02 ms
[2026-01-21 06:52:17.450] [ci_solver] [info]   HMEM_LOC = 1.90e-02 GiB
[2026-01-21 06:52:17.450] [ci_solver] [info]   H_SPARSE = 3.11e+00%
[2026-01-21 06:52:17.451] [ci_solver] [info]   * Will generate identity guess
[2026-01-21 06:52:17.461] [davidson] [info] [Davidson Eigensolver]:
[2026-01-21 06:52:17.461] [davidson] [info]   N =   6400, MAX_M =  200, RES_TOL = 1.00000e-06
[2026-01-21 06:52:17.499] [davidson] [info] iter =    1, LAM(0) =  -3.174375106209e+02, RNORM =   1.292305627024e-01
[2026-01-21 06:52:17.522] [davidson] [info] iter =    2, LAM(0) =  -3.174492854176e+02, RNORM =   2.748683437530e-02
[2026-01-21 06:52:17.543] [davidson] [info] iter =    3, LAM(0) =  -3.174498487334e+02, RNORM =   6.415170540969e-03
[2026-01-21 06:52:17.544] [davidson] [info] iter =    4, LAM(0) =  -3.174498749994e+02, RNORM =   1.187432905394e-03
[2026-01-21 06:52:17.544] [davidson] [info] iter =    5, LAM(0) =  -3.174498760617e+02, RNORM =   2.883120955197e-04
[2026-01-21 06:52:17.557] [davidson] [info] iter =    6, LAM(0) =  -3.174498761227e+02, RNORM =   6.475313278613e-05
[2026-01-21 06:52:17.581] [davidson] [info] iter =    7, LAM(0) =  -3.174498761260e+02, RNORM =   1.453857005287e-05
[2026-01-21 06:52:17.603] [davidson] [info] iter =    8, LAM(0) =  -3.174498761262e+02, RNORM =   3.204587733924e-06
[2026-01-21 06:52:17.627] [davidson] [info] iter =    9, LAM(0) =  -3.174498761262e+02, RNORM =   6.531817845711e-07
[2026-01-21 06:52:17.627] [davidson] [info] Davidson Converged!
[2026-01-21 06:52:17.627] [ci_solver] [info]   DAV_NITER =    9, E0 = -3.174499e+02 Eh, DAVIDSON_DUR = 1.66599e+02 ms
[2026-01-21 06:52:17.627] [asci_grow] [info] iter =    3, E0 =  -3.174498761262e+02, dE =  -3.455716e-02, WFN_SIZE = 6400
[2026-01-21 06:52:17.628] [asci_search] [info] [ASCI Search Settings]:
[2026-01-21 06:52:17.629] [asci_search] [info]   NCDETS =    100, NDETS_MAX =     51200, H_EL_TOL = 1.000000e-08, RV_TOL = 1.000000e-08
[2026-01-21 06:52:17.629] [asci_search] [info]   MAX_RV_SIZE = 500000000, JUST_SINGLES = false
[2026-01-21 06:52:17.629] [asci_search] [info]   CDET_SUM = 9.65e-01
[2026-01-21 06:52:17.629] [asci_search] [info]   * Will Generate up to Quintuplets
[2026-01-21 06:52:17.643] [asci_search] [info]   * GEN_DUR = 1.31e+01 ms
[2026-01-21 06:52:25.563] [asci_search] [info]   * ASCI Kept 23743866 Pairs
[2026-01-21 06:52:25.563] [asci_search] [info]   * Pairs Mem = 7.08e-01 GiB
[2026-01-21 06:52:27.062] [asci_search] [info]   * ASCI will search over 23743866 unique determinants
[2026-01-21 06:52:27.062] [asci_search] [info]   * PAIR_DUR = 7.93e+00 s, SORT_ACC_DUR = 1.50e+00 s
[2026-01-21 06:52:27.112] [asci_search] [info]   * KEEP_LARG_DUR = 5.06e-02 s
[2026-01-21 06:52:27.355] [asci_search] [info]   * Kth Score Pivot = 6.0355084363013830e-04
[2026-01-21 06:52:27.463] [asci_search] [info]   * ASCI_SORT_DUR = 3.51e-01 s
[2026-01-21 06:52:27.464] [asci_search] [info]   * New Dets Mem = 7.63e-04 GiB
[2026-01-21 06:52:27.464] [asci_search] [info]   * ASCI_SEARCH DUR = 9.84e+00 s
[2026-01-21 06:52:27.469] [ci_solver] [info] [Selected CI Solver]:
[2026-01-21 06:52:27.469] [ci_solver] [info]   NDETS =  51200, MATEL_TOL = 2.22045e-16, RES_TOL = 1.00000e-06, MAX_SUB =  200
[2026-01-21 06:52:32.243] [ci_solver] [info]   NNZ   = 40446104, H_DUR     = 4.77427e+03 ms
[2026-01-21 06:52:32.243] [ci_solver] [info]   HMEM_LOC = 6.03e-01 GiB
[2026-01-21 06:52:32.243] [ci_solver] [info]   H_SPARSE = 1.54e+00%
[2026-01-21 06:52:32.280] [ci_solver] [info]   * Will generate identity guess
[2026-01-21 06:52:32.313] [davidson] [info] [Davidson Eigensolver]:
[2026-01-21 06:52:32.313] [davidson] [info]   N =  51200, MAX_M =  200, RES_TOL = 1.00000e-06
[2026-01-21 06:52:32.434] [davidson] [info] iter =    1, LAM(0) =  -3.174915846018e+02, RNORM =   1.403787512704e-01
[2026-01-21 06:52:32.459] [davidson] [info] iter =    2, LAM(0) =  -3.175048103816e+02, RNORM =   2.574623765427e-02
[2026-01-21 06:52:32.486] [davidson] [info] iter =    3, LAM(0) =  -3.175053189868e+02, RNORM =   6.498734522656e-03
[2026-01-21 06:52:32.523] [davidson] [info] iter =    4, LAM(0) =  -3.175053446524e+02, RNORM =   1.574657933849e-03
[2026-01-21 06:52:32.552] [davidson] [info] iter =    5, LAM(0) =  -3.175053463034e+02, RNORM =   3.469635682535e-04
[2026-01-21 06:52:32.596] [davidson] [info] iter =    6, LAM(0) =  -3.175053463870e+02, RNORM =   8.796982655785e-05
[2026-01-21 06:52:32.636] [davidson] [info] iter =    7, LAM(0) =  -3.175053463921e+02, RNORM =   2.054175600166e-05
[2026-01-21 06:52:32.689] [davidson] [info] iter =    8, LAM(0) =  -3.175053463924e+02, RNORM =   5.183967276331e-06
[2026-01-21 06:52:32.732] [davidson] [info] iter =    9, LAM(0) =  -3.175053463924e+02, RNORM =   1.343482727685e-06
[2026-01-21 06:52:32.784] [davidson] [info] iter =   10, LAM(0) =  -3.175053463924e+02, RNORM =   3.308071062346e-07
[2026-01-21 06:52:32.784] [davidson] [info] Davidson Converged!
[2026-01-21 06:52:32.784] [ci_solver] [info]   DAV_NITER =   10, E0 = -3.175053e+02 Eh, DAVIDSON_DUR = 4.71024e+02 ms
[2026-01-21 06:52:32.784] [asci_grow] [info] iter =    4, E0 =  -3.175053463924e+02, dE =  -5.547027e-02, WFN_SIZE = 51200
[2026-01-21 06:52:32.790] [asci_search] [info] [ASCI Search Settings]:
[2026-01-21 06:52:32.790] [asci_search] [info]   NCDETS =    100, NDETS_MAX =    100000, H_EL_TOL = 1.000000e-08, RV_TOL = 1.000000e-08
[2026-01-21 06:52:32.790] [asci_search] [info]   MAX_RV_SIZE = 500000000, JUST_SINGLES = false
[2026-01-21 06:52:32.790] [asci_search] [info]   CDET_SUM = 9.38e-01
[2026-01-21 06:52:32.791] [asci_search] [info]   * Will Generate up to Quintuplets
[2026-01-21 06:52:32.836] [asci_search] [info]   * GEN_DUR = 4.48e+01 ms
[2026-01-21 06:52:40.763] [asci_search] [info]   * ASCI Kept 23715244 Pairs
[2026-01-21 06:52:40.763] [asci_search] [info]   * Pairs Mem = 7.07e-01 GiB
[2026-01-21 06:52:42.590] [asci_search] [info]   * ASCI will search over 23715244 unique determinants
[2026-01-21 06:52:42.590] [asci_search] [info]   * PAIR_DUR = 7.97e+00 s, SORT_ACC_DUR = 1.83e+00 s
[2026-01-21 06:52:42.666] [asci_search] [info]   * KEEP_LARG_DUR = 7.59e-02 s
[2026-01-21 06:52:43.074] [asci_search] [info]   * Kth Score Pivot = 3.4883410958664408e-04
[2026-01-21 06:52:43.246] [asci_search] [info]   * ASCI_SORT_DUR = 5.80e-01 s
[2026-01-21 06:52:43.248] [asci_search] [info]   * New Dets Mem = 1.49e-03 GiB
[2026-01-21 06:52:43.248] [asci_search] [info]   * ASCI_SEARCH DUR = 1.05e+01 s
[2026-01-21 06:52:43.256] [ci_solver] [info] [Selected CI Solver]:
[2026-01-21 06:52:43.256] [ci_solver] [info]   NDETS = 100000, MATEL_TOL = 2.22045e-16, RES_TOL = 1.00000e-06, MAX_SUB =  200
[2026-01-21 06:53:01.334] [ci_solver] [info]   NNZ   = 134890056, H_DUR     = 1.80780e+04 ms
[2026-01-21 06:53:01.334] [ci_solver] [info]   HMEM_LOC = 2.01e+00 GiB
[2026-01-21 06:53:01.334] [ci_solver] [info]   H_SPARSE = 1.35e+00%
[2026-01-21 06:53:01.402] [ci_solver] [info]   * Will generate identity guess
[2026-01-21 06:53:01.471] [davidson] [info] [Davidson Eigensolver]:
[2026-01-21 06:53:01.471] [davidson] [info]   N = 100000, MAX_M =  200, RES_TOL = 1.00000e-06
[2026-01-21 06:53:01.606] [davidson] [info] iter =    1, LAM(0) =  -3.175069724479e+02, RNORM =   1.441229725335e-01
[2026-01-21 06:53:01.667] [davidson] [info] iter =    2, LAM(0) =  -3.175208448534e+02, RNORM =   2.663531977208e-02
[2026-01-21 06:53:01.739] [davidson] [info] iter =    3, LAM(0) =  -3.175213733363e+02, RNORM =   6.416722039315e-03
[2026-01-21 06:53:01.806] [davidson] [info] iter =    4, LAM(0) =  -3.175213993119e+02, RNORM =   1.644536112250e-03
[2026-01-21 06:53:01.883] [davidson] [info] iter =    5, LAM(0) =  -3.175214010634e+02, RNORM =   3.901535680457e-04
[2026-01-21 06:53:01.955] [davidson] [info] iter =    6, LAM(0) =  -3.175214011677e+02, RNORM =   9.789807937425e-05
[2026-01-21 06:53:02.027] [davidson] [info] iter =    7, LAM(0) =  -3.175214011739e+02, RNORM =   2.424745989425e-05
[2026-01-21 06:53:02.102] [davidson] [info] iter =    8, LAM(0) =  -3.175214011743e+02, RNORM =   6.396712911207e-06
[2026-01-21 06:53:02.183] [davidson] [info] iter =    9, LAM(0) =  -3.175214011743e+02, RNORM =   1.898030313905e-06
[2026-01-21 06:53:02.265] [davidson] [info] iter =   10, LAM(0) =  -3.175214011743e+02, RNORM =   4.887630596691e-07
[2026-01-21 06:53:02.265] [davidson] [info] Davidson Converged!
[2026-01-21 06:53:02.265] [ci_solver] [info]   DAV_NITER =   10, E0 = -3.175214e+02 Eh, DAVIDSON_DUR = 7.94536e+02 ms
[2026-01-21 06:53:02.271] [asci_grow] [info] iter =    5, E0 =  -3.175214011743e+02, dE =  -1.605478e-02, WFN_SIZE = 100000
[2026-01-21 06:53:02.271] [asci_grow] [info] * GROW_DUR = 6.80e+04 ms
[2026-01-21 06:53:02.271] [asci_refine] [info] [ASCI Refine Settings]:
[2026-01-21 06:53:02.272] [asci_refine] [info]   NTDETS = 100000, NCDETS =    100, MAX_REFINE_ITER =    6, REFINE_TOL = 1.00e-06
[2026-01-21 06:53:02.272] [asci_refine] [info] iter =    0, E0 =  -3.175214011743e+02, dE =   0.000000e+00
[2026-01-21 06:53:02.282] [asci_search] [info] [ASCI Search Settings]:
[2026-01-21 06:53:02.282] [asci_search] [info]   NCDETS =    100, NDETS_MAX =    100000, H_EL_TOL = 1.000000e-08, RV_TOL = 1.000000e-08
[2026-01-21 06:53:02.282] [asci_search] [info]   MAX_RV_SIZE = 500000000, JUST_SINGLES = false
[2026-01-21 06:53:02.282] [asci_search] [info]   CDET_SUM = 9.32e-01
[2026-01-21 06:53:02.283] [asci_search] [info]   * Will Generate up to Quintuplets
[2026-01-21 06:53:02.308] [asci_search] [info]   * GEN_DUR = 2.46e+01 ms
[2026-01-21 06:53:10.309] [asci_search] [info]   * ASCI Kept 24058120 Pairs
[2026-01-21 06:53:10.309] [asci_search] [info]   * Pairs Mem = 7.17e-01 GiB
[2026-01-21 06:53:12.126] [asci_search] [info]   * ASCI will search over 24058120 unique determinants
[2026-01-21 06:53:12.126] [asci_search] [info]   * PAIR_DUR = 8.03e+00 s, SORT_ACC_DUR = 1.82e+00 s
[2026-01-21 06:53:12.204] [asci_search] [info]   * KEEP_LARG_DUR = 7.82e-02 s
[2026-01-21 06:53:12.339] [asci_search] [info]   * Kth Score Pivot = 3.4470308152386353e-04
[2026-01-21 06:53:12.511] [asci_search] [info]   * ASCI_SORT_DUR = 3.07e-01 s
[2026-01-21 06:53:12.511] [asci_search] [info]   * New Dets Mem = 1.49e-03 GiB
[2026-01-21 06:53:12.512] [asci_search] [info]   * ASCI_SEARCH DUR = 1.02e+01 s
[2026-01-21 06:53:12.521] [ci_solver] [info] [Selected CI Solver]:
[2026-01-21 06:53:12.521] [ci_solver] [info]   NDETS = 100000, MATEL_TOL = 2.22045e-16, RES_TOL = 1.00000e-06, MAX_SUB =  200
[2026-01-21 06:53:30.756] [ci_solver] [info]   NNZ   = 134869212, H_DUR     = 1.82352e+04 ms
[2026-01-21 06:53:30.756] [ci_solver] [info]   HMEM_LOC = 2.01e+00 GiB
[2026-01-21 06:53:30.756] [ci_solver] [info]   H_SPARSE = 1.35e+00%
[2026-01-21 06:53:30.823] [ci_solver] [info]   * Will generate identity guess
[2026-01-21 06:53:30.889] [davidson] [info] [Davidson Eigensolver]:
[2026-01-21 06:53:30.889] [davidson] [info]   N = 100000, MAX_M =  200, RES_TOL = 1.00000e-06
[2026-01-21 06:53:31.135] [davidson] [info] iter =    1, LAM(0) =  -3.175069760087e+02, RNORM =   1.443286235314e-01
[2026-01-21 06:53:31.194] [davidson] [info] iter =    2, LAM(0) =  -3.175209214689e+02, RNORM =   2.663869127910e-02
[2026-01-21 06:53:31.261] [davidson] [info] iter =    3, LAM(0) =  -3.175214496622e+02, RNORM =   6.360079193757e-03
[2026-01-21 06:53:31.333] [davidson] [info] iter =    4, LAM(0) =  -3.175214751803e+02, RNORM =   1.644081989355e-03
[2026-01-21 06:53:31.399] [davidson] [info] iter =    5, LAM(0) =  -3.175214769063e+02, RNORM =   3.882627808216e-04
[2026-01-21 06:53:31.466] [davidson] [info] iter =    6, LAM(0) =  -3.175214770078e+02, RNORM =   9.684495369453e-05
[2026-01-21 06:53:31.538] [davidson] [info] iter =    7, LAM(0) =  -3.175214770138e+02, RNORM =   2.363197195907e-05
[2026-01-21 06:53:31.615] [davidson] [info] iter =    8, LAM(0) =  -3.175214770142e+02, RNORM =   6.253635230226e-06
[2026-01-21 06:53:31.679] [davidson] [info] iter =    9, LAM(0) =  -3.175214770143e+02, RNORM =   1.872980878253e-06
[2026-01-21 06:53:31.768] [davidson] [info] iter =   10, LAM(0) =  -3.175214770143e+02, RNORM =   4.839085385344e-07
[2026-01-21 06:53:31.768] [davidson] [info] Davidson Converged!
[2026-01-21 06:53:31.768] [ci_solver] [info]   DAV_NITER =   10, E0 = -3.175215e+02 Eh, DAVIDSON_DUR = 8.79315e+02 ms
[2026-01-21 06:53:31.778] [asci_refine] [info] iter =    1, E0 =  -3.175214770143e+02, dE =  -7.583991e-05
[2026-01-21 06:53:31.788] [asci_search] [info] [ASCI Search Settings]:
[2026-01-21 06:53:31.788] [asci_search] [info]   NCDETS =    100, NDETS_MAX =    100000, H_EL_TOL = 1.000000e-08, RV_TOL = 1.000000e-08
[2026-01-21 06:53:31.788] [asci_search] [info]   MAX_RV_SIZE = 500000000, JUST_SINGLES = false
[2026-01-21 06:53:31.788] [asci_search] [info]   CDET_SUM = 9.32e-01
[2026-01-21 06:53:31.790] [asci_search] [info]   * Will Generate up to Quintuplets
[2026-01-21 06:53:31.814] [asci_search] [info]   * GEN_DUR = 2.44e+01 ms
[2026-01-21 06:53:39.486] [asci_search] [info]   * ASCI Kept 24128947 Pairs
[2026-01-21 06:53:39.486] [asci_search] [info]   * Pairs Mem = 7.19e-01 GiB
[2026-01-21 06:53:41.336] [asci_search] [info]   * ASCI will search over 24128947 unique determinants
[2026-01-21 06:53:41.336] [asci_search] [info]   * PAIR_DUR = 7.70e+00 s, SORT_ACC_DUR = 1.85e+00 s
[2026-01-21 06:53:41.413] [asci_search] [info]   * KEEP_LARG_DUR = 7.72e-02 s
[2026-01-21 06:53:41.583] [asci_search] [info]   * Kth Score Pivot = 3.4474360389564248e-04
[2026-01-21 06:53:41.753] [asci_search] [info]   * ASCI_SORT_DUR = 3.40e-01 s
[2026-01-21 06:53:41.758] [asci_search] [info]   * New Dets Mem = 1.49e-03 GiB
[2026-01-21 06:53:41.758] [asci_search] [info]   * ASCI_SEARCH DUR = 9.97e+00 s
[2026-01-21 06:53:41.767] [ci_solver] [info] [Selected CI Solver]:
[2026-01-21 06:53:41.767] [ci_solver] [info]   NDETS = 100000, MATEL_TOL = 2.22045e-16, RES_TOL = 1.00000e-06, MAX_SUB =  200
[2026-01-21 06:53:59.910] [ci_solver] [info]   NNZ   = 134833592, H_DUR     = 1.81437e+04 ms
[2026-01-21 06:53:59.910] [ci_solver] [info]   HMEM_LOC = 2.01e+00 GiB
[2026-01-21 06:53:59.910] [ci_solver] [info]   H_SPARSE = 1.35e+00%
[2026-01-21 06:53:59.979] [ci_solver] [info]   * Will generate identity guess
[2026-01-21 06:54:00.047] [davidson] [info] [Davidson Eigensolver]:
[2026-01-21 06:54:00.048] [davidson] [info]   N = 100000, MAX_M =  200, RES_TOL = 1.00000e-06
[2026-01-21 06:54:00.187] [davidson] [info] iter =    1, LAM(0) =  -3.175069748179e+02, RNORM =   1.442965878778e-01
[2026-01-21 06:54:00.258] [davidson] [info] iter =    2, LAM(0) =  -3.175209096738e+02, RNORM =   2.662931672036e-02
[2026-01-21 06:54:00.327] [davidson] [info] iter =    3, LAM(0) =  -3.175214373175e+02, RNORM =   6.356542919894e-03
[2026-01-21 06:54:00.399] [davidson] [info] iter =    4, LAM(0) =  -3.175214627977e+02, RNORM =   1.644338673929e-03
[2026-01-21 06:54:00.469] [davidson] [info] iter =    5, LAM(0) =  -3.175214645231e+02, RNORM =   3.885183358014e-04
[2026-01-21 06:54:00.530] [davidson] [info] iter =    6, LAM(0) =  -3.175214646247e+02, RNORM =   9.684351838692e-05
[2026-01-21 06:54:00.595] [davidson] [info] iter =    7, LAM(0) =  -3.175214646307e+02, RNORM =   2.359145338649e-05
[2026-01-21 06:54:00.660] [davidson] [info] iter =    8, LAM(0) =  -3.175214646311e+02, RNORM =   6.226252392862e-06
[2026-01-21 06:54:00.727] [davidson] [info] iter =    9, LAM(0) =  -3.175214646311e+02, RNORM =   1.864937396892e-06
[2026-01-21 06:54:00.796] [davidson] [info] iter =   10, LAM(0) =  -3.175214646311e+02, RNORM =   4.823029668481e-07
[2026-01-21 06:54:00.796] [davidson] [info] Davidson Converged!
[2026-01-21 06:54:00.796] [ci_solver] [info]   DAV_NITER =   10, E0 = -3.175215e+02 Eh, DAVIDSON_DUR = 7.48376e+02 ms
[2026-01-21 06:54:00.801] [asci_refine] [info] iter =    2, E0 =  -3.175214646311e+02, dE =   1.238314e-05
[2026-01-21 06:54:00.812] [asci_search] [info] [ASCI Search Settings]:
[2026-01-21 06:54:00.812] [asci_search] [info]   NCDETS =    100, NDETS_MAX =    100000, H_EL_TOL = 1.000000e-08, RV_TOL = 1.000000e-08
[2026-01-21 06:54:00.812] [asci_search] [info]   MAX_RV_SIZE = 500000000, JUST_SINGLES = false
[2026-01-21 06:54:00.812] [asci_search] [info]   CDET_SUM = 9.32e-01
[2026-01-21 06:54:00.813] [asci_search] [info]   * Will Generate up to Quintuplets
[2026-01-21 06:54:00.847] [asci_search] [info]   * GEN_DUR = 3.43e+01 ms
[2026-01-21 06:54:08.683] [asci_search] [info]   * ASCI Kept 24128917 Pairs
[2026-01-21 06:54:08.683] [asci_search] [info]   * Pairs Mem = 7.19e-01 GiB
[2026-01-21 06:54:10.564] [asci_search] [info]   * ASCI will search over 24128917 unique determinants
[2026-01-21 06:54:10.564] [asci_search] [info]   * PAIR_DUR = 7.87e+00 s, SORT_ACC_DUR = 1.88e+00 s
[2026-01-21 06:54:10.645] [asci_search] [info]   * KEEP_LARG_DUR = 8.10e-02 s
[2026-01-21 06:54:10.959] [asci_search] [info]   * Kth Score Pivot = 3.4476125721376766e-04
[2026-01-21 06:54:11.130] [asci_search] [info]   * ASCI_SORT_DUR = 4.84e-01 s
[2026-01-21 06:54:11.130] [asci_search] [info]   * New Dets Mem = 1.49e-03 GiB
[2026-01-21 06:54:11.131] [asci_search] [info]   * ASCI_SEARCH DUR = 1.03e+01 s
[2026-01-21 06:54:11.140] [ci_solver] [info] [Selected CI Solver]:
[2026-01-21 06:54:11.140] [ci_solver] [info]   NDETS = 100000, MATEL_TOL = 2.22045e-16, RES_TOL = 1.00000e-06, MAX_SUB =  200
[2026-01-21 06:54:29.308] [ci_solver] [info]   NNZ   = 134818106, H_DUR     = 1.81679e+04 ms
[2026-01-21 06:54:29.308] [ci_solver] [info]   HMEM_LOC = 2.01e+00 GiB
[2026-01-21 06:54:29.308] [ci_solver] [info]   H_SPARSE = 1.35e+00%
[2026-01-21 06:54:29.373] [ci_solver] [info]   * Will generate identity guess
[2026-01-21 06:54:29.438] [davidson] [info] [Davidson Eigensolver]:
[2026-01-21 06:54:29.438] [davidson] [info]   N = 100000, MAX_M =  200, RES_TOL = 1.00000e-06
[2026-01-21 06:54:29.557] [davidson] [info] iter =    1, LAM(0) =  -3.175069748885e+02, RNORM =   1.442973861574e-01
[2026-01-21 06:54:29.622] [davidson] [info] iter =    2, LAM(0) =  -3.175209099837e+02, RNORM =   2.662967860756e-02
[2026-01-21 06:54:29.679] [davidson] [info] iter =    3, LAM(0) =  -3.175214376388e+02, RNORM =   6.356406790191e-03
[2026-01-21 06:54:29.756] [davidson] [info] iter =    4, LAM(0) =  -3.175214631178e+02, RNORM =   1.644339560394e-03
[2026-01-21 06:54:29.821] [davidson] [info] iter =    5, LAM(0) =  -3.175214648432e+02, RNORM =   3.885388212689e-04
[2026-01-21 06:54:29.889] [davidson] [info] iter =    6, LAM(0) =  -3.175214649448e+02, RNORM =   9.684865574576e-05
[2026-01-21 06:54:29.957] [davidson] [info] iter =    7, LAM(0) =  -3.175214649508e+02, RNORM =   2.359557113151e-05
[2026-01-21 06:54:30.040] [davidson] [info] iter =    8, LAM(0) =  -3.175214649512e+02, RNORM =   6.226461171123e-06
[2026-01-21 06:54:30.108] [davidson] [info] iter =    9, LAM(0) =  -3.175214649512e+02, RNORM =   1.865040276489e-06
[2026-01-21 06:54:30.187] [davidson] [info] iter =   10, LAM(0) =  -3.175214649512e+02, RNORM =   4.825035523685e-07
[2026-01-21 06:54:30.187] [davidson] [info] Davidson Converged!
[2026-01-21 06:54:30.187] [ci_solver] [info]   DAV_NITER =   10, E0 = -3.175215e+02 Eh, DAVIDSON_DUR = 7.49143e+02 ms
[2026-01-21 06:54:30.195] [asci_refine] [info] iter =    3, E0 =  -3.175214649512e+02, dE =  -3.201108e-07
[2026-01-21 06:54:30.195] [asci_refine] [info] ASCI Refine Converged!
[2026-01-21 06:55:07.550396] [info] [sample_sci_workflow] CASCI energy = -435.59907820 Hartree
[2026-01-21 06:55:07.551325] [info] [qdk:chemistry:algorithms:microsoft:active_space:autocas_active_space] AutoCAS::Starting active space selection.
[2026-01-21 06:55:07.562915] [info] [qdk:chemistry:algorithms:active_space] Max entropy: 0.147046
[2026-01-21 06:55:07.562986] [info] [qdk:chemistry:algorithms:active_space] Normalized orbital entropies:
[2026-01-21 06:55:07.562993] [info] [qdk:chemistry:algorithms:active_space]   Orbital index   Normalized Entropy   Raw Entropy
[2026-01-21 06:55:07.563006] [info] [qdk:chemistry:algorithms:active_space]              33             1.000000      0.147046
[2026-01-21 06:55:07.563011] [info] [qdk:chemistry:algorithms:active_space]              32             0.922401      0.135635
[2026-01-21 06:55:07.563017] [info] [qdk:chemistry:algorithms:active_space]              31             0.872226      0.128257
[2026-01-21 06:55:07.563022] [info] [qdk:chemistry:algorithms:active_space]              35             0.821380      0.120780
[2026-01-21 06:55:07.563027] [info] [qdk:chemistry:algorithms:active_space]              34             0.477558      0.070223
[2026-01-21 06:55:07.563032] [info] [qdk:chemistry:algorithms:active_space]              30             0.464838      0.068352
[2026-01-21 06:55:07.563037] [info] [qdk:chemistry:algorithms:active_space]              43             0.427701      0.062892
[2026-01-21 06:55:07.563042] [info] [qdk:chemistry:algorithms:active_space]              26             0.388018      0.057056
[2026-01-21 06:55:07.563047] [info] [qdk:chemistry:algorithms:active_space]              22             0.365842      0.053796
[2026-01-21 06:55:07.563052] [info] [qdk:chemistry:algorithms:active_space]              45             0.354688      0.052155
[2026-01-21 06:55:07.563057] [info] [qdk:chemistry:algorithms:active_space]              46             0.352676      0.051860
[2026-01-21 06:55:07.563062] [info] [qdk:chemistry:algorithms:active_space]              36             0.352671      0.051859
[2026-01-21 06:55:07.563067] [info] [qdk:chemistry:algorithms:active_space]              44             0.352361      0.051813
[2026-01-21 06:55:07.563072] [info] [qdk:chemistry:algorithms:active_space]              42             0.334046      0.049120
[2026-01-21 06:55:07.563077] [info] [qdk:chemistry:algorithms:active_space]              47             0.332706      0.048923
[2026-01-21 06:55:07.563082] [info] [qdk:chemistry:algorithms:active_space]              41             0.321438      0.047266
[2026-01-21 06:55:07.563087] [info] [qdk:chemistry:algorithms:active_space]              48             0.318030      0.046765
[2026-01-21 06:55:07.563092] [info] [qdk:chemistry:algorithms:active_space]              21             0.317318      0.046660
[2026-01-21 06:55:07.563097] [info] [qdk:chemistry:algorithms:active_space]              24             0.312498      0.045951
[2026-01-21 06:55:07.563102] [info] [qdk:chemistry:algorithms:active_space]              28             0.305791      0.044965
[2026-01-21 06:55:07.563107] [info] [qdk:chemistry:algorithms:active_space]              23             0.285207      0.041938
[2026-01-21 06:55:07.563112] [info] [qdk:chemistry:algorithms:active_space]              27             0.283002      0.041614
[2026-01-21 06:55:07.563117] [info] [qdk:chemistry:algorithms:active_space]              25             0.282647      0.041562
[2026-01-21 06:55:07.563130] [info] [qdk:chemistry:algorithms:active_space]              50             0.270217      0.039734
[2026-01-21 06:55:07.563135] [info] [qdk:chemistry:algorithms:active_space]              17             0.267344      0.039312
[2026-01-21 06:55:07.563140] [info] [qdk:chemistry:algorithms:active_space]              16             0.265552      0.039048
[2026-01-21 06:55:07.563146] [info] [qdk:chemistry:algorithms:active_space]              15             0.261961      0.038520
[2026-01-21 06:55:07.563152] [info] [qdk:chemistry:algorithms:active_space]              20             0.258709      0.038042
[2026-01-21 06:55:07.564437] [info] [qdk:chemistry:algorithms:active_space]              49             0.239614      0.035234
[2026-01-21 06:55:07.564442] [info] [qdk:chemistry:algorithms:active_space]              29             0.231190      0.033996
[2026-01-21 06:55:07.564447] [info] [qdk:chemistry:algorithms:active_space]              51             0.230234      0.033855
[2026-01-21 06:55:07.564452] [info] [qdk:chemistry:algorithms:active_space]              19             0.217940      0.032047
[2026-01-21 06:55:07.564457] [info] [qdk:chemistry:algorithms:active_space]              18             0.212998      0.031320
[2026-01-21 06:55:07.564462] [info] [qdk:chemistry:algorithms:active_space]              40             0.201255      0.029594
[2026-01-21 06:55:07.564467] [info] [qdk:chemistry:algorithms:active_space]              39             0.199959      0.029403
[2026-01-21 06:55:07.564472] [info] [qdk:chemistry:algorithms:active_space]              37             0.170113      0.025014
[2026-01-21 06:55:07.564477] [info] [qdk:chemistry:algorithms:active_space]              14             0.166569      0.024493
[2026-01-21 06:55:07.564482] [info] [qdk:chemistry:algorithms:active_space]              13             0.152599      0.022439
[2026-01-21 06:55:07.564487] [info] [qdk:chemistry:algorithms:active_space]              38             0.141459      0.020801
[2026-01-21 06:55:07.564492] [info] [qdk:chemistry:algorithms:active_space]              12             0.107079      0.015745
[2026-01-21 06:55:07.564497] [info] [qdk:chemistry:algorithms:active_space]              11             0.099894      0.014689
[2026-01-21 06:55:07.564502] [info] [qdk:chemistry:algorithms:active_space]              10             0.089731      0.013195
[2026-01-21 06:55:07.564507] [info] [qdk:chemistry:algorithms:active_space]               9             0.088611      0.013030
[2026-01-21 06:55:07.564735] [info] [qdk:chemistry:algorithms:microsoft:active_space:autocas_active_space] Identified 1 plateaus.
[2026-01-21 06:55:07.565692] [info] [qdk:chemistry:algorithms:microsoft:active_space:autocas_active_space] AutoCAS::Selected active space of 4 orbitals: 31, 32, 33, 35
[2026-01-21 06:55:07.567691] [info] [sample_sci_workflow] AutoCAS selected active space with indices: [31, 32, 33, 35]
[2026-01-21 06:55:12.660584] [info] [qdk:chemistry:algorithms:microsoft:macis_asci] Requested number of determinants (100000) exceeds FCI dimension (36).
[2026-01-21 06:55:12.660] [ci_solver] [info] [Selected CI Solver]:
[2026-01-21 06:55:12.660] [ci_solver] [info]   NDETS =     36, MATEL_TOL = 2.22045e-16, RES_TOL = 1.00000e-06, MAX_SUB =  200
[2026-01-21 06:55:12.796] [ci_solver] [info]   NNZ   =    972, H_DUR     = 1.35536e+02 ms
[2026-01-21 06:55:12.796] [ci_solver] [info]   HMEM_LOC = 1.48e-05 GiB
[2026-01-21 06:55:12.796] [ci_solver] [info]   H_SPARSE = 7.50e+01%
[2026-01-21 06:55:12.796] [ci_solver] [info]   * Will generate identity guess
[2026-01-21 06:55:12.796] [davidson] [info] [Davidson Eigensolver]:
[2026-01-21 06:55:12.796] [davidson] [info]   N =     36, MAX_M =   36, RES_TOL = 1.00000e-06
[2026-01-21 06:55:12.841] [davidson] [info] iter =    1, LAM(0) =  -2.990002184883e+00, RNORM =   1.727148742732e-02
[2026-01-21 06:55:12.864] [davidson] [info] iter =    2, LAM(0) =  -2.990327330744e+00, RNORM =   1.880035514470e-03
[2026-01-21 06:55:12.887] [davidson] [info] iter =    3, LAM(0) =  -2.990331133755e+00, RNORM =   1.934605900425e-04
[2026-01-21 06:55:12.909] [davidson] [info] iter =    4, LAM(0) =  -2.990331188688e+00, RNORM =   2.259001302189e-05
[2026-01-21 06:55:12.932] [davidson] [info] iter =    5, LAM(0) =  -2.990331189292e+00, RNORM =   2.356437668950e-06
[2026-01-21 06:55:12.955] [davidson] [info] iter =    6, LAM(0) =  -2.990331189299e+00, RNORM =   2.001131928956e-07
[2026-01-21 06:55:12.955] [davidson] [info] Davidson Converged!
[2026-01-21 06:55:12.955] [ci_solver] [info]   DAV_NITER =    6, E0 = -2.990331e+00 Eh, DAVIDSON_DUR = 1.58778e+02 ms
[2026-01-21 06:55:12.992975] [info] [sample_sci_workflow] Hamiltonian Summary:
  Type: Hermitian
  Restrictedness: Restricted
  Active Orbitals: 4
  Total Orbitals: 161
  Core Energy: -432.468175
  Integral Statistics:
    One-body Integrals (alpha): 16 (larger than 0.000001: 16)
    Two-body Integrals (aaaa): 256 (larger than 0.000001: 256)

[2026-01-21 06:55:12.993180] [info] [sample_sci_workflow] AutoCAS energy = -435.45850584 Hartree
[2026-01-21 06:55:13.637297] [info] [qdk_chemistry.utils.wavefunction] Sparse CI finder (6 dets) = -435.45757003 Hartree (ΔE = 0.9358 mHartree)
[2026-01-21 06:55:13.638153] [info] [sample_sci_workflow] Sparse CI energy = -435.45757003 Hartree
[2026-01-21 06:55:13.638894] [info] [sample_sci_workflow] Stored wavefunction with 6 determinants
Determinants:
  2200: 0.99254471
  2020: -0.10433619
  0202: -0.04942276
  ud20: -0.02555150
  du20: -0.02532236
  ud02: 0.01523935


=== WORKFLOW END ===
End: 2026-01-21T06:55:14.205220
Elapsed seconds: 324.828544
