=== WORKFLOW START ===
Start: 2026-01-21T06:55:45.704185
Command: python sample_sci_workflow.py --xyz Validation-2026-01-20-aab310b108342456bf6b1017d01ccb8e31d2d52d/structures/1_molecules/mol033444_data_130096.structure.xyz --initial-active-space-solver macis_asci --autocas --max-determinants 100

[2026-01-21 06:55:48.457759] [info] [sample_sci_workflow] Structure Summary:
  Number of atoms: 10
  Composition: H4, O1, N2, C3
  Total mass: 84.078 AMU
  Nuclear Repulsion Energy: 226.973 Eh

[2026-01-21 06:55:51.216282] [info] [sample_sci_workflow] SCF energy = -299.61645625 Hartree
[2026-01-21 06:55:51.217026] [info] [qdk:chemistry:algorithms:microsoft:active_space:valence_active_space] ValenceActiveSpaceSelector::Starting active space selection.
[2026-01-21 06:55:51.217739] [info] [qdk:chemistry:algorithms:microsoft:active_space:valence_active_space] ValenceActiveSpaceSelector::Selected active space of 28 orbitals: 6, 7, 8, 9, 10, 11, 12, 13, 14, 15, 16, 17, 18, 19, 20, 21, 22, 23, 24, 25, 26, 27, 28, 29, 30, 31, 32, 33
[2026-01-21 06:55:51.220005] [info] [sample_sci_workflow] Orbitals Summary:
  AOs: 104
  MOs: 104
  Type: Restricted
  Has overlap: Yes
  Has basis set: Yes
  Valid: Yes
  Has active space: Yes
  Active Orbitals: α=28, β=28
  Has inactive space: Yes
  Inactive Orbitals: α=6, β=6
  Virtual Orbitals: α=70, β=70

[2026-01-21 06:55:58.493423] [info] [sample_sci_workflow] Hamiltonian Summary:
  Type: Hermitian
  Restrictedness: Restricted
  Active Orbitals: 28
  Total Orbitals: 104
  Core Energy: -126.407513
  Integral Statistics:
    One-body Integrals (alpha): 784 (larger than 0.000001: 784)
    Two-body Integrals (aaaa): 614656 (larger than 0.000001: 614280)

[2026-01-21 06:55:58.500] [asci_grow] [info] [ASCI Grow Settings]:
[2026-01-21 06:55:58.500] [asci_grow] [info]   NTDETS_MAX = 100000, NCDETS_MAX =    100, GROW_FACTOR = 8
[2026-01-21 06:55:58.500] [asci_grow] [info] iter =    0, E0 =  -1.732089428418e+02, dE =   0.000000e+00, WFN_SIZE = 1
[2026-01-21 06:55:58.500] [asci_search] [info] [ASCI Search Settings]:
[2026-01-21 06:55:58.500] [asci_search] [info]   NCDETS =      1, NDETS_MAX =       100, H_EL_TOL = 1.000000e-08, RV_TOL = 1.000000e-08
[2026-01-21 06:55:58.500] [asci_search] [info]   MAX_RV_SIZE = 500000000, JUST_SINGLES = false
[2026-01-21 06:55:58.500] [asci_search] [info]   CDET_SUM = 1.00e+00
[2026-01-21 06:55:58.500] [asci_search] [info]   * Will Generate up to Quintuplets
[2026-01-21 06:55:58.542] [asci_search] [info]   * GEN_DUR = 4.08e+01 ms
[2026-01-21 06:55:58.587] [asci_search] [info]   * ASCI Kept 53077 Pairs
[2026-01-21 06:55:58.587] [asci_search] [info]   * Pairs Mem = 1.19e-03 GiB
[2026-01-21 06:55:58.589] [asci_search] [info]   * ASCI will search over 53077 unique determinants
[2026-01-21 06:55:58.589] [asci_search] [info]   * PAIR_DUR = 8.71e-02 s, SORT_ACC_DUR = 2.08e-03 s
[2026-01-21 06:55:58.589] [asci_search] [info]   * KEEP_LARG_DUR = 8.07e-05 s
[2026-01-21 06:55:58.590] [asci_search] [info]   * Kth Score Pivot = 9.9068861482878336e-03
[2026-01-21 06:55:58.590] [asci_search] [info]   * ASCI_SORT_DUR = 1.28e-03 s
[2026-01-21 06:55:58.591] [asci_search] [info]   * New Dets Mem = 7.45e-07 GiB
[2026-01-21 06:55:58.591] [asci_search] [info]   * ASCI_SEARCH DUR = 9.15e-02 s
[2026-01-21 06:55:58.592] [ci_solver] [info] [Selected CI Solver]:
[2026-01-21 06:55:58.593] [ci_solver] [info]   NDETS =    100, MATEL_TOL = 2.22045e-16, RES_TOL = 1.00000e-06, MAX_SUB =  200
[2026-01-21 06:55:58.713] [ci_solver] [info]   NNZ   =   2634, H_DUR     = 1.20851e+02 ms
[2026-01-21 06:55:58.713] [ci_solver] [info]   HMEM_LOC = 4.00e-05 GiB
[2026-01-21 06:55:58.713] [ci_solver] [info]   H_SPARSE = 2.63e+01%
[2026-01-21 06:55:58.713] [ci_solver] [info]   * Will generate identity guess
[2026-01-21 06:55:58.714] [davidson] [info] [Davidson Eigensolver]:
[2026-01-21 06:55:58.714] [davidson] [info]   N =    100, MAX_M =  100, RES_TOL = 1.00000e-06
[2026-01-21 06:55:58.760] [davidson] [info] iter =    1, LAM(0) =  -1.732371817346e+02, RNORM =   9.249477968969e-02
[2026-01-21 06:55:58.783] [davidson] [info] iter =    2, LAM(0) =  -1.732435836007e+02, RNORM =   8.783839500122e-03
[2026-01-21 06:55:58.815] [davidson] [info] iter =    3, LAM(0) =  -1.732436735484e+02, RNORM =   2.818375632653e-03
[2026-01-21 06:55:58.838] [davidson] [info] iter =    4, LAM(0) =  -1.732436827420e+02, RNORM =   6.957290174592e-04
[2026-01-21 06:55:58.861] [davidson] [info] iter =    5, LAM(0) =  -1.732436833291e+02, RNORM =   1.162601503167e-04
[2026-01-21 06:55:58.884] [davidson] [info] iter =    6, LAM(0) =  -1.732436833425e+02, RNORM =   1.765115150928e-05
[2026-01-21 06:55:58.908] [davidson] [info] iter =    7, LAM(0) =  -1.732436833428e+02, RNORM =   3.876029224609e-06
[2026-01-21 06:55:58.931] [davidson] [info] iter =    8, LAM(0) =  -1.732436833428e+02, RNORM =   8.505980174687e-07
[2026-01-21 06:55:58.931] [davidson] [info] Davidson Converged!
[2026-01-21 06:55:58.931] [ci_solver] [info]   DAV_NITER =    8, E0 = -1.732437e+02 Eh, DAVIDSON_DUR = 2.17108e+02 ms
[2026-01-21 06:55:58.931] [asci_grow] [info] iter =    1, E0 =  -1.732436833428e+02, dE =  -3.474050e-02, WFN_SIZE = 100
[2026-01-21 06:55:58.931] [asci_search] [info] [ASCI Search Settings]:
[2026-01-21 06:55:58.931] [asci_search] [info]   NCDETS =    100, NDETS_MAX =       800, H_EL_TOL = 1.000000e-08, RV_TOL = 1.000000e-08
[2026-01-21 06:55:58.931] [asci_search] [info]   MAX_RV_SIZE = 500000000, JUST_SINGLES = false
[2026-01-21 06:55:58.931] [asci_search] [info]   CDET_SUM = 1.00e+00
[2026-01-21 06:55:58.942] [asci_search] [info]   * Will Generate up to Quintuplets
[2026-01-21 06:55:58.954] [asci_search] [info]   * GEN_DUR = 1.18e+01 ms
[2026-01-21 06:56:00.197] [asci_search] [info]   * ASCI Kept 3932306 Pairs
[2026-01-21 06:56:00.197] [asci_search] [info]   * Pairs Mem = 8.79e-02 GiB
[2026-01-21 06:56:00.388] [asci_search] [info]   * ASCI will search over 3932306 unique determinants
[2026-01-21 06:56:00.388] [asci_search] [info]   * PAIR_DUR = 1.27e+00 s, SORT_ACC_DUR = 1.91e-01 s
[2026-01-21 06:56:00.396] [asci_search] [info]   * KEEP_LARG_DUR = 7.96e-03 s
[2026-01-21 06:56:00.427] [asci_search] [info]   * Kth Score Pivot = 4.3051967201553866e-03
[2026-01-21 06:56:00.443] [asci_search] [info]   * ASCI_SORT_DUR = 4.75e-02 s
[2026-01-21 06:56:00.443] [asci_search] [info]   * New Dets Mem = 5.96e-06 GiB
[2026-01-21 06:56:00.443] [asci_search] [info]   * ASCI_SEARCH DUR = 1.51e+00 s
[2026-01-21 06:56:00.443] [ci_solver] [info] [Selected CI Solver]:
[2026-01-21 06:56:00.443] [ci_solver] [info]   NDETS =    800, MATEL_TOL = 2.22045e-16, RES_TOL = 1.00000e-06, MAX_SUB =  200
[2026-01-21 06:56:00.561] [ci_solver] [info]   NNZ   =  57552, H_DUR     = 1.17889e+02 ms
[2026-01-21 06:56:00.561] [ci_solver] [info]   HMEM_LOC = 8.64e-04 GiB
[2026-01-21 06:56:00.561] [ci_solver] [info]   H_SPARSE = 8.99e+00%
[2026-01-21 06:56:00.561] [ci_solver] [info]   * Will generate identity guess
[2026-01-21 06:56:00.561] [davidson] [info] [Davidson Eigensolver]:
[2026-01-21 06:56:00.561] [davidson] [info]   N =    800, MAX_M =  200, RES_TOL = 1.00000e-06
[2026-01-21 06:56:00.610] [davidson] [info] iter =    1, LAM(0) =  -1.732610683389e+02, RNORM =   1.222946449816e-01
[2026-01-21 06:56:00.632] [davidson] [info] iter =    2, LAM(0) =  -1.732720763287e+02, RNORM =   2.059225252733e-02
[2026-01-21 06:56:00.655] [davidson] [info] iter =    3, LAM(0) =  -1.732724797002e+02, RNORM =   4.619178787606e-03
[2026-01-21 06:56:00.678] [davidson] [info] iter =    4, LAM(0) =  -1.732725043341e+02, RNORM =   1.648469753939e-03
[2026-01-21 06:56:00.705] [davidson] [info] iter =    5, LAM(0) =  -1.732725069980e+02, RNORM =   4.287347510709e-04
[2026-01-21 06:56:00.724] [davidson] [info] iter =    6, LAM(0) =  -1.732725071613e+02, RNORM =   8.126089040071e-05
[2026-01-21 06:56:00.747] [davidson] [info] iter =    7, LAM(0) =  -1.732725071671e+02, RNORM =   1.618107532125e-05
[2026-01-21 06:56:00.780] [davidson] [info] iter =    8, LAM(0) =  -1.732725071674e+02, RNORM =   3.756516823528e-06
[2026-01-21 06:56:00.804] [davidson] [info] iter =    9, LAM(0) =  -1.732725071674e+02, RNORM =   8.465999535269e-07
[2026-01-21 06:56:00.804] [davidson] [info] Davidson Converged!
[2026-01-21 06:56:00.804] [ci_solver] [info]   DAV_NITER =    9, E0 = -1.732725e+02 Eh, DAVIDSON_DUR = 2.42403e+02 ms
[2026-01-21 06:56:00.804] [asci_grow] [info] iter =    2, E0 =  -1.732725071674e+02, dE =  -2.882382e-02, WFN_SIZE = 800
[2026-01-21 06:56:00.804] [asci_search] [info] [ASCI Search Settings]:
[2026-01-21 06:56:00.804] [asci_search] [info]   NCDETS =    100, NDETS_MAX =      6400, H_EL_TOL = 1.000000e-08, RV_TOL = 1.000000e-08
[2026-01-21 06:56:00.804] [asci_search] [info]   MAX_RV_SIZE = 500000000, JUST_SINGLES = false
[2026-01-21 06:56:00.804] [asci_search] [info]   CDET_SUM = 9.80e-01
[2026-01-21 06:56:00.805] [asci_search] [info]   * Will Generate up to Quintuplets
[2026-01-21 06:56:00.827] [asci_search] [info]   * GEN_DUR = 2.19e+01 ms
[2026-01-21 06:56:02.094] [asci_search] [info]   * ASCI Kept 3672071 Pairs
[2026-01-21 06:56:02.094] [asci_search] [info]   * Pairs Mem = 8.21e-02 GiB
[2026-01-21 06:56:02.277] [asci_search] [info]   * ASCI will search over 3672071 unique determinants
[2026-01-21 06:56:02.277] [asci_search] [info]   * PAIR_DUR = 1.29e+00 s, SORT_ACC_DUR = 1.83e-01 s
[2026-01-21 06:56:02.285] [asci_search] [info]   * KEEP_LARG_DUR = 7.41e-03 s
[2026-01-21 06:56:02.347] [asci_search] [info]   * Kth Score Pivot = 1.5621561643062044e-03
[2026-01-21 06:56:02.362] [asci_search] [info]   * ASCI_SORT_DUR = 7.74e-02 s
[2026-01-21 06:56:02.362] [asci_search] [info]   * New Dets Mem = 4.77e-05 GiB
[2026-01-21 06:56:02.362] [asci_search] [info]   * ASCI_SEARCH DUR = 1.56e+00 s
[2026-01-21 06:56:02.363] [ci_solver] [info] [Selected CI Solver]:
[2026-01-21 06:56:02.364] [ci_solver] [info]   NDETS =   6400, MATEL_TOL = 2.22045e-16, RES_TOL = 1.00000e-06, MAX_SUB =  200
[2026-01-21 06:56:02.538] [ci_solver] [info]   NNZ   = 1740566, H_DUR     = 1.74286e+02 ms
[2026-01-21 06:56:02.538] [ci_solver] [info]   HMEM_LOC = 2.60e-02 GiB
[2026-01-21 06:56:02.538] [ci_solver] [info]   H_SPARSE = 4.25e+00%
[2026-01-21 06:56:02.550] [ci_solver] [info]   * Will generate identity guess
[2026-01-21 06:56:02.551] [davidson] [info] [Davidson Eigensolver]:
[2026-01-21 06:56:02.551] [davidson] [info]   N =   6400, MAX_M =  200, RES_TOL = 1.00000e-06
[2026-01-21 06:56:02.606] [davidson] [info] iter =    1, LAM(0) =  -1.733046949934e+02, RNORM =   1.350153635791e-01
[2026-01-21 06:56:02.618] [davidson] [info] iter =    2, LAM(0) =  -1.733181247321e+02, RNORM =   2.654292754614e-02
[2026-01-21 06:56:02.642] [davidson] [info] iter =    3, LAM(0) =  -1.733186953886e+02, RNORM =   6.966355885232e-03
[2026-01-21 06:56:02.669] [davidson] [info] iter =    4, LAM(0) =  -1.733187355721e+02, RNORM =   2.085311725439e-03
[2026-01-21 06:56:02.703] [davidson] [info] iter =    5, LAM(0) =  -1.733187400796e+02, RNORM =   7.198839123181e-04
[2026-01-21 06:56:02.715] [davidson] [info] iter =    6, LAM(0) =  -1.733187405571e+02, RNORM =   1.954572491040e-04
[2026-01-21 06:56:02.749] [davidson] [info] iter =    7, LAM(0) =  -1.733187405895e+02, RNORM =   4.588463073094e-05
[2026-01-21 06:56:02.774] [davidson] [info] iter =    8, LAM(0) =  -1.733187405912e+02, RNORM =   9.936116086745e-06
[2026-01-21 06:56:02.803] [davidson] [info] iter =    9, LAM(0) =  -1.733187405913e+02, RNORM =   2.007841670295e-06
[2026-01-21 06:56:02.827] [davidson] [info] iter =   10, LAM(0) =  -1.733187405913e+02, RNORM =   5.122955113053e-07
[2026-01-21 06:56:02.827] [davidson] [info] Davidson Converged!
[2026-01-21 06:56:02.827] [ci_solver] [info]   DAV_NITER =   10, E0 = -1.733187e+02 Eh, DAVIDSON_DUR = 2.75708e+02 ms
[2026-01-21 06:56:02.827] [asci_grow] [info] iter =    3, E0 =  -1.733187405913e+02, dE =  -4.623342e-02, WFN_SIZE = 6400
[2026-01-21 06:56:02.832] [asci_search] [info] [ASCI Search Settings]:
[2026-01-21 06:56:02.833] [asci_search] [info]   NCDETS =    100, NDETS_MAX =     51200, H_EL_TOL = 1.000000e-08, RV_TOL = 1.000000e-08
[2026-01-21 06:56:02.833] [asci_search] [info]   MAX_RV_SIZE = 500000000, JUST_SINGLES = false
[2026-01-21 06:56:02.833] [asci_search] [info]   CDET_SUM = 9.55e-01
[2026-01-21 06:56:02.834] [asci_search] [info]   * Will Generate up to Quintuplets
[2026-01-21 06:56:02.854] [asci_search] [info]   * GEN_DUR = 2.06e+01 ms
[2026-01-21 06:56:04.042] [asci_search] [info]   * ASCI Kept 3745023 Pairs
[2026-01-21 06:56:04.042] [asci_search] [info]   * Pairs Mem = 8.37e-02 GiB
[2026-01-21 06:56:04.232] [asci_search] [info]   * ASCI will search over 3745023 unique determinants
[2026-01-21 06:56:04.232] [asci_search] [info]   * PAIR_DUR = 1.21e+00 s, SORT_ACC_DUR = 1.89e-01 s
[2026-01-21 06:56:04.239] [asci_search] [info]   * KEEP_LARG_DUR = 7.01e-03 s
[2026-01-21 06:56:04.286] [asci_search] [info]   * Kth Score Pivot = 1.5188237045761323e-04
[2026-01-21 06:56:04.300] [asci_search] [info]   * ASCI_SORT_DUR = 6.17e-02 s
[2026-01-21 06:56:04.301] [asci_search] [info]   * New Dets Mem = 3.81e-04 GiB
[2026-01-21 06:56:04.301] [asci_search] [info]   * ASCI_SEARCH DUR = 1.47e+00 s
[2026-01-21 06:56:04.305] [ci_solver] [info] [Selected CI Solver]:
[2026-01-21 06:56:04.305] [ci_solver] [info]   NDETS =  51200, MATEL_TOL = 2.22045e-16, RES_TOL = 1.00000e-06, MAX_SUB =  200
[2026-01-21 06:56:07.640] [ci_solver] [info]   NNZ   = 52861478, H_DUR     = 3.33542e+03 ms
[2026-01-21 06:56:07.640] [ci_solver] [info]   HMEM_LOC = 7.88e-01 GiB
[2026-01-21 06:56:07.641] [ci_solver] [info]   H_SPARSE = 2.02e+00%
[2026-01-21 06:56:07.682] [ci_solver] [info]   * Will generate identity guess
[2026-01-21 06:56:07.717] [davidson] [info] [Davidson Eigensolver]:
[2026-01-21 06:56:07.718] [davidson] [info]   N =  51200, MAX_M =  200, RES_TOL = 1.00000e-06
[2026-01-21 06:56:07.774] [davidson] [info] iter =    1, LAM(0) =  -1.733286375810e+02, RNORM =   1.506783981027e-01
[2026-01-21 06:56:07.799] [davidson] [info] iter =    2, LAM(0) =  -1.733456963346e+02, RNORM =   4.204330446799e-02
[2026-01-21 06:56:07.830] [davidson] [info] iter =    3, LAM(0) =  -1.733468659066e+02, RNORM =   1.431453893968e-02
[2026-01-21 06:56:07.871] [davidson] [info] iter =    4, LAM(0) =  -1.733470105991e+02, RNORM =   5.258555428729e-03
[2026-01-21 06:56:07.908] [davidson] [info] iter =    5, LAM(0) =  -1.733470327538e+02, RNORM =   1.982875898010e-03
[2026-01-21 06:56:07.952] [davidson] [info] iter =    6, LAM(0) =  -1.733470357341e+02, RNORM =   7.006651473260e-04
[2026-01-21 06:56:07.994] [davidson] [info] iter =    7, LAM(0) =  -1.733470360846e+02, RNORM =   2.405836735874e-04
[2026-01-21 06:56:08.041] [davidson] [info] iter =    8, LAM(0) =  -1.733470361244e+02, RNORM =   7.900601800512e-05
[2026-01-21 06:56:08.087] [davidson] [info] iter =    9, LAM(0) =  -1.733470361288e+02, RNORM =   2.590504691694e-05
[2026-01-21 06:56:08.128] [davidson] [info] iter =   10, LAM(0) =  -1.733470361293e+02, RNORM =   8.336601262087e-06
[2026-01-21 06:56:08.169] [davidson] [info] iter =   11, LAM(0) =  -1.733470361293e+02, RNORM =   2.483819003233e-06
[2026-01-21 06:56:08.213] [davidson] [info] iter =   12, LAM(0) =  -1.733470361293e+02, RNORM =   7.377645064036e-07
[2026-01-21 06:56:08.214] [davidson] [info] Davidson Converged!
[2026-01-21 06:56:08.215] [ci_solver] [info]   DAV_NITER =   12, E0 = -1.733470e+02 Eh, DAVIDSON_DUR = 4.97552e+02 ms
[2026-01-21 06:56:08.220] [asci_grow] [info] iter =    4, E0 =  -1.733470361293e+02, dE =  -2.829554e-02, WFN_SIZE = 51200
[2026-01-21 06:56:08.225] [asci_search] [info] [ASCI Search Settings]:
[2026-01-21 06:56:08.225] [asci_search] [info]   NCDETS =    100, NDETS_MAX =    100000, H_EL_TOL = 1.000000e-08, RV_TOL = 1.000000e-08
[2026-01-21 06:56:08.225] [asci_search] [info]   MAX_RV_SIZE = 500000000, JUST_SINGLES = false
[2026-01-21 06:56:08.225] [asci_search] [info]   CDET_SUM = 9.41e-01
[2026-01-21 06:56:08.227] [asci_search] [info]   * Will Generate up to Quintuplets
[2026-01-21 06:56:08.250] [asci_search] [info]   * GEN_DUR = 2.34e+01 ms
[2026-01-21 06:56:09.502] [asci_search] [info]   * ASCI Kept 3752284 Pairs
[2026-01-21 06:56:09.502] [asci_search] [info]   * Pairs Mem = 8.39e-02 GiB
[2026-01-21 06:56:09.706] [asci_search] [info]   * ASCI will search over 3752284 unique determinants
[2026-01-21 06:56:09.706] [asci_search] [info]   * PAIR_DUR = 1.28e+00 s, SORT_ACC_DUR = 2.03e-01 s
[2026-01-21 06:56:09.717] [asci_search] [info]   * KEEP_LARG_DUR = 1.09e-02 s
[2026-01-21 06:56:09.780] [asci_search] [info]   * Kth Score Pivot = 6.6975894190541560e-05
[2026-01-21 06:56:09.802] [asci_search] [info]   * ASCI_SORT_DUR = 8.48e-02 s
[2026-01-21 06:56:09.804] [asci_search] [info]   * New Dets Mem = 7.45e-04 GiB
[2026-01-21 06:56:09.804] [asci_search] [info]   * ASCI_SEARCH DUR = 1.58e+00 s
[2026-01-21 06:56:09.811] [ci_solver] [info] [Selected CI Solver]:
[2026-01-21 06:56:09.811] [ci_solver] [info]   NDETS = 100000, MATEL_TOL = 2.22045e-16, RES_TOL = 1.00000e-06, MAX_SUB =  200
[2026-01-21 06:56:15.400] [ci_solver] [info]   NNZ   = 95521828, H_DUR     = 5.58843e+03 ms
[2026-01-21 06:56:15.400] [ci_solver] [info]   HMEM_LOC = 1.42e+00 GiB
[2026-01-21 06:56:15.400] [ci_solver] [info]   H_SPARSE = 9.55e-01%
[2026-01-21 06:56:15.493] [ci_solver] [info]   * Will generate identity guess
[2026-01-21 06:56:15.578] [davidson] [info] [Davidson Eigensolver]:
[2026-01-21 06:56:15.578] [davidson] [info]   N = 100000, MAX_M =  200, RES_TOL = 1.00000e-06
[2026-01-21 06:56:15.651] [davidson] [info] iter =    1, LAM(0) =  -1.733287691684e+02, RNORM =   1.575063558669e-01
[2026-01-21 06:56:15.681] [davidson] [info] iter =    2, LAM(0) =  -1.733472572712e+02, RNORM =   5.051116435384e-02
[2026-01-21 06:56:15.723] [davidson] [info] iter =    3, LAM(0) =  -1.733487989646e+02, RNORM =   1.937267289199e-02
[2026-01-21 06:56:15.779] [davidson] [info] iter =    4, LAM(0) =  -1.733490454832e+02, RNORM =   7.679020697581e-03
[2026-01-21 06:56:15.831] [davidson] [info] iter =    5, LAM(0) =  -1.733490889054e+02, RNORM =   3.148409997283e-03
[2026-01-21 06:56:15.897] [davidson] [info] iter =    6, LAM(0) =  -1.733490959704e+02, RNORM =   1.292609250880e-03
[2026-01-21 06:56:15.964] [davidson] [info] iter =    7, LAM(0) =  -1.733490970540e+02, RNORM =   5.118306878931e-04
[2026-01-21 06:56:16.027] [davidson] [info] iter =    8, LAM(0) =  -1.733490972179e+02, RNORM =   1.840748086882e-04
[2026-01-21 06:56:16.081] [davidson] [info] iter =    9, LAM(0) =  -1.733490972402e+02, RNORM =   6.794998514918e-05
[2026-01-21 06:56:16.136] [davidson] [info] iter =   10, LAM(0) =  -1.733490972432e+02, RNORM =   2.481375336263e-05
[2026-01-21 06:56:16.205] [davidson] [info] iter =   11, LAM(0) =  -1.733490972436e+02, RNORM =   8.633484869693e-06
[2026-01-21 06:56:16.273] [davidson] [info] iter =   12, LAM(0) =  -1.733490972436e+02, RNORM =   2.882993746009e-06
[2026-01-21 06:56:16.339] [davidson] [info] iter =   13, LAM(0) =  -1.733490972436e+02, RNORM =   9.397370105975e-07
[2026-01-21 06:56:16.339] [davidson] [info] Davidson Converged!
[2026-01-21 06:56:16.340] [ci_solver] [info]   DAV_NITER =   13, E0 = -1.733491e+02 Eh, DAVIDSON_DUR = 7.61579e+02 ms
[2026-01-21 06:56:16.346] [asci_grow] [info] iter =    5, E0 =  -1.733490972436e+02, dE =  -2.061114e-03, WFN_SIZE = 100000
[2026-01-21 06:56:16.346] [asci_grow] [info] * GROW_DUR = 1.78e+04 ms
[2026-01-21 06:56:16.346] [asci_refine] [info] [ASCI Refine Settings]:
[2026-01-21 06:56:16.347] [asci_refine] [info]   NTDETS = 100000, NCDETS =    100, MAX_REFINE_ITER =    6, REFINE_TOL = 1.00e-06
[2026-01-21 06:56:16.347] [asci_refine] [info] iter =    0, E0 =  -1.733490972436e+02, dE =   0.000000e+00
[2026-01-21 06:56:16.357] [asci_search] [info] [ASCI Search Settings]:
[2026-01-21 06:56:16.357] [asci_search] [info]   NCDETS =    100, NDETS_MAX =    100000, H_EL_TOL = 1.000000e-08, RV_TOL = 1.000000e-08
[2026-01-21 06:56:16.357] [asci_search] [info]   MAX_RV_SIZE = 500000000, JUST_SINGLES = false
[2026-01-21 06:56:16.357] [asci_search] [info]   CDET_SUM = 9.39e-01
[2026-01-21 06:56:16.358] [asci_search] [info]   * Will Generate up to Quintuplets
[2026-01-21 06:56:16.381] [asci_search] [info]   * GEN_DUR = 2.30e+01 ms
[2026-01-21 06:56:17.455] [asci_search] [info]   * ASCI Kept 3752411 Pairs
[2026-01-21 06:56:17.455] [asci_search] [info]   * Pairs Mem = 8.39e-02 GiB
[2026-01-21 06:56:17.660] [asci_search] [info]   * ASCI will search over 3752411 unique determinants
[2026-01-21 06:56:17.660] [asci_search] [info]   * PAIR_DUR = 1.10e+00 s, SORT_ACC_DUR = 2.05e-01 s
[2026-01-21 06:56:17.671] [asci_search] [info]   * KEEP_LARG_DUR = 1.10e-02 s
[2026-01-21 06:56:17.708] [asci_search] [info]   * Kth Score Pivot = 6.9409299593930514e-05
[2026-01-21 06:56:17.730] [asci_search] [info]   * ASCI_SORT_DUR = 5.83e-02 s
[2026-01-21 06:56:17.731] [asci_search] [info]   * New Dets Mem = 7.45e-04 GiB
[2026-01-21 06:56:17.731] [asci_search] [info]   * ASCI_SEARCH DUR = 1.37e+00 s
[2026-01-21 06:56:17.738] [ci_solver] [info] [Selected CI Solver]:
[2026-01-21 06:56:17.738] [ci_solver] [info]   NDETS = 100000, MATEL_TOL = 2.22045e-16, RES_TOL = 1.00000e-06, MAX_SUB =  200
[2026-01-21 06:56:23.204] [ci_solver] [info]   NNZ   = 95270350, H_DUR     = 5.46544e+03 ms
[2026-01-21 06:56:23.204] [ci_solver] [info]   HMEM_LOC = 1.42e+00 GiB
[2026-01-21 06:56:23.204] [ci_solver] [info]   H_SPARSE = 9.53e-01%
[2026-01-21 06:56:23.260] [ci_solver] [info]   * Will generate identity guess
[2026-01-21 06:56:23.315] [davidson] [info] [Davidson Eigensolver]:
[2026-01-21 06:56:23.315] [davidson] [info]   N = 100000, MAX_M =  200, RES_TOL = 1.00000e-06
[2026-01-21 06:56:23.419] [davidson] [info] iter =    1, LAM(0) =  -1.733287655582e+02, RNORM =   1.574468835174e-01
[2026-01-21 06:56:23.464] [davidson] [info] iter =    2, LAM(0) =  -1.733472534701e+02, RNORM =   5.046734344037e-02
[2026-01-21 06:56:23.515] [davidson] [info] iter =    3, LAM(0) =  -1.733487974606e+02, RNORM =   1.935342870722e-02
[2026-01-21 06:56:23.572] [davidson] [info] iter =    4, LAM(0) =  -1.733490444766e+02, RNORM =   7.671513381385e-03
[2026-01-21 06:56:23.634] [davidson] [info] iter =    5, LAM(0) =  -1.733490879731e+02, RNORM =   3.123925616000e-03
[2026-01-21 06:56:23.693] [davidson] [info] iter =    6, LAM(0) =  -1.733490949904e+02, RNORM =   1.263808946796e-03
[2026-01-21 06:56:23.748] [davidson] [info] iter =    7, LAM(0) =  -1.733490960412e+02, RNORM =   5.013366084189e-04
[2026-01-21 06:56:23.800] [davidson] [info] iter =    8, LAM(0) =  -1.733490961985e+02, RNORM =   1.816628525868e-04
[2026-01-21 06:56:23.859] [davidson] [info] iter =    9, LAM(0) =  -1.733490962202e+02, RNORM =   6.689429076828e-05
[2026-01-21 06:56:23.925] [davidson] [info] iter =   10, LAM(0) =  -1.733490962231e+02, RNORM =   2.427911160690e-05
[2026-01-21 06:56:24.004] [davidson] [info] iter =   11, LAM(0) =  -1.733490962235e+02, RNORM =   8.431722185409e-06
[2026-01-21 06:56:24.067] [davidson] [info] iter =   12, LAM(0) =  -1.733490962235e+02, RNORM =   2.838356871558e-06
[2026-01-21 06:56:24.125] [davidson] [info] iter =   13, LAM(0) =  -1.733490962235e+02, RNORM =   9.315535229075e-07
[2026-01-21 06:56:24.125] [davidson] [info] Davidson Converged!
[2026-01-21 06:56:24.126] [ci_solver] [info]   DAV_NITER =   13, E0 = -1.733491e+02 Eh, DAVIDSON_DUR = 8.10926e+02 ms
[2026-01-21 06:56:24.136] [asci_refine] [info] iter =    1, E0 =  -1.733490962235e+02, dE =   1.020109e-06
[2026-01-21 06:56:24.152] [asci_search] [info] [ASCI Search Settings]:
[2026-01-21 06:56:24.153] [asci_search] [info]   NCDETS =    100, NDETS_MAX =    100000, H_EL_TOL = 1.000000e-08, RV_TOL = 1.000000e-08
[2026-01-21 06:56:24.153] [asci_search] [info]   MAX_RV_SIZE = 500000000, JUST_SINGLES = false
[2026-01-21 06:56:24.153] [asci_search] [info]   CDET_SUM = 9.39e-01
[2026-01-21 06:56:24.154] [asci_search] [info]   * Will Generate up to Quintuplets
[2026-01-21 06:56:24.177] [asci_search] [info]   * GEN_DUR = 2.35e+01 ms
[2026-01-21 06:56:25.211] [asci_search] [info]   * ASCI Kept 3752396 Pairs
[2026-01-21 06:56:25.211] [asci_search] [info]   * Pairs Mem = 8.39e-02 GiB
[2026-01-21 06:56:25.409] [asci_search] [info]   * ASCI will search over 3752396 unique determinants
[2026-01-21 06:56:25.410] [asci_search] [info]   * PAIR_DUR = 1.06e+00 s, SORT_ACC_DUR = 1.98e-01 s
[2026-01-21 06:56:25.420] [asci_search] [info]   * KEEP_LARG_DUR = 1.10e-02 s
[2026-01-21 06:56:25.476] [asci_search] [info]   * Kth Score Pivot = 6.9453772970794767e-05
[2026-01-21 06:56:25.498] [asci_search] [info]   * ASCI_SORT_DUR = 7.73e-02 s
[2026-01-21 06:56:25.499] [asci_search] [info]   * New Dets Mem = 7.45e-04 GiB
[2026-01-21 06:56:25.499] [asci_search] [info]   * ASCI_SEARCH DUR = 1.35e+00 s
[2026-01-21 06:56:25.507] [ci_solver] [info] [Selected CI Solver]:
[2026-01-21 06:56:25.507] [ci_solver] [info]   NDETS = 100000, MATEL_TOL = 2.22045e-16, RES_TOL = 1.00000e-06, MAX_SUB =  200
[2026-01-21 06:56:31.029] [ci_solver] [info]   NNZ   = 95292328, H_DUR     = 5.52203e+03 ms
[2026-01-21 06:56:31.029] [ci_solver] [info]   HMEM_LOC = 1.42e+00 GiB
[2026-01-21 06:56:31.029] [ci_solver] [info]   H_SPARSE = 9.53e-01%
[2026-01-21 06:56:31.104] [ci_solver] [info]   * Will generate identity guess
[2026-01-21 06:56:31.178] [davidson] [info] [Davidson Eigensolver]:
[2026-01-21 06:56:31.178] [davidson] [info]   N = 100000, MAX_M =  200, RES_TOL = 1.00000e-06
[2026-01-21 06:56:31.271] [davidson] [info] iter =    1, LAM(0) =  -1.733287654756e+02, RNORM =   1.574437616190e-01
[2026-01-21 06:56:31.325] [davidson] [info] iter =    2, LAM(0) =  -1.733472529948e+02, RNORM =   5.047129280199e-02
[2026-01-21 06:56:31.376] [davidson] [info] iter =    3, LAM(0) =  -1.733487973448e+02, RNORM =   1.935820464118e-02
[2026-01-21 06:56:31.429] [davidson] [info] iter =    4, LAM(0) =  -1.733490444982e+02, RNORM =   7.673429189365e-03
[2026-01-21 06:56:31.486] [davidson] [info] iter =    5, LAM(0) =  -1.733490880331e+02, RNORM =   3.124806033624e-03
[2026-01-21 06:56:31.543] [davidson] [info] iter =    6, LAM(0) =  -1.733490950557e+02, RNORM =   1.263807225476e-03
[2026-01-21 06:56:31.600] [davidson] [info] iter =    7, LAM(0) =  -1.733490961069e+02, RNORM =   5.012532452571e-04
[2026-01-21 06:56:31.651] [davidson] [info] iter =    8, LAM(0) =  -1.733490962641e+02, RNORM =   1.816309983367e-04
[2026-01-21 06:56:31.722] [davidson] [info] iter =    9, LAM(0) =  -1.733490962858e+02, RNORM =   6.690002921286e-05
[2026-01-21 06:56:31.775] [davidson] [info] iter =   10, LAM(0) =  -1.733490962887e+02, RNORM =   2.427891478382e-05
[2026-01-21 06:56:31.842] [davidson] [info] iter =   11, LAM(0) =  -1.733490962891e+02, RNORM =   8.433782217711e-06
[2026-01-21 06:56:31.912] [davidson] [info] iter =   12, LAM(0) =  -1.733490962891e+02, RNORM =   2.839960217198e-06
[2026-01-21 06:56:31.982] [davidson] [info] iter =   13, LAM(0) =  -1.733490962891e+02, RNORM =   9.320589693324e-07
[2026-01-21 06:56:31.982] [davidson] [info] Davidson Converged!
[2026-01-21 06:56:31.983] [ci_solver] [info]   DAV_NITER =   13, E0 = -1.733491e+02 Eh, DAVIDSON_DUR = 8.05171e+02 ms
[2026-01-21 06:56:31.990] [asci_refine] [info] iter =    2, E0 =  -1.733490962891e+02, dE =  -6.564093e-08
[2026-01-21 06:56:31.991] [asci_refine] [info] ASCI Refine Converged!
[2026-01-21 06:56:49.439513] [info] [sample_sci_workflow] CASCI energy = -299.75660969 Hartree
[2026-01-21 06:56:49.440060] [info] [qdk:chemistry:algorithms:microsoft:active_space:autocas_active_space] AutoCAS::Starting active space selection.
[2026-01-21 06:56:49.443813] [info] [qdk:chemistry:algorithms:active_space] Max entropy: 0.251442
[2026-01-21 06:56:49.443917] [info] [qdk:chemistry:algorithms:active_space] Normalized orbital entropies:
[2026-01-21 06:56:49.443924] [info] [qdk:chemistry:algorithms:active_space]   Orbital index   Normalized Entropy   Raw Entropy
[2026-01-21 06:56:49.443936] [info] [qdk:chemistry:algorithms:active_space]              22             1.000000      0.251442
[2026-01-21 06:56:49.443941] [info] [qdk:chemistry:algorithms:active_space]              21             0.796009      0.200150
[2026-01-21 06:56:49.443946] [info] [qdk:chemistry:algorithms:active_space]              26             0.716966      0.180275
[2026-01-21 06:56:49.443951] [info] [qdk:chemistry:algorithms:active_space]              18             0.454530      0.114288
[2026-01-21 06:56:49.443956] [info] [qdk:chemistry:algorithms:active_space]              28             0.398896      0.100299
[2026-01-21 06:56:49.443961] [info] [qdk:chemistry:algorithms:active_space]              19             0.396401      0.099672
[2026-01-21 06:56:49.443966] [info] [qdk:chemistry:algorithms:active_space]              20             0.347893      0.087475
[2026-01-21 06:56:49.443977] [info] [qdk:chemistry:algorithms:active_space]              30             0.299621      0.075337
[2026-01-21 06:56:49.443982] [info] [qdk:chemistry:algorithms:active_space]              16             0.298734      0.075114
[2026-01-21 06:56:49.443987] [info] [qdk:chemistry:algorithms:active_space]              14             0.248273      0.062426
[2026-01-21 06:56:49.443992] [info] [qdk:chemistry:algorithms:active_space]              33             0.246768      0.062048
[2026-01-21 06:56:49.443997] [info] [qdk:chemistry:algorithms:active_space]              12             0.246426      0.061962
[2026-01-21 06:56:49.444002] [info] [qdk:chemistry:algorithms:active_space]              15             0.234848      0.059051
[2026-01-21 06:56:49.444007] [info] [qdk:chemistry:algorithms:active_space]              29             0.234222      0.058893
[2026-01-21 06:56:49.444013] [info] [qdk:chemistry:algorithms:active_space]              27             0.209033      0.052560
[2026-01-21 06:56:49.445041] [info] [qdk:chemistry:algorithms:active_space]              10             0.196247      0.049345
[2026-01-21 06:56:49.445047] [info] [qdk:chemistry:algorithms:active_space]              32             0.194518      0.048910
[2026-01-21 06:56:49.445052] [info] [qdk:chemistry:algorithms:active_space]              13             0.187792      0.047219
[2026-01-21 06:56:49.445057] [info] [qdk:chemistry:algorithms:active_space]              17             0.184126      0.046297
[2026-01-21 06:56:49.445062] [info] [qdk:chemistry:algorithms:active_space]              25             0.178223      0.044813
[2026-01-21 06:56:49.445067] [info] [qdk:chemistry:algorithms:active_space]              11             0.166469      0.041857
[2026-01-21 06:56:49.445072] [info] [qdk:chemistry:algorithms:active_space]              31             0.153803      0.038673
[2026-01-21 06:56:49.445078] [info] [qdk:chemistry:algorithms:active_space]              24             0.148581      0.037360
[2026-01-21 06:56:49.445083] [info] [qdk:chemistry:algorithms:active_space]              23             0.125557      0.031570
[2026-01-21 06:56:49.445088] [info] [qdk:chemistry:algorithms:active_space]               8             0.112819      0.028367
[2026-01-21 06:56:49.445093] [info] [qdk:chemistry:algorithms:active_space]               9             0.108393      0.027255
[2026-01-21 06:56:49.445098] [info] [qdk:chemistry:algorithms:active_space]               6             0.093752      0.023573
[2026-01-21 06:56:49.445103] [info] [qdk:chemistry:algorithms:active_space]               7             0.087780      0.022072
[2026-01-21 06:56:49.445303] [info] [qdk:chemistry:algorithms:microsoft:active_space:autocas_active_space] Identified 2 plateaus.
[2026-01-21 06:56:49.446135] [info] [qdk:chemistry:algorithms:microsoft:active_space:autocas_active_space] AutoCAS::Selected active space of 3 orbitals: 21, 22, 26
[2026-01-21 06:56:49.447385] [info] [sample_sci_workflow] AutoCAS selected active space with indices: [21, 22, 26]
[2026-01-21 06:56:51.209145] [info] [qdk:chemistry:algorithms:microsoft:macis_asci] Requested number of determinants (100000) exceeds FCI dimension (9).
[2026-01-21 06:56:51.209] [ci_solver] [info] [Selected CI Solver]:
[2026-01-21 06:56:51.209] [ci_solver] [info]   NDETS =      9, MATEL_TOL = 2.22045e-16, RES_TOL = 1.00000e-06, MAX_SUB =  200
[2026-01-21 06:56:51.341] [ci_solver] [info]   NNZ   =     81, H_DUR     = 1.32567e+02 ms
[2026-01-21 06:56:51.341] [ci_solver] [info]   HMEM_LOC = 1.28e-06 GiB
[2026-01-21 06:56:51.341] [ci_solver] [info]   H_SPARSE = 1.00e+02%
[2026-01-21 06:56:51.341] [ci_solver] [info]   * Will generate identity guess
[2026-01-21 06:56:51.341] [davidson] [info] [Davidson Eigensolver]:
[2026-01-21 06:56:51.342] [davidson] [info]   N =      9, MAX_M =    9, RES_TOL = 1.00000e-06
[2026-01-21 06:56:51.387] [davidson] [info] iter =    1, LAM(0) =  -9.651680349100e-01, RNORM =   1.498966779197e-02
[2026-01-21 06:56:51.410] [davidson] [info] iter =    2, LAM(0) =  -9.655706092911e-01, RNORM =   3.594817737242e-03
[2026-01-21 06:56:51.433] [davidson] [info] iter =    3, LAM(0) =  -9.655938079198e-01, RNORM =   2.688397799680e-04
[2026-01-21 06:56:51.456] [davidson] [info] iter =    4, LAM(0) =  -9.655940063971e-01, RNORM =   5.466267105536e-07
[2026-01-21 06:56:51.456] [davidson] [info] Davidson Converged!
[2026-01-21 06:56:51.456] [ci_solver] [info]   DAV_NITER =    4, E0 = -9.655940e-01 Eh, DAVIDSON_DUR = 1.14261e+02 ms
[2026-01-21 06:56:51.503367] [info] [sample_sci_workflow] Hamiltonian Summary:
  Type: Hermitian
  Restrictedness: Restricted
  Active Orbitals: 3
  Total Orbitals: 104
  Core Energy: -298.660366
  Integral Statistics:
    One-body Integrals (alpha): 9 (larger than 0.000001: 9)
    Two-body Integrals (aaaa): 81 (larger than 0.000001: 81)

[2026-01-21 06:56:51.503591] [info] [sample_sci_workflow] AutoCAS energy = -299.62595954 Hartree
[2026-01-21 06:56:52.010313] [info] [qdk_chemistry.utils.wavefunction] Sparse CI finder (5 dets) = -299.62589679 Hartree (ΔE = 0.0627 mHartree)
[2026-01-21 06:56:52.011116] [info] [sample_sci_workflow] Sparse CI energy = -299.62589679 Hartree
[2026-01-21 06:56:52.011719] [info] [sample_sci_workflow] Stored wavefunction with 5 determinants
Determinants:
  200: 0.99135999
  020: -0.08920942
  002: -0.06677993
  0ud: 0.04892596
  0du: 0.04892596


=== WORKFLOW END ===
End: 2026-01-21T06:56:52.697558
Elapsed seconds: 66.993347
