=== WORKFLOW START ===
Start: 2026-01-21T07:03:28.175640
Command: python sample_sci_workflow.py --xyz Validation-2026-01-20-aab310b108342456bf6b1017d01ccb8e31d2d52d/structures/1_molecules/mol041096_data_136984.structure.xyz --initial-active-space-solver macis_asci --autocas --max-determinants 100

[2026-01-21 07:03:31.253358] [info] [sample_sci_workflow] Structure Summary:
  Number of atoms: 10
  Composition: H4, C2, O4
  Total mass: 92.050 AMU
  Nuclear Repulsion Energy: 247.122 Eh

[2026-01-21 07:03:34.799994] [info] [sample_sci_workflow] SCF energy = -377.43815796 Hartree
[2026-01-21 07:03:34.801406] [info] [qdk:chemistry:algorithms:microsoft:active_space:valence_active_space] ValenceActiveSpaceSelector::Starting active space selection.
[2026-01-21 07:03:34.801786] [info] [qdk:chemistry:algorithms:microsoft:active_space:valence_active_space] ValenceActiveSpaceSelector::Selected active space of 28 orbitals: 6, 7, 8, 9, 10, 11, 12, 13, 14, 15, 16, 17, 18, 19, 20, 21, 22, 23, 24, 25, 26, 27, 28, 29, 30, 31, 32, 33
[2026-01-21 07:03:34.804108] [info] [sample_sci_workflow] Orbitals Summary:
  AOs: 104
  MOs: 104
  Type: Restricted
  Has overlap: Yes
  Has basis set: Yes
  Valid: Yes
  Has active space: Yes
  Active Orbitals: α=28, β=28
  Has inactive space: Yes
  Inactive Orbitals: α=6, β=6
  Virtual Orbitals: α=70, β=70

[2026-01-21 07:03:41.982750] [info] [sample_sci_workflow] Hamiltonian Summary:
  Type: Hermitian
  Restrictedness: Restricted
  Active Orbitals: 28
  Total Orbitals: 104
  Core Energy: -162.748123
  Integral Statistics:
    One-body Integrals (alpha): 784 (larger than 0.000001: 784)
    Two-body Integrals (aaaa): 614656 (larger than 0.000001: 614388)

[2026-01-21 07:03:41.987] [asci_grow] [info] [ASCI Grow Settings]:
[2026-01-21 07:03:41.987] [asci_grow] [info]   NTDETS_MAX = 100000, NCDETS_MAX =    100, GROW_FACTOR = 8
[2026-01-21 07:03:41.987] [asci_grow] [info] iter =    0, E0 =  -2.146900354312e+02, dE =   0.000000e+00, WFN_SIZE = 1
[2026-01-21 07:03:41.987] [asci_search] [info] [ASCI Search Settings]:
[2026-01-21 07:03:41.987] [asci_search] [info]   NCDETS =      1, NDETS_MAX =       100, H_EL_TOL = 1.000000e-08, RV_TOL = 1.000000e-08
[2026-01-21 07:03:41.987] [asci_search] [info]   MAX_RV_SIZE = 500000000, JUST_SINGLES = false
[2026-01-21 07:03:41.987] [asci_search] [info]   CDET_SUM = 1.00e+00
[2026-01-21 07:03:41.987] [asci_search] [info]   * Will Generate up to Quintuplets
[2026-01-21 07:03:42.014] [asci_search] [info]   * GEN_DUR = 2.74e+01 ms
[2026-01-21 07:03:42.102] [asci_search] [info]   * ASCI Kept 46517 Pairs
[2026-01-21 07:03:42.102] [asci_search] [info]   * Pairs Mem = 1.04e-03 GiB
[2026-01-21 07:03:42.104] [asci_search] [info]   * ASCI will search over 46517 unique determinants
[2026-01-21 07:03:42.104] [asci_search] [info]   * PAIR_DUR = 1.15e-01 s, SORT_ACC_DUR = 1.67e-03 s
[2026-01-21 07:03:42.104] [asci_search] [info]   * KEEP_LARG_DUR = 7.07e-05 s
[2026-01-21 07:03:42.105] [asci_search] [info]   * Kth Score Pivot = 8.5893080907980621e-03
[2026-01-21 07:03:42.105] [asci_search] [info]   * ASCI_SORT_DUR = 1.08e-03 s
[2026-01-21 07:03:42.105] [asci_search] [info]   * New Dets Mem = 7.45e-07 GiB
[2026-01-21 07:03:42.105] [asci_search] [info]   * ASCI_SEARCH DUR = 1.18e-01 s
[2026-01-21 07:03:42.105] [ci_solver] [info] [Selected CI Solver]:
[2026-01-21 07:03:42.105] [ci_solver] [info]   NDETS =    100, MATEL_TOL = 2.22045e-16, RES_TOL = 1.00000e-06, MAX_SUB =  200
[2026-01-21 07:03:42.217] [ci_solver] [info]   NNZ   =   2188, H_DUR     = 1.11932e+02 ms
[2026-01-21 07:03:42.217] [ci_solver] [info]   HMEM_LOC = 3.34e-05 GiB
[2026-01-21 07:03:42.217] [ci_solver] [info]   H_SPARSE = 2.19e+01%
[2026-01-21 07:03:42.217] [ci_solver] [info]   * Will generate identity guess
[2026-01-21 07:03:42.219] [davidson] [info] [Davidson Eigensolver]:
[2026-01-21 07:03:42.219] [davidson] [info]   N =    100, MAX_M =  100, RES_TOL = 1.00000e-06
[2026-01-21 07:03:42.219] [davidson] [info] iter =    1, LAM(0) =  -2.147087475944e+02, RNORM =   6.657594907550e-02
[2026-01-21 07:03:42.219] [davidson] [info] iter =    2, LAM(0) =  -2.147110457060e+02, RNORM =   4.971352006025e-03
[2026-01-21 07:03:42.219] [davidson] [info] iter =    3, LAM(0) =  -2.147110652011e+02, RNORM =   6.121639352550e-04
[2026-01-21 07:03:42.220] [davidson] [info] iter =    4, LAM(0) =  -2.147110655009e+02, RNORM =   9.207871478415e-05
[2026-01-21 07:03:42.225] [davidson] [info] iter =    5, LAM(0) =  -2.147110655077e+02, RNORM =   1.502191405594e-05
[2026-01-21 07:03:42.242] [davidson] [info] iter =    6, LAM(0) =  -2.147110655079e+02, RNORM =   1.818800458509e-06
[2026-01-21 07:03:42.265] [davidson] [info] iter =    7, LAM(0) =  -2.147110655079e+02, RNORM =   1.765574181978e-07
[2026-01-21 07:03:42.265] [davidson] [info] Davidson Converged!
[2026-01-21 07:03:42.265] [ci_solver] [info]   DAV_NITER =    7, E0 = -2.147111e+02 Eh, DAVIDSON_DUR = 4.60696e+01 ms
[2026-01-21 07:03:42.265] [asci_grow] [info] iter =    1, E0 =  -2.147110655079e+02, dE =  -2.103008e-02, WFN_SIZE = 100
[2026-01-21 07:03:42.265] [asci_search] [info] [ASCI Search Settings]:
[2026-01-21 07:03:42.265] [asci_search] [info]   NCDETS =    100, NDETS_MAX =       800, H_EL_TOL = 1.000000e-08, RV_TOL = 1.000000e-08
[2026-01-21 07:03:42.265] [asci_search] [info]   MAX_RV_SIZE = 500000000, JUST_SINGLES = false
[2026-01-21 07:03:42.265] [asci_search] [info]   CDET_SUM = 1.00e+00
[2026-01-21 07:03:42.277] [asci_search] [info]   * Will Generate up to Quintuplets
[2026-01-21 07:03:42.288] [asci_search] [info]   * GEN_DUR = 1.18e+01 ms
[2026-01-21 07:03:43.233] [asci_search] [info]   * ASCI Kept 3437331 Pairs
[2026-01-21 07:03:43.233] [asci_search] [info]   * Pairs Mem = 7.68e-02 GiB
[2026-01-21 07:03:43.424] [asci_search] [info]   * ASCI will search over 3437331 unique determinants
[2026-01-21 07:03:43.424] [asci_search] [info]   * PAIR_DUR = 9.67e-01 s, SORT_ACC_DUR = 1.91e-01 s
[2026-01-21 07:03:43.434] [asci_search] [info]   * KEEP_LARG_DUR = 9.98e-03 s
[2026-01-21 07:03:43.475] [asci_search] [info]   * Kth Score Pivot = 3.9407077934715245e-03
[2026-01-21 07:03:43.495] [asci_search] [info]   * ASCI_SORT_DUR = 6.15e-02 s
[2026-01-21 07:03:43.495] [asci_search] [info]   * New Dets Mem = 5.96e-06 GiB
[2026-01-21 07:03:43.495] [asci_search] [info]   * ASCI_SEARCH DUR = 1.23e+00 s
[2026-01-21 07:03:43.496] [ci_solver] [info] [Selected CI Solver]:
[2026-01-21 07:03:43.496] [ci_solver] [info]   NDETS =    800, MATEL_TOL = 2.22045e-16, RES_TOL = 1.00000e-06, MAX_SUB =  200
[2026-01-21 07:03:43.610] [ci_solver] [info]   NNZ   =  61604, H_DUR     = 1.14607e+02 ms
[2026-01-21 07:03:43.610] [ci_solver] [info]   HMEM_LOC = 9.24e-04 GiB
[2026-01-21 07:03:43.610] [ci_solver] [info]   H_SPARSE = 9.63e+00%
[2026-01-21 07:03:43.610] [ci_solver] [info]   * Will generate identity guess
[2026-01-21 07:03:43.610] [davidson] [info] [Davidson Eigensolver]:
[2026-01-21 07:03:43.610] [davidson] [info]   N =    800, MAX_M =  200, RES_TOL = 1.00000e-06
[2026-01-21 07:03:43.613] [davidson] [info] iter =    1, LAM(0) =  -2.147319967896e+02, RNORM =   1.000844860291e-01
[2026-01-21 07:03:43.613] [davidson] [info] iter =    2, LAM(0) =  -2.147377717462e+02, RNORM =   1.369349280538e-02
[2026-01-21 07:03:43.613] [davidson] [info] iter =    3, LAM(0) =  -2.147378975109e+02, RNORM =   2.522854887822e-03
[2026-01-21 07:03:43.613] [davidson] [info] iter =    4, LAM(0) =  -2.147379018304e+02, RNORM =   5.234605943163e-04
[2026-01-21 07:03:43.623] [davidson] [info] iter =    5, LAM(0) =  -2.147379020202e+02, RNORM =   1.230911502312e-04
[2026-01-21 07:03:43.630] [davidson] [info] iter =    6, LAM(0) =  -2.147379020314e+02, RNORM =   2.512574910197e-05
[2026-01-21 07:03:43.634] [davidson] [info] iter =    7, LAM(0) =  -2.147379020319e+02, RNORM =   4.548361067335e-06
[2026-01-21 07:03:43.644] [davidson] [info] iter =    8, LAM(0) =  -2.147379020319e+02, RNORM =   7.916349763743e-07
[2026-01-21 07:03:43.648] [davidson] [info] Davidson Converged!
[2026-01-21 07:03:43.648] [ci_solver] [info]   DAV_NITER =    8, E0 = -2.147379e+02 Eh, DAVIDSON_DUR = 3.77732e+01 ms
[2026-01-21 07:03:43.648] [asci_grow] [info] iter =    2, E0 =  -2.147379020319e+02, dE =  -2.683652e-02, WFN_SIZE = 800
[2026-01-21 07:03:43.648] [asci_search] [info] [ASCI Search Settings]:
[2026-01-21 07:03:43.649] [asci_search] [info]   NCDETS =    100, NDETS_MAX =      6400, H_EL_TOL = 1.000000e-08, RV_TOL = 1.000000e-08
[2026-01-21 07:03:43.649] [asci_search] [info]   MAX_RV_SIZE = 500000000, JUST_SINGLES = false
[2026-01-21 07:03:43.649] [asci_search] [info]   CDET_SUM = 9.82e-01
[2026-01-21 07:03:43.650] [asci_search] [info]   * Will Generate up to Quintuplets
[2026-01-21 07:03:43.662] [asci_search] [info]   * GEN_DUR = 1.18e+01 ms
[2026-01-21 07:03:44.516] [asci_search] [info]   * ASCI Kept 3223430 Pairs
[2026-01-21 07:03:44.516] [asci_search] [info]   * Pairs Mem = 7.20e-02 GiB
[2026-01-21 07:03:44.688] [asci_search] [info]   * ASCI will search over 3223430 unique determinants
[2026-01-21 07:03:44.688] [asci_search] [info]   * PAIR_DUR = 8.67e-01 s, SORT_ACC_DUR = 1.72e-01 s
[2026-01-21 07:03:44.696] [asci_search] [info]   * KEEP_LARG_DUR = 7.25e-03 s
[2026-01-21 07:03:44.717] [asci_search] [info]   * Kth Score Pivot = 1.5560220572793924e-03
[2026-01-21 07:03:44.731] [asci_search] [info]   * ASCI_SORT_DUR = 3.51e-02 s
[2026-01-21 07:03:44.731] [asci_search] [info]   * New Dets Mem = 4.77e-05 GiB
[2026-01-21 07:03:44.732] [asci_search] [info]   * ASCI_SEARCH DUR = 1.08e+00 s
[2026-01-21 07:03:44.733] [ci_solver] [info] [Selected CI Solver]:
[2026-01-21 07:03:44.733] [ci_solver] [info]   NDETS =   6400, MATEL_TOL = 2.22045e-16, RES_TOL = 1.00000e-06, MAX_SUB =  200
[2026-01-21 07:03:44.931] [ci_solver] [info]   NNZ   = 1785188, H_DUR     = 1.97804e+02 ms
[2026-01-21 07:03:44.931] [ci_solver] [info]   HMEM_LOC = 2.66e-02 GiB
[2026-01-21 07:03:44.931] [ci_solver] [info]   H_SPARSE = 4.36e+00%
[2026-01-21 07:03:44.934] [ci_solver] [info]   * Will generate identity guess
[2026-01-21 07:03:44.944] [davidson] [info] [Davidson Eigensolver]:
[2026-01-21 07:03:44.944] [davidson] [info]   N =   6400, MAX_M =  200, RES_TOL = 1.00000e-06
[2026-01-21 07:03:45.002] [davidson] [info] iter =    1, LAM(0) =  -2.147717636431e+02, RNORM =   1.247805587140e-01
[2026-01-21 07:03:45.025] [davidson] [info] iter =    2, LAM(0) =  -2.147809539733e+02, RNORM =   2.251123188366e-02
[2026-01-21 07:03:45.047] [davidson] [info] iter =    3, LAM(0) =  -2.147812456232e+02, RNORM =   5.529566226501e-03
[2026-01-21 07:03:45.070] [davidson] [info] iter =    4, LAM(0) =  -2.147812642485e+02, RNORM =   1.306431115261e-03
[2026-01-21 07:03:45.093] [davidson] [info] iter =    5, LAM(0) =  -2.147812653397e+02, RNORM =   3.333562868012e-04
[2026-01-21 07:03:45.117] [davidson] [info] iter =    6, LAM(0) =  -2.147812654164e+02, RNORM =   8.458779276896e-05
[2026-01-21 07:03:45.139] [davidson] [info] iter =    7, LAM(0) =  -2.147812654213e+02, RNORM =   2.269156554375e-05
[2026-01-21 07:03:45.174] [davidson] [info] iter =    8, LAM(0) =  -2.147812654217e+02, RNORM =   5.943777896791e-06
[2026-01-21 07:03:45.189] [davidson] [info] iter =    9, LAM(0) =  -2.147812654217e+02, RNORM =   1.422413869503e-06
[2026-01-21 07:03:45.213] [davidson] [info] iter =   10, LAM(0) =  -2.147812654217e+02, RNORM =   2.778475857897e-07
[2026-01-21 07:03:45.213] [davidson] [info] Davidson Converged!
[2026-01-21 07:03:45.213] [ci_solver] [info]   DAV_NITER =   10, E0 = -2.147813e+02 Eh, DAVIDSON_DUR = 2.68721e+02 ms
[2026-01-21 07:03:45.213] [asci_grow] [info] iter =    3, E0 =  -2.147812654217e+02, dE =  -4.336339e-02, WFN_SIZE = 6400
[2026-01-21 07:03:45.213] [asci_search] [info] [ASCI Search Settings]:
[2026-01-21 07:03:45.213] [asci_search] [info]   NCDETS =    100, NDETS_MAX =     51200, H_EL_TOL = 1.000000e-08, RV_TOL = 1.000000e-08
[2026-01-21 07:03:45.213] [asci_search] [info]   MAX_RV_SIZE = 500000000, JUST_SINGLES = false
[2026-01-21 07:03:45.213] [asci_search] [info]   CDET_SUM = 9.58e-01
[2026-01-21 07:03:45.215] [asci_search] [info]   * Will Generate up to Quintuplets
[2026-01-21 07:03:45.232] [asci_search] [info]   * GEN_DUR = 1.70e+01 ms
[2026-01-21 07:03:46.057] [asci_search] [info]   * ASCI Kept 3186232 Pairs
[2026-01-21 07:03:46.057] [asci_search] [info]   * Pairs Mem = 7.12e-02 GiB
[2026-01-21 07:03:46.227] [asci_search] [info]   * ASCI will search over 3186232 unique determinants
[2026-01-21 07:03:46.227] [asci_search] [info]   * PAIR_DUR = 8.44e-01 s, SORT_ACC_DUR = 1.70e-01 s
[2026-01-21 07:03:46.237] [asci_search] [info]   * KEEP_LARG_DUR = 9.68e-03 s
[2026-01-21 07:03:46.277] [asci_search] [info]   * Kth Score Pivot = 9.2498006173424057e-05
[2026-01-21 07:03:46.296] [asci_search] [info]   * ASCI_SORT_DUR = 5.92e-02 s
[2026-01-21 07:03:46.297] [asci_search] [info]   * New Dets Mem = 3.81e-04 GiB
[2026-01-21 07:03:46.297] [asci_search] [info]   * ASCI_SEARCH DUR = 1.08e+00 s
[2026-01-21 07:03:46.301] [ci_solver] [info] [Selected CI Solver]:
[2026-01-21 07:03:46.301] [ci_solver] [info]   NDETS =  51200, MATEL_TOL = 2.22045e-16, RES_TOL = 1.00000e-06, MAX_SUB =  200
[2026-01-21 07:03:49.760] [ci_solver] [info]   NNZ   = 58040260, H_DUR     = 3.45907e+03 ms
[2026-01-21 07:03:49.760] [ci_solver] [info]   HMEM_LOC = 8.65e-01 GiB
[2026-01-21 07:03:49.760] [ci_solver] [info]   H_SPARSE = 2.21e+00%
[2026-01-21 07:03:49.797] [ci_solver] [info]   * Will generate identity guess
[2026-01-21 07:03:49.829] [davidson] [info] [Davidson Eigensolver]:
[2026-01-21 07:03:49.829] [davidson] [info]   N =  51200, MAX_M =  200, RES_TOL = 1.00000e-06
[2026-01-21 07:03:49.878] [davidson] [info] iter =    1, LAM(0) =  -2.147953847524e+02, RNORM =   1.453823226762e-01
[2026-01-21 07:03:49.900] [davidson] [info] iter =    2, LAM(0) =  -2.148085492212e+02, RNORM =   3.435622120960e-02
[2026-01-21 07:03:49.916] [davidson] [info] iter =    3, LAM(0) =  -2.148092169885e+02, RNORM =   1.014877401376e-02
[2026-01-21 07:03:49.951] [davidson] [info] iter =    4, LAM(0) =  -2.148092780014e+02, RNORM =   3.451277262735e-03
[2026-01-21 07:03:49.990] [davidson] [info] iter =    5, LAM(0) =  -2.148092849673e+02, RNORM =   1.244965684280e-03
[2026-01-21 07:03:50.039] [davidson] [info] iter =    6, LAM(0) =  -2.148092858635e+02, RNORM =   4.450606660724e-04
[2026-01-21 07:03:50.078] [davidson] [info] iter =    7, LAM(0) =  -2.148092859797e+02, RNORM =   1.361384154476e-04
[2026-01-21 07:03:50.119] [davidson] [info] iter =    8, LAM(0) =  -2.148092859915e+02, RNORM =   4.639274742794e-05
[2026-01-21 07:03:50.161] [davidson] [info] iter =    9, LAM(0) =  -2.148092859929e+02, RNORM =   1.780519729393e-05
[2026-01-21 07:03:50.204] [davidson] [info] iter =   10, LAM(0) =  -2.148092859931e+02, RNORM =   7.026214032151e-06
[2026-01-21 07:03:50.249] [davidson] [info] iter =   11, LAM(0) =  -2.148092859931e+02, RNORM =   2.424820693892e-06
[2026-01-21 07:03:50.294] [davidson] [info] iter =   12, LAM(0) =  -2.148092859931e+02, RNORM =   7.724833973861e-07
[2026-01-21 07:03:50.294] [davidson] [info] Davidson Converged!
[2026-01-21 07:03:50.301] [ci_solver] [info]   DAV_NITER =   12, E0 = -2.148093e+02 Eh, DAVIDSON_DUR = 4.72556e+02 ms
[2026-01-21 07:03:50.305] [asci_grow] [info] iter =    4, E0 =  -2.148092859931e+02, dE =  -2.802057e-02, WFN_SIZE = 51200
[2026-01-21 07:03:50.310] [asci_search] [info] [ASCI Search Settings]:
[2026-01-21 07:03:50.310] [asci_search] [info]   NCDETS =    100, NDETS_MAX =    100000, H_EL_TOL = 1.000000e-08, RV_TOL = 1.000000e-08
[2026-01-21 07:03:50.310] [asci_search] [info]   MAX_RV_SIZE = 500000000, JUST_SINGLES = false
[2026-01-21 07:03:50.310] [asci_search] [info]   CDET_SUM = 9.43e-01
[2026-01-21 07:03:50.324] [asci_search] [info]   * Will Generate up to Quintuplets
[2026-01-21 07:03:50.336] [asci_search] [info]   * GEN_DUR = 1.25e+01 ms
[2026-01-21 07:03:51.303] [asci_search] [info]   * ASCI Kept 3213047 Pairs
[2026-01-21 07:03:51.303] [asci_search] [info]   * Pairs Mem = 7.18e-02 GiB
[2026-01-21 07:03:51.461] [asci_search] [info]   * ASCI will search over 3213047 unique determinants
[2026-01-21 07:03:51.462] [asci_search] [info]   * PAIR_DUR = 9.93e-01 s, SORT_ACC_DUR = 1.59e-01 s
[2026-01-21 07:03:51.468] [asci_search] [info]   * KEEP_LARG_DUR = 6.08e-03 s
[2026-01-21 07:03:51.496] [asci_search] [info]   * Kth Score Pivot = 4.0028665476461606e-05
[2026-01-21 07:03:51.508] [asci_search] [info]   * ASCI_SORT_DUR = 4.08e-02 s
[2026-01-21 07:03:51.509] [asci_search] [info]   * New Dets Mem = 7.45e-04 GiB
[2026-01-21 07:03:51.510] [asci_search] [info]   * ASCI_SEARCH DUR = 1.20e+00 s
[2026-01-21 07:03:51.517] [ci_solver] [info] [Selected CI Solver]:
[2026-01-21 07:03:51.517] [ci_solver] [info]   NDETS = 100000, MATEL_TOL = 2.22045e-16, RES_TOL = 1.00000e-06, MAX_SUB =  200
[2026-01-21 07:03:56.623] [ci_solver] [info]   NNZ   = 96533968, H_DUR     = 5.10632e+03 ms
[2026-01-21 07:03:56.624] [ci_solver] [info]   HMEM_LOC = 1.44e+00 GiB
[2026-01-21 07:03:56.624] [ci_solver] [info]   H_SPARSE = 9.65e-01%
[2026-01-21 07:03:56.679] [ci_solver] [info]   * Will generate identity guess
[2026-01-21 07:03:56.734] [davidson] [info] [Davidson Eigensolver]:
[2026-01-21 07:03:56.734] [davidson] [info]   N = 100000, MAX_M =  200, RES_TOL = 1.00000e-06
[2026-01-21 07:03:56.843] [davidson] [info] iter =    1, LAM(0) =  -2.147954129831e+02, RNORM =   1.511608047530e-01
[2026-01-21 07:03:56.905] [davidson] [info] iter =    2, LAM(0) =  -2.148094234755e+02, RNORM =   4.026416194292e-02
[2026-01-21 07:03:56.959] [davidson] [info] iter =    3, LAM(0) =  -2.148102754031e+02, RNORM =   1.291702162704e-02
[2026-01-21 07:03:57.024] [davidson] [info] iter =    4, LAM(0) =  -2.148103691193e+02, RNORM =   4.531873913634e-03
[2026-01-21 07:03:57.086] [davidson] [info] iter =    5, LAM(0) =  -2.148103803825e+02, RNORM =   1.767436640122e-03
[2026-01-21 07:03:57.138] [davidson] [info] iter =    6, LAM(0) =  -2.148103820254e+02, RNORM =   6.577748136698e-04
[2026-01-21 07:03:57.197] [davidson] [info] iter =    7, LAM(0) =  -2.148103822607e+02, RNORM =   2.088643636423e-04
[2026-01-21 07:03:57.263] [davidson] [info] iter =    8, LAM(0) =  -2.148103822855e+02, RNORM =   6.989018647688e-05
[2026-01-21 07:03:57.328] [davidson] [info] iter =    9, LAM(0) =  -2.148103822883e+02, RNORM =   2.590372826079e-05
[2026-01-21 07:03:57.389] [davidson] [info] iter =   10, LAM(0) =  -2.148103822887e+02, RNORM =   1.015389142312e-05
[2026-01-21 07:03:57.449] [davidson] [info] iter =   11, LAM(0) =  -2.148103822887e+02, RNORM =   3.877544548053e-06
[2026-01-21 07:03:57.512] [davidson] [info] iter =   12, LAM(0) =  -2.148103822888e+02, RNORM =   1.378817246973e-06
[2026-01-21 07:03:57.587] [davidson] [info] iter =   13, LAM(0) =  -2.148103822888e+02, RNORM =   4.805519891178e-07
[2026-01-21 07:03:57.587] [davidson] [info] Davidson Converged!
[2026-01-21 07:03:57.589] [ci_solver] [info]   DAV_NITER =   13, E0 = -2.148104e+02 Eh, DAVIDSON_DUR = 8.54831e+02 ms
[2026-01-21 07:03:57.594] [asci_grow] [info] iter =    5, E0 =  -2.148103822888e+02, dE =  -1.096296e-03, WFN_SIZE = 100000
[2026-01-21 07:03:57.594] [asci_grow] [info] * GROW_DUR = 1.56e+04 ms
[2026-01-21 07:03:57.595] [asci_refine] [info] [ASCI Refine Settings]:
[2026-01-21 07:03:57.595] [asci_refine] [info]   NTDETS = 100000, NCDETS =    100, MAX_REFINE_ITER =    6, REFINE_TOL = 1.00e-06
[2026-01-21 07:03:57.595] [asci_refine] [info] iter =    0, E0 =  -2.148103822888e+02, dE =   0.000000e+00
[2026-01-21 07:03:57.605] [asci_search] [info] [ASCI Search Settings]:
[2026-01-21 07:03:57.605] [asci_search] [info]   NCDETS =    100, NDETS_MAX =    100000, H_EL_TOL = 1.000000e-08, RV_TOL = 1.000000e-08
[2026-01-21 07:03:57.605] [asci_search] [info]   MAX_RV_SIZE = 500000000, JUST_SINGLES = false
[2026-01-21 07:03:57.605] [asci_search] [info]   CDET_SUM = 9.42e-01
[2026-01-21 07:03:57.607] [asci_search] [info]   * Will Generate up to Quintuplets
[2026-01-21 07:03:57.630] [asci_search] [info]   * GEN_DUR = 2.34e+01 ms
[2026-01-21 07:03:58.651] [asci_search] [info]   * ASCI Kept 3213054 Pairs
[2026-01-21 07:03:58.652] [asci_search] [info]   * Pairs Mem = 7.18e-02 GiB
[2026-01-21 07:03:58.808] [asci_search] [info]   * ASCI will search over 3213054 unique determinants
[2026-01-21 07:03:58.808] [asci_search] [info]   * PAIR_DUR = 1.05e+00 s, SORT_ACC_DUR = 1.57e-01 s
[2026-01-21 07:03:58.815] [asci_search] [info]   * KEEP_LARG_DUR = 6.36e-03 s
[2026-01-21 07:03:58.839] [asci_search] [info]   * Kth Score Pivot = 4.0864541866439048e-05
[2026-01-21 07:03:58.853] [asci_search] [info]   * ASCI_SORT_DUR = 3.80e-02 s
[2026-01-21 07:03:58.853] [asci_search] [info]   * New Dets Mem = 7.45e-04 GiB
[2026-01-21 07:03:58.854] [asci_search] [info]   * ASCI_SEARCH DUR = 1.25e+00 s
[2026-01-21 07:03:58.862] [ci_solver] [info] [Selected CI Solver]:
[2026-01-21 07:03:58.862] [ci_solver] [info]   NDETS = 100000, MATEL_TOL = 2.22045e-16, RES_TOL = 1.00000e-06, MAX_SUB =  200
[2026-01-21 07:04:03.979] [ci_solver] [info]   NNZ   = 96469380, H_DUR     = 5.11730e+03 ms
[2026-01-21 07:04:03.979] [ci_solver] [info]   HMEM_LOC = 1.44e+00 GiB
[2026-01-21 07:04:03.979] [ci_solver] [info]   H_SPARSE = 9.65e-01%
[2026-01-21 07:04:04.038] [ci_solver] [info]   * Will generate identity guess
[2026-01-21 07:04:04.094] [davidson] [info] [Davidson Eigensolver]:
[2026-01-21 07:04:04.094] [davidson] [info]   N = 100000, MAX_M =  200, RES_TOL = 1.00000e-06
[2026-01-21 07:04:04.183] [davidson] [info] iter =    1, LAM(0) =  -2.147954124812e+02, RNORM =   1.511831515029e-01
[2026-01-21 07:04:04.222] [davidson] [info] iter =    2, LAM(0) =  -2.148094268319e+02, RNORM =   4.029149655195e-02
[2026-01-21 07:04:04.274] [davidson] [info] iter =    3, LAM(0) =  -2.148102796834e+02, RNORM =   1.293087730811e-02
[2026-01-21 07:04:04.328] [davidson] [info] iter =    4, LAM(0) =  -2.148103736816e+02, RNORM =   4.533490521942e-03
[2026-01-21 07:04:04.387] [davidson] [info] iter =    5, LAM(0) =  -2.148103849808e+02, RNORM =   1.764858533512e-03
[2026-01-21 07:04:04.443] [davidson] [info] iter =    6, LAM(0) =  -2.148103866208e+02, RNORM =   6.572707630825e-04
[2026-01-21 07:04:04.503] [davidson] [info] iter =    7, LAM(0) =  -2.148103868559e+02, RNORM =   2.085872362031e-04
[2026-01-21 07:04:04.557] [davidson] [info] iter =    8, LAM(0) =  -2.148103868806e+02, RNORM =   6.969237326762e-05
[2026-01-21 07:04:04.618] [davidson] [info] iter =    9, LAM(0) =  -2.148103868834e+02, RNORM =   2.580542578032e-05
[2026-01-21 07:04:04.681] [davidson] [info] iter =   10, LAM(0) =  -2.148103868838e+02, RNORM =   1.011209240051e-05
[2026-01-21 07:04:04.741] [davidson] [info] iter =   11, LAM(0) =  -2.148103868838e+02, RNORM =   3.863710279397e-06
[2026-01-21 07:04:04.798] [davidson] [info] iter =   12, LAM(0) =  -2.148103868839e+02, RNORM =   1.374758546482e-06
[2026-01-21 07:04:04.852] [davidson] [info] iter =   13, LAM(0) =  -2.148103868839e+02, RNORM =   4.797759104416e-07
[2026-01-21 07:04:04.852] [davidson] [info] Davidson Converged!
[2026-01-21 07:04:04.854] [ci_solver] [info]   DAV_NITER =   13, E0 = -2.148104e+02 Eh, DAVIDSON_DUR = 7.59518e+02 ms
[2026-01-21 07:04:04.858] [asci_refine] [info] iter =    1, E0 =  -2.148103868839e+02, dE =  -4.595106e-06
[2026-01-21 07:04:04.868] [asci_search] [info] [ASCI Search Settings]:
[2026-01-21 07:04:04.868] [asci_search] [info]   NCDETS =    100, NDETS_MAX =    100000, H_EL_TOL = 1.000000e-08, RV_TOL = 1.000000e-08
[2026-01-21 07:04:04.868] [asci_search] [info]   MAX_RV_SIZE = 500000000, JUST_SINGLES = false
[2026-01-21 07:04:04.868] [asci_search] [info]   CDET_SUM = 9.42e-01
[2026-01-21 07:04:04.869] [asci_search] [info]   * Will Generate up to Quintuplets
[2026-01-21 07:04:04.892] [asci_search] [info]   * GEN_DUR = 2.34e+01 ms
[2026-01-21 07:04:05.753] [asci_search] [info]   * ASCI Kept 3213074 Pairs
[2026-01-21 07:04:05.753] [asci_search] [info]   * Pairs Mem = 7.18e-02 GiB
[2026-01-21 07:04:05.927] [asci_search] [info]   * ASCI will search over 3213074 unique determinants
[2026-01-21 07:04:05.927] [asci_search] [info]   * PAIR_DUR = 8.86e-01 s, SORT_ACC_DUR = 1.74e-01 s
[2026-01-21 07:04:05.937] [asci_search] [info]   * KEEP_LARG_DUR = 9.67e-03 s
[2026-01-21 07:04:05.965] [asci_search] [info]   * Kth Score Pivot = 4.0876446088930734e-05
[2026-01-21 07:04:05.984] [asci_search] [info]   * ASCI_SORT_DUR = 4.75e-02 s
[2026-01-21 07:04:05.985] [asci_search] [info]   * New Dets Mem = 7.45e-04 GiB
[2026-01-21 07:04:05.986] [asci_search] [info]   * ASCI_SEARCH DUR = 1.12e+00 s
[2026-01-21 07:04:05.993] [ci_solver] [info] [Selected CI Solver]:
[2026-01-21 07:04:05.993] [ci_solver] [info]   NDETS = 100000, MATEL_TOL = 2.22045e-16, RES_TOL = 1.00000e-06, MAX_SUB =  200
[2026-01-21 07:04:11.028] [ci_solver] [info]   NNZ   = 96470068, H_DUR     = 5.03501e+03 ms
[2026-01-21 07:04:11.028] [ci_solver] [info]   HMEM_LOC = 1.44e+00 GiB
[2026-01-21 07:04:11.028] [ci_solver] [info]   H_SPARSE = 9.65e-01%
[2026-01-21 07:04:11.083] [ci_solver] [info]   * Will generate identity guess
[2026-01-21 07:04:11.136] [davidson] [info] [Davidson Eigensolver]:
[2026-01-21 07:04:11.136] [davidson] [info]   N = 100000, MAX_M =  200, RES_TOL = 1.00000e-06
[2026-01-21 07:04:11.252] [davidson] [info] iter =    1, LAM(0) =  -2.147954124812e+02, RNORM =   1.511822103884e-01
[2026-01-21 07:04:11.305] [davidson] [info] iter =    2, LAM(0) =  -2.148094269050e+02, RNORM =   4.028991206877e-02
[2026-01-21 07:04:11.362] [davidson] [info] iter =    3, LAM(0) =  -2.148102797332e+02, RNORM =   1.293134697799e-02
[2026-01-21 07:04:11.422] [davidson] [info] iter =    4, LAM(0) =  -2.148103737343e+02, RNORM =   4.534067962978e-03
[2026-01-21 07:04:11.478] [davidson] [info] iter =    5, LAM(0) =  -2.148103850362e+02, RNORM =   1.765129121923e-03
[2026-01-21 07:04:11.539] [davidson] [info] iter =    6, LAM(0) =  -2.148103866767e+02, RNORM =   6.573228937482e-04
[2026-01-21 07:04:11.598] [davidson] [info] iter =    7, LAM(0) =  -2.148103869118e+02, RNORM =   2.085954089128e-04
[2026-01-21 07:04:11.654] [davidson] [info] iter =    8, LAM(0) =  -2.148103869365e+02, RNORM =   6.969020007064e-05
[2026-01-21 07:04:11.723] [davidson] [info] iter =    9, LAM(0) =  -2.148103869393e+02, RNORM =   2.580262266276e-05
[2026-01-21 07:04:11.796] [davidson] [info] iter =   10, LAM(0) =  -2.148103869397e+02, RNORM =   1.011203196293e-05
[2026-01-21 07:04:11.859] [davidson] [info] iter =   11, LAM(0) =  -2.148103869398e+02, RNORM =   3.864386828878e-06
[2026-01-21 07:04:11.925] [davidson] [info] iter =   12, LAM(0) =  -2.148103869398e+02, RNORM =   1.375074153731e-06
[2026-01-21 07:04:11.997] [davidson] [info] iter =   13, LAM(0) =  -2.148103869398e+02, RNORM =   4.798340441333e-07
[2026-01-21 07:04:11.997] [davidson] [info] Davidson Converged!
[2026-01-21 07:04:11.999] [ci_solver] [info]   DAV_NITER =   13, E0 = -2.148104e+02 Eh, DAVIDSON_DUR = 8.63412e+02 ms
[2026-01-21 07:04:12.004] [asci_refine] [info] iter =    2, E0 =  -2.148103869398e+02, dE =  -5.592202e-08
[2026-01-21 07:04:12.004] [asci_refine] [info] ASCI Refine Converged!
[2026-01-21 07:04:29.607193] [info] [sample_sci_workflow] CASCI energy = -377.55850946 Hartree
[2026-01-21 07:04:29.607554] [info] [qdk:chemistry:algorithms:microsoft:active_space:autocas_active_space] AutoCAS::Starting active space selection.
[2026-01-21 07:04:29.611741] [info] [qdk:chemistry:algorithms:active_space] Max entropy: 0.153007
[2026-01-21 07:04:29.611767] [info] [qdk:chemistry:algorithms:active_space] Normalized orbital entropies:
[2026-01-21 07:04:29.611775] [info] [qdk:chemistry:algorithms:active_space]   Orbital index   Normalized Entropy   Raw Entropy
[2026-01-21 07:04:29.611789] [info] [qdk:chemistry:algorithms:active_space]              24             1.000000      0.153007
[2026-01-21 07:04:29.611797] [info] [qdk:chemistry:algorithms:active_space]              29             0.811204      0.124120
[2026-01-21 07:04:29.611803] [info] [qdk:chemistry:algorithms:active_space]              18             0.739744      0.113186
[2026-01-21 07:04:29.611810] [info] [qdk:chemistry:algorithms:active_space]              25             0.716005      0.109554
[2026-01-21 07:04:29.611816] [info] [qdk:chemistry:algorithms:active_space]              22             0.504834      0.077243
[2026-01-21 07:04:29.611822] [info] [qdk:chemistry:algorithms:active_space]              19             0.502830      0.076937
[2026-01-21 07:04:29.611829] [info] [qdk:chemistry:algorithms:active_space]              31             0.475217      0.072712
[2026-01-21 07:04:29.611835] [info] [qdk:chemistry:algorithms:active_space]              14             0.436710      0.066820
[2026-01-21 07:04:29.611841] [info] [qdk:chemistry:algorithms:active_space]              20             0.435772      0.066676
[2026-01-21 07:04:29.611854] [info] [qdk:chemistry:algorithms:active_space]              26             0.418676      0.064060
[2026-01-21 07:04:29.611860] [info] [qdk:chemistry:algorithms:active_space]              30             0.411136      0.062907
[2026-01-21 07:04:29.611866] [info] [qdk:chemistry:algorithms:active_space]              11             0.386051      0.059069
[2026-01-21 07:04:29.611873] [info] [qdk:chemistry:algorithms:active_space]              32             0.374148      0.057247
[2026-01-21 07:04:29.611879] [info] [qdk:chemistry:algorithms:active_space]              23             0.360307      0.055130
[2026-01-21 07:04:29.611886] [info] [qdk:chemistry:algorithms:active_space]              28             0.356167      0.054496
[2026-01-21 07:04:29.611894] [info] [qdk:chemistry:algorithms:active_space]              27             0.355141      0.054339
[2026-01-21 07:04:29.612983] [info] [qdk:chemistry:algorithms:active_space]              13             0.301358      0.046110
[2026-01-21 07:04:29.612989] [info] [qdk:chemistry:algorithms:active_space]              15             0.299830      0.045876
[2026-01-21 07:04:29.612994] [info] [qdk:chemistry:algorithms:active_space]              21             0.277511      0.042461
[2026-01-21 07:04:29.612999] [info] [qdk:chemistry:algorithms:active_space]              33             0.266765      0.040817
[2026-01-21 07:04:29.613005] [info] [qdk:chemistry:algorithms:active_space]              16             0.264534      0.040476
[2026-01-21 07:04:29.613010] [info] [qdk:chemistry:algorithms:active_space]              17             0.256889      0.039306
[2026-01-21 07:04:29.613015] [info] [qdk:chemistry:algorithms:active_space]              12             0.245710      0.037595
[2026-01-21 07:04:29.613020] [info] [qdk:chemistry:algorithms:active_space]              10             0.204264      0.031254
[2026-01-21 07:04:29.613025] [info] [qdk:chemistry:algorithms:active_space]               9             0.167512      0.025631
[2026-01-21 07:04:29.613030] [info] [qdk:chemistry:algorithms:active_space]               6             0.149608      0.022891
[2026-01-21 07:04:29.613035] [info] [qdk:chemistry:algorithms:active_space]               7             0.121212      0.018546
[2026-01-21 07:04:29.613040] [info] [qdk:chemistry:algorithms:active_space]               8             0.087863      0.013444
[2026-01-21 07:04:29.613268] [info] [qdk:chemistry:algorithms:microsoft:active_space:autocas_active_space] Identified 2 plateaus.
[2026-01-21 07:04:29.614199] [info] [qdk:chemistry:algorithms:microsoft:active_space:autocas_active_space] AutoCAS::Selected active space of 4 orbitals: 18, 24, 25, 29
[2026-01-21 07:04:29.615047] [info] [sample_sci_workflow] AutoCAS selected active space with indices: [18, 24, 25, 29]
[2026-01-21 07:04:31.455272] [info] [qdk:chemistry:algorithms:microsoft:macis_asci] Requested number of determinants (100000) exceeds FCI dimension (16).
[2026-01-21 07:04:31.455] [ci_solver] [info] [Selected CI Solver]:
[2026-01-21 07:04:31.455] [ci_solver] [info]   NDETS =     16, MATEL_TOL = 2.22045e-16, RES_TOL = 1.00000e-06, MAX_SUB =  200
[2026-01-21 07:04:31.596] [ci_solver] [info]   NNZ   =    256, H_DUR     = 1.41241e+02 ms
[2026-01-21 07:04:31.596] [ci_solver] [info]   HMEM_LOC = 3.94e-06 GiB
[2026-01-21 07:04:31.596] [ci_solver] [info]   H_SPARSE = 1.00e+02%
[2026-01-21 07:04:31.596] [ci_solver] [info]   * Will generate identity guess
[2026-01-21 07:04:31.596] [davidson] [info] [Davidson Eigensolver]:
[2026-01-21 07:04:31.596] [davidson] [info]   N =     16, MAX_M =   16, RES_TOL = 1.00000e-06
[2026-01-21 07:04:31.642] [davidson] [info] iter =    1, LAM(0) =  -1.591931974698e+00, RNORM =   6.192773492866e-03
[2026-01-21 07:04:31.665] [davidson] [info] iter =    2, LAM(0) =  -1.591971429754e+00, RNORM =   3.971729516321e-04
[2026-01-21 07:04:31.688] [davidson] [info] iter =    3, LAM(0) =  -1.591971583687e+00, RNORM =   3.179429248329e-05
[2026-01-21 07:04:31.711] [davidson] [info] iter =    4, LAM(0) =  -1.591971584636e+00, RNORM =   2.312030114408e-06
[2026-01-21 07:04:31.734] [davidson] [info] iter =    5, LAM(0) =  -1.591971584641e+00, RNORM =   1.246780864410e-07
[2026-01-21 07:04:31.734] [davidson] [info] Davidson Converged!
[2026-01-21 07:04:31.734] [ci_solver] [info]   DAV_NITER =    5, E0 = -1.591972e+00 Eh, DAVIDSON_DUR = 1.38105e+02 ms
[2026-01-21 07:04:31.772607] [info] [sample_sci_workflow] Hamiltonian Summary:
  Type: Hermitian
  Restrictedness: Restricted
  Active Orbitals: 4
  Total Orbitals: 104
  Core Energy: -375.849161
  Integral Statistics:
    One-body Integrals (alpha): 16 (larger than 0.000001: 16)
    Two-body Integrals (aaaa): 256 (larger than 0.000001: 256)

[2026-01-21 07:04:31.772835] [info] [sample_sci_workflow] AutoCAS energy = -377.44113241 Hartree
[2026-01-21 07:04:32.155724] [info] [qdk_chemistry.utils.wavefunction] Sparse CI finder (4 dets) = -377.44060739 Hartree (ΔE = 0.5250 mHartree)
[2026-01-21 07:04:32.156429] [info] [sample_sci_workflow] Sparse CI energy = -377.44060739 Hartree
[2026-01-21 07:04:32.157756] [info] [sample_sci_workflow] Stored wavefunction with 4 determinants
Determinants:
  2000: -0.99899023
  0002: 0.03349709
  00du: -0.02117154
  00ud: -0.02117154


=== WORKFLOW END ===
End: 2026-01-21T07:04:32.868075
Elapsed seconds: 64.692409
