=== WORKFLOW START ===
Start: 2026-01-21T06:39:11.662132
Command: python sample_sci_workflow.py --xyz Validation-2026-01-20-aab310b108342456bf6b1017d01ccb8e31d2d52d/structures/1_molecules/mol023237_data_12091.structure.xyz --initial-active-space-solver macis_asci --autocas --max-determinants 100

[2026-01-21 06:39:14.987456] [info] [sample_sci_workflow] Structure Summary:
  Number of atoms: 12
  Composition: H6, O1, S1, C4
  Total mass: 102.151 AMU
  Nuclear Repulsion Energy: 299.265 Eh

[2026-01-21 06:39:21.088797] [info] [sample_sci_workflow] SCF energy = -627.27778750 Hartree
[2026-01-21 06:39:21.090677] [info] [qdk:chemistry:algorithms:microsoft:active_space:valence_active_space] ValenceActiveSpaceSelector::Starting active space selection.
[2026-01-21 06:39:21.091267] [info] [qdk:chemistry:algorithms:microsoft:active_space:valence_active_space] ValenceActiveSpaceSelector::Selected active space of 30 orbitals: 10, 11, 12, 13, 14, 15, 16, 17, 18, 19, 20, 21, 22, 23, 24, 25, 26, 27, 28, 29, 30, 31, 32, 33, 34, 35, 36, 37, 38, 39
[2026-01-21 06:39:21.093440] [info] [sample_sci_workflow] Orbitals Summary:
  AOs: 118
  MOs: 118
  Type: Restricted
  Has overlap: Yes
  Has basis set: Yes
  Valid: Yes
  Has active space: Yes
  Active Orbitals: α=30, β=30
  Has inactive space: Yes
  Inactive Orbitals: α=10, β=10
  Virtual Orbitals: α=78, β=78

[2026-01-21 06:39:33.401942] [info] [sample_sci_workflow] Hamiltonian Summary:
  Type: Hermitian
  Restrictedness: Restricted
  Active Orbitals: 30
  Total Orbitals: 118
  Core Energy: -455.193901
  Integral Statistics:
    One-body Integrals (alpha): 900 (larger than 0.000001: 884)
    Two-body Integrals (aaaa): 810000 (larger than 0.000001: 471468)

[2026-01-21 06:39:33.405] [asci_grow] [info] [ASCI Grow Settings]:
[2026-01-21 06:39:33.405] [asci_grow] [info]   NTDETS_MAX = 100000, NCDETS_MAX =    100, GROW_FACTOR = 8
[2026-01-21 06:39:33.405] [asci_grow] [info] iter =    0, E0 =  -1.720838866675e+02, dE =   0.000000e+00, WFN_SIZE = 1
[2026-01-21 06:39:33.405] [asci_search] [info] [ASCI Search Settings]:
[2026-01-21 06:39:33.405] [asci_search] [info]   NCDETS =      1, NDETS_MAX =       100, H_EL_TOL = 1.000000e-08, RV_TOL = 1.000000e-08
[2026-01-21 06:39:33.405] [asci_search] [info]   MAX_RV_SIZE = 500000000, JUST_SINGLES = false
[2026-01-21 06:39:33.405] [asci_search] [info]   CDET_SUM = 1.00e+00
[2026-01-21 06:39:33.405] [asci_search] [info]   * Will Generate up to Quintuplets
[2026-01-21 06:39:33.439] [asci_search] [info]   * GEN_DUR = 3.40e+01 ms
[2026-01-21 06:39:33.590] [asci_search] [info]   * ASCI Kept 68270 Pairs
[2026-01-21 06:39:33.590] [asci_search] [info]   * Pairs Mem = 1.53e-03 GiB
[2026-01-21 06:39:33.592] [asci_search] [info]   * ASCI will search over 68270 unique determinants
[2026-01-21 06:39:33.592] [asci_search] [info]   * PAIR_DUR = 1.84e-01 s, SORT_ACC_DUR = 2.44e-03 s
[2026-01-21 06:39:33.592] [asci_search] [info]   * KEEP_LARG_DUR = 1.04e-04 s
[2026-01-21 06:39:33.594] [asci_search] [info]   * Kth Score Pivot = 1.0447218405493461e-02
[2026-01-21 06:39:33.594] [asci_search] [info]   * ASCI_SORT_DUR = 1.55e-03 s
[2026-01-21 06:39:33.595] [asci_search] [warning]   * ASCI Search requested 100 determinants, but will return 101.
[2026-01-21 06:39:33.595] [asci_search] [warning]     This is due to the presence of multiple determinants with the     same predicted weight at the cutoff size. By policy, equivalent     determinants are retained.
[2026-01-21 06:39:33.595] [asci_search] [info]   * New Dets Mem = 7.53e-07 GiB
[2026-01-21 06:39:33.595] [asci_search] [info]   * ASCI_SEARCH DUR = 1.89e-01 s
[2026-01-21 06:39:33.595] [ci_solver] [info] [Selected CI Solver]:
[2026-01-21 06:39:33.595] [ci_solver] [info]   NDETS =    101, MATEL_TOL = 2.22045e-16, RES_TOL = 1.00000e-06, MAX_SUB =  200
[2026-01-21 06:39:33.710] [ci_solver] [info]   NNZ   =   2423, H_DUR     = 1.14644e+02 ms
[2026-01-21 06:39:33.710] [ci_solver] [info]   HMEM_LOC = 3.69e-05 GiB
[2026-01-21 06:39:33.710] [ci_solver] [info]   H_SPARSE = 2.38e+01%
[2026-01-21 06:39:33.710] [ci_solver] [info]   * Will generate identity guess
[2026-01-21 06:39:33.710] [davidson] [info] [Davidson Eigensolver]:
[2026-01-21 06:39:33.710] [davidson] [info]   N =    101, MAX_M =  101, RES_TOL = 1.00000e-06
[2026-01-21 06:39:33.755] [davidson] [info] iter =    1, LAM(0) =  -1.721092275011e+02, RNORM =   7.456392877836e-02
[2026-01-21 06:39:33.773] [davidson] [info] iter =    2, LAM(0) =  -1.721134702682e+02, RNORM =   7.324908461608e-03
[2026-01-21 06:39:33.795] [davidson] [info] iter =    3, LAM(0) =  -1.721135307507e+02, RNORM =   6.322090698191e-04
[2026-01-21 06:39:33.817] [davidson] [info] iter =    4, LAM(0) =  -1.721135310936e+02, RNORM =   5.183642077449e-05
[2026-01-21 06:39:33.841] [davidson] [info] iter =    5, LAM(0) =  -1.721135310968e+02, RNORM =   7.020300663880e-06
[2026-01-21 06:39:33.871] [davidson] [info] iter =    6, LAM(0) =  -1.721135310969e+02, RNORM =   7.968833459589e-07
[2026-01-21 06:39:33.871] [davidson] [info] Davidson Converged!
[2026-01-21 06:39:33.871] [ci_solver] [info]   DAV_NITER =    6, E0 = -1.721135e+02 Eh, DAVIDSON_DUR = 1.61577e+02 ms
[2026-01-21 06:39:33.871] [asci_grow] [info] iter =    1, E0 =  -1.721135310969e+02, dE =  -2.964443e-02, WFN_SIZE = 101
[2026-01-21 06:39:33.871] [asci_search] [info] [ASCI Search Settings]:
[2026-01-21 06:39:33.871] [asci_search] [info]   NCDETS =    100, NDETS_MAX =       808, H_EL_TOL = 1.000000e-08, RV_TOL = 1.000000e-08
[2026-01-21 06:39:33.871] [asci_search] [info]   MAX_RV_SIZE = 500000000, JUST_SINGLES = false
[2026-01-21 06:39:33.871] [asci_search] [info]   CDET_SUM = 1.00e+00
[2026-01-21 06:39:33.872] [asci_search] [info]   * Will Generate up to Quintuplets
[2026-01-21 06:39:33.883] [asci_search] [info]   * GEN_DUR = 1.12e+01 ms
[2026-01-21 06:39:34.856] [asci_search] [info]   * ASCI Kept 2949074 Pairs
[2026-01-21 06:39:34.856] [asci_search] [info]   * Pairs Mem = 6.59e-02 GiB
[2026-01-21 06:39:34.997] [asci_search] [info]   * ASCI will search over 2949074 unique determinants
[2026-01-21 06:39:34.997] [asci_search] [info]   * PAIR_DUR = 9.85e-01 s, SORT_ACC_DUR = 1.41e-01 s
[2026-01-21 06:39:35.003] [asci_search] [info]   * KEEP_LARG_DUR = 5.35e-03 s
[2026-01-21 06:39:35.058] [asci_search] [info]   * Kth Score Pivot = 4.2034148041698834e-03
[2026-01-21 06:39:35.070] [asci_search] [info]   * ASCI_SORT_DUR = 6.70e-02 s
[2026-01-21 06:39:35.070] [asci_search] [info]   * New Dets Mem = 6.02e-06 GiB
[2026-01-21 06:39:35.070] [asci_search] [info]   * ASCI_SEARCH DUR = 1.20e+00 s
[2026-01-21 06:39:35.070] [ci_solver] [info] [Selected CI Solver]:
[2026-01-21 06:39:35.070] [ci_solver] [info]   NDETS =    808, MATEL_TOL = 2.22045e-16, RES_TOL = 1.00000e-06, MAX_SUB =  200
[2026-01-21 06:39:35.185] [ci_solver] [info]   NNZ   =  48950, H_DUR     = 1.14999e+02 ms
[2026-01-21 06:39:35.185] [ci_solver] [info]   HMEM_LOC = 7.35e-04 GiB
[2026-01-21 06:39:35.185] [ci_solver] [info]   H_SPARSE = 7.50e+00%
[2026-01-21 06:39:35.185] [ci_solver] [info]   * Will generate identity guess
[2026-01-21 06:39:35.185] [davidson] [info] [Davidson Eigensolver]:
[2026-01-21 06:39:35.185] [davidson] [info]   N =    808, MAX_M =  200, RES_TOL = 1.00000e-06
[2026-01-21 06:39:35.230] [davidson] [info] iter =    1, LAM(0) =  -1.721338708100e+02, RNORM =   9.432135632707e-02
[2026-01-21 06:39:35.231] [davidson] [info] iter =    2, LAM(0) =  -1.721411315257e+02, RNORM =   1.623130956025e-02
[2026-01-21 06:39:35.240] [davidson] [info] iter =    3, LAM(0) =  -1.721413610787e+02, RNORM =   2.817422572462e-03
[2026-01-21 06:39:35.240] [davidson] [info] iter =    4, LAM(0) =  -1.721413677645e+02, RNORM =   6.179257144901e-04
[2026-01-21 06:39:35.241] [davidson] [info] iter =    5, LAM(0) =  -1.721413681055e+02, RNORM =   1.012584704200e-04
[2026-01-21 06:39:35.252] [davidson] [info] iter =    6, LAM(0) =  -1.721413681148e+02, RNORM =   1.469099804327e-05
[2026-01-21 06:39:35.271] [davidson] [info] iter =    7, LAM(0) =  -1.721413681150e+02, RNORM =   2.371389357299e-06
[2026-01-21 06:39:35.292] [davidson] [info] iter =    8, LAM(0) =  -1.721413681150e+02, RNORM =   4.191767878402e-07
[2026-01-21 06:39:35.292] [davidson] [info] Davidson Converged!
[2026-01-21 06:39:35.292] [ci_solver] [info]   DAV_NITER =    8, E0 = -1.721414e+02 Eh, DAVIDSON_DUR = 1.07145e+02 ms
[2026-01-21 06:39:35.292] [asci_grow] [info] iter =    2, E0 =  -1.721413681150e+02, dE =  -2.783702e-02, WFN_SIZE = 808
[2026-01-21 06:39:35.292] [asci_search] [info] [ASCI Search Settings]:
[2026-01-21 06:39:35.292] [asci_search] [info]   NCDETS =    100, NDETS_MAX =      6464, H_EL_TOL = 1.000000e-08, RV_TOL = 1.000000e-08
[2026-01-21 06:39:35.292] [asci_search] [info]   MAX_RV_SIZE = 500000000, JUST_SINGLES = false
[2026-01-21 06:39:35.292] [asci_search] [info]   CDET_SUM = 9.79e-01
[2026-01-21 06:39:35.293] [asci_search] [info]   * Will Generate up to Quintuplets
[2026-01-21 06:39:35.303] [asci_search] [info]   * GEN_DUR = 1.02e+01 ms
[2026-01-21 06:39:36.144] [asci_search] [info]   * ASCI Kept 2902960 Pairs
[2026-01-21 06:39:36.144] [asci_search] [info]   * Pairs Mem = 6.49e-02 GiB
[2026-01-21 06:39:36.301] [asci_search] [info]   * ASCI will search over 2902960 unique determinants
[2026-01-21 06:39:36.301] [asci_search] [info]   * PAIR_DUR = 8.52e-01 s, SORT_ACC_DUR = 1.57e-01 s
[2026-01-21 06:39:36.309] [asci_search] [info]   * KEEP_LARG_DUR = 8.43e-03 s
[2026-01-21 06:39:36.370] [asci_search] [info]   * Kth Score Pivot = 1.4288557910218922e-03
[2026-01-21 06:39:36.386] [asci_search] [info]   * ASCI_SORT_DUR = 7.72e-02 s
[2026-01-21 06:39:36.386] [asci_search] [info]   * New Dets Mem = 4.82e-05 GiB
[2026-01-21 06:39:36.386] [asci_search] [info]   * ASCI_SEARCH DUR = 1.09e+00 s
[2026-01-21 06:39:36.387] [ci_solver] [info] [Selected CI Solver]:
[2026-01-21 06:39:36.388] [ci_solver] [info]   NDETS =   6464, MATEL_TOL = 2.22045e-16, RES_TOL = 1.00000e-06, MAX_SUB =  200
[2026-01-21 06:39:36.566] [ci_solver] [info]   NNZ   = 1362322, H_DUR     = 1.78426e+02 ms
[2026-01-21 06:39:36.566] [ci_solver] [info]   HMEM_LOC = 2.03e-02 GiB
[2026-01-21 06:39:36.566] [ci_solver] [info]   H_SPARSE = 3.26e+00%
[2026-01-21 06:39:36.568] [ci_solver] [info]   * Will generate identity guess
[2026-01-21 06:39:36.570] [davidson] [info] [Davidson Eigensolver]:
[2026-01-21 06:39:36.570] [davidson] [info]   N =   6464, MAX_M =  200, RES_TOL = 1.00000e-06
[2026-01-21 06:39:36.611] [davidson] [info] iter =    1, LAM(0) =  -1.721693708638e+02, RNORM =   1.081195714976e-01
[2026-01-21 06:39:36.633] [davidson] [info] iter =    2, LAM(0) =  -1.721786682937e+02, RNORM =   2.247985960786e-02
[2026-01-21 06:39:36.656] [davidson] [info] iter =    3, LAM(0) =  -1.721790415330e+02, RNORM =   5.689251709480e-03
[2026-01-21 06:39:36.679] [davidson] [info] iter =    4, LAM(0) =  -1.721790645743e+02, RNORM =   1.431429552857e-03
[2026-01-21 06:39:36.702] [davidson] [info] iter =    5, LAM(0) =  -1.721790661962e+02, RNORM =   3.145748969291e-04
[2026-01-21 06:39:36.737] [davidson] [info] iter =    6, LAM(0) =  -1.721790662755e+02, RNORM =   6.663827063745e-05
[2026-01-21 06:39:36.755] [davidson] [info] iter =    7, LAM(0) =  -1.721790662788e+02, RNORM =   1.343427186012e-05
[2026-01-21 06:39:36.783] [davidson] [info] iter =    8, LAM(0) =  -1.721790662789e+02, RNORM =   2.759673475722e-06
[2026-01-21 06:39:36.801] [davidson] [info] iter =    9, LAM(0) =  -1.721790662789e+02, RNORM =   6.841525608252e-07
[2026-01-21 06:39:36.801] [davidson] [info] Davidson Converged!
[2026-01-21 06:39:36.801] [ci_solver] [info]   DAV_NITER =    9, E0 = -1.721791e+02 Eh, DAVIDSON_DUR = 2.31667e+02 ms
[2026-01-21 06:39:36.801] [asci_grow] [info] iter =    3, E0 =  -1.721790662789e+02, dE =  -3.769816e-02, WFN_SIZE = 6464
[2026-01-21 06:39:36.802] [asci_search] [info] [ASCI Search Settings]:
[2026-01-21 06:39:36.802] [asci_search] [info]   NCDETS =    100, NDETS_MAX =     51712, H_EL_TOL = 1.000000e-08, RV_TOL = 1.000000e-08
[2026-01-21 06:39:36.802] [asci_search] [info]   MAX_RV_SIZE = 500000000, JUST_SINGLES = false
[2026-01-21 06:39:36.802] [asci_search] [info]   CDET_SUM = 9.57e-01
[2026-01-21 06:39:36.802] [asci_search] [info]   * Will Generate up to Quintuplets
[2026-01-21 06:39:36.819] [asci_search] [info]   * GEN_DUR = 1.67e+01 ms
[2026-01-21 06:39:37.533] [asci_search] [info]   * ASCI Kept 2886063 Pairs
[2026-01-21 06:39:37.533] [asci_search] [info]   * Pairs Mem = 6.45e-02 GiB
[2026-01-21 06:39:37.674] [asci_search] [info]   * ASCI will search over 2886063 unique determinants
[2026-01-21 06:39:37.675] [asci_search] [info]   * PAIR_DUR = 7.31e-01 s, SORT_ACC_DUR = 1.41e-01 s
[2026-01-21 06:39:37.680] [asci_search] [info]   * KEEP_LARG_DUR = 5.46e-03 s
[2026-01-21 06:39:37.740] [asci_search] [info]   * Kth Score Pivot = 8.7674486157378339e-05
[2026-01-21 06:39:37.752] [asci_search] [info]   * ASCI_SORT_DUR = 7.14e-02 s
[2026-01-21 06:39:37.752] [asci_search] [info]   * New Dets Mem = 3.85e-04 GiB
[2026-01-21 06:39:37.752] [asci_search] [info]   * ASCI_SEARCH DUR = 9.50e-01 s
[2026-01-21 06:39:37.757] [ci_solver] [info] [Selected CI Solver]:
[2026-01-21 06:39:37.757] [ci_solver] [info]   NDETS =  51712, MATEL_TOL = 2.22045e-16, RES_TOL = 1.00000e-06, MAX_SUB =  200
[2026-01-21 06:39:40.181] [ci_solver] [info]   NNZ   = 30180712, H_DUR     = 2.42446e+03 ms
[2026-01-21 06:39:40.181] [ci_solver] [info]   HMEM_LOC = 4.50e-01 GiB
[2026-01-21 06:39:40.181] [ci_solver] [info]   H_SPARSE = 1.13e+00%
[2026-01-21 06:39:40.216] [ci_solver] [info]   * Will generate identity guess
[2026-01-21 06:39:40.247] [davidson] [info] [Davidson Eigensolver]:
[2026-01-21 06:39:40.247] [davidson] [info]   N =  51712, MAX_M =  200, RES_TOL = 1.00000e-06
[2026-01-21 06:39:40.301] [davidson] [info] iter =    1, LAM(0) =  -1.721825771387e+02, RNORM =   1.282888227895e-01
[2026-01-21 06:39:40.326] [davidson] [info] iter =    2, LAM(0) =  -1.721956593182e+02, RNORM =   4.142009641371e-02
[2026-01-21 06:39:40.351] [davidson] [info] iter =    3, LAM(0) =  -1.721965986446e+02, RNORM =   1.531590531471e-02
[2026-01-21 06:39:40.376] [davidson] [info] iter =    4, LAM(0) =  -1.721967362067e+02, RNORM =   4.557508136415e-03
[2026-01-21 06:39:40.421] [davidson] [info] iter =    5, LAM(0) =  -1.721967490590e+02, RNORM =   1.308777046860e-03
[2026-01-21 06:39:40.450] [davidson] [info] iter =    6, LAM(0) =  -1.721967500690e+02, RNORM =   4.322743188155e-04
[2026-01-21 06:39:40.496] [davidson] [info] iter =    7, LAM(0) =  -1.721967501898e+02, RNORM =   1.407245772812e-04
[2026-01-21 06:39:40.535] [davidson] [info] iter =    8, LAM(0) =  -1.721967502026e+02, RNORM =   4.268802267400e-05
[2026-01-21 06:39:40.576] [davidson] [info] iter =    9, LAM(0) =  -1.721967502037e+02, RNORM =   1.233008852235e-05
[2026-01-21 06:39:40.620] [davidson] [info] iter =   10, LAM(0) =  -1.721967502038e+02, RNORM =   3.643381585003e-06
[2026-01-21 06:39:40.661] [davidson] [info] iter =   11, LAM(0) =  -1.721967502038e+02, RNORM =   1.183888751259e-06
[2026-01-21 06:39:40.704] [davidson] [info] iter =   12, LAM(0) =  -1.721967502038e+02, RNORM =   4.144650605391e-07
[2026-01-21 06:39:40.704] [davidson] [info] Davidson Converged!
[2026-01-21 06:39:40.704] [ci_solver] [info]   DAV_NITER =   12, E0 = -1.721968e+02 Eh, DAVIDSON_DUR = 4.57071e+02 ms
[2026-01-21 06:39:40.704] [asci_grow] [info] iter =    4, E0 =  -1.721967502038e+02, dE =  -1.768392e-02, WFN_SIZE = 51712
[2026-01-21 06:39:40.710] [asci_search] [info] [ASCI Search Settings]:
[2026-01-21 06:39:40.710] [asci_search] [info]   NCDETS =    100, NDETS_MAX =    100000, H_EL_TOL = 1.000000e-08, RV_TOL = 1.000000e-08
[2026-01-21 06:39:40.710] [asci_search] [info]   MAX_RV_SIZE = 500000000, JUST_SINGLES = false
[2026-01-21 06:39:40.710] [asci_search] [info]   CDET_SUM = 9.45e-01
[2026-01-21 06:39:40.711] [asci_search] [info]   * Will Generate up to Quintuplets
[2026-01-21 06:39:40.760] [asci_search] [info]   * GEN_DUR = 4.85e+01 ms
[2026-01-21 06:39:41.244] [asci_search] [info]   * ASCI Kept 2892050 Pairs
[2026-01-21 06:39:41.244] [asci_search] [info]   * Pairs Mem = 6.46e-02 GiB
[2026-01-21 06:39:41.401] [asci_search] [info]   * ASCI will search over 2892050 unique determinants
[2026-01-21 06:39:41.401] [asci_search] [info]   * PAIR_DUR = 5.34e-01 s, SORT_ACC_DUR = 1.57e-01 s
[2026-01-21 06:39:41.410] [asci_search] [info]   * KEEP_LARG_DUR = 8.32e-03 s
[2026-01-21 06:39:41.441] [asci_search] [info]   * Kth Score Pivot = 4.5746115783109166e-05
[2026-01-21 06:39:41.457] [asci_search] [info]   * ASCI_SORT_DUR = 4.77e-02 s
[2026-01-21 06:39:41.458] [asci_search] [info]   * New Dets Mem = 7.45e-04 GiB
[2026-01-21 06:39:41.459] [asci_search] [info]   * ASCI_SEARCH DUR = 7.49e-01 s
[2026-01-21 06:39:41.466] [ci_solver] [info] [Selected CI Solver]:
[2026-01-21 06:39:41.466] [ci_solver] [info]   NDETS = 100000, MATEL_TOL = 2.22045e-16, RES_TOL = 1.00000e-06, MAX_SUB =  200
[2026-01-21 06:39:45.577] [ci_solver] [info]   NNZ   = 53509208, H_DUR     = 4.11108e+03 ms
[2026-01-21 06:39:45.577] [ci_solver] [info]   HMEM_LOC = 7.98e-01 GiB
[2026-01-21 06:39:45.577] [ci_solver] [info]   H_SPARSE = 5.35e-01%
[2026-01-21 06:39:45.629] [ci_solver] [info]   * Will generate identity guess
[2026-01-21 06:39:45.675] [davidson] [info] [Davidson Eigensolver]:
[2026-01-21 06:39:45.675] [davidson] [info]   N = 100000, MAX_M =  200, RES_TOL = 1.00000e-06
[2026-01-21 06:39:45.743] [davidson] [info] iter =    1, LAM(0) =  -1.721825882722e+02, RNORM =   1.335337282067e-01
[2026-01-21 06:39:45.779] [davidson] [info] iter =    2, LAM(0) =  -1.721963473749e+02, RNORM =   4.701203454352e-02
[2026-01-21 06:39:45.819] [davidson] [info] iter =    3, LAM(0) =  -1.721974793100e+02, RNORM =   1.802318219530e-02
[2026-01-21 06:39:45.862] [davidson] [info] iter =    4, LAM(0) =  -1.721976648257e+02, RNORM =   5.693651976301e-03
[2026-01-21 06:39:45.908] [davidson] [info] iter =    5, LAM(0) =  -1.721976838315e+02, RNORM =   1.834537234080e-03
[2026-01-21 06:39:45.962] [davidson] [info] iter =    6, LAM(0) =  -1.721976856899e+02, RNORM =   6.515914186050e-04
[2026-01-21 06:39:46.008] [davidson] [info] iter =    7, LAM(0) =  -1.721976859528e+02, RNORM =   2.316401413605e-04
[2026-01-21 06:39:46.042] [davidson] [info] iter =    8, LAM(0) =  -1.721976859857e+02, RNORM =   7.602520568572e-05
[2026-01-21 06:39:46.098] [davidson] [info] iter =    9, LAM(0) =  -1.721976859890e+02, RNORM =   2.368159229842e-05
[2026-01-21 06:39:46.143] [davidson] [info] iter =   10, LAM(0) =  -1.721976859893e+02, RNORM =   7.754334271962e-06
[2026-01-21 06:39:46.203] [davidson] [info] iter =   11, LAM(0) =  -1.721976859893e+02, RNORM =   2.693701166737e-06
[2026-01-21 06:39:46.252] [davidson] [info] iter =   12, LAM(0) =  -1.721976859893e+02, RNORM =   9.738705877677e-07
[2026-01-21 06:39:46.252] [davidson] [info] Davidson Converged!
[2026-01-21 06:39:46.252] [ci_solver] [info]   DAV_NITER =   12, E0 = -1.721977e+02 Eh, DAVIDSON_DUR = 5.76958e+02 ms
[2026-01-21 06:39:46.253] [asci_grow] [info] iter =    5, E0 =  -1.721976859893e+02, dE =  -9.357855e-04, WFN_SIZE = 100000
[2026-01-21 06:39:46.255] [asci_grow] [info] * GROW_DUR = 1.28e+04 ms
[2026-01-21 06:39:46.255] [asci_refine] [info] [ASCI Refine Settings]:
[2026-01-21 06:39:46.256] [asci_refine] [info]   NTDETS = 100000, NCDETS =    100, MAX_REFINE_ITER =    6, REFINE_TOL = 1.00e-06
[2026-01-21 06:39:46.256] [asci_refine] [info] iter =    0, E0 =  -1.721976859893e+02, dE =   0.000000e+00
[2026-01-21 06:39:46.266] [asci_search] [info] [ASCI Search Settings]:
[2026-01-21 06:39:46.267] [asci_search] [info]   NCDETS =    100, NDETS_MAX =    100000, H_EL_TOL = 1.000000e-08, RV_TOL = 1.000000e-08
[2026-01-21 06:39:46.267] [asci_search] [info]   MAX_RV_SIZE = 500000000, JUST_SINGLES = false
[2026-01-21 06:39:46.267] [asci_search] [info]   CDET_SUM = 9.44e-01
[2026-01-21 06:39:46.268] [asci_search] [info]   * Will Generate up to Quintuplets
[2026-01-21 06:39:46.302] [asci_search] [info]   * GEN_DUR = 3.46e+01 ms
[2026-01-21 06:39:47.076] [asci_search] [info]   * ASCI Kept 2894600 Pairs
[2026-01-21 06:39:47.076] [asci_search] [info]   * Pairs Mem = 6.47e-02 GiB
[2026-01-21 06:39:47.214] [asci_search] [info]   * ASCI will search over 2894600 unique determinants
[2026-01-21 06:39:47.214] [asci_search] [info]   * PAIR_DUR = 8.08e-01 s, SORT_ACC_DUR = 1.38e-01 s
[2026-01-21 06:39:47.221] [asci_search] [info]   * KEEP_LARG_DUR = 6.78e-03 s
[2026-01-21 06:39:47.273] [asci_search] [info]   * Kth Score Pivot = 4.6699094980743392e-05
[2026-01-21 06:39:47.284] [asci_search] [info]   * ASCI_SORT_DUR = 6.26e-02 s
[2026-01-21 06:39:47.284] [asci_search] [info]   * New Dets Mem = 7.45e-04 GiB
[2026-01-21 06:39:47.285] [asci_search] [info]   * ASCI_SEARCH DUR = 1.02e+00 s
[2026-01-21 06:39:47.292] [ci_solver] [info] [Selected CI Solver]:
[2026-01-21 06:39:47.292] [ci_solver] [info]   NDETS = 100000, MATEL_TOL = 2.22045e-16, RES_TOL = 1.00000e-06, MAX_SUB =  200
[2026-01-21 06:39:51.697] [ci_solver] [info]   NNZ   = 53399764, H_DUR     = 4.40435e+03 ms
[2026-01-21 06:39:51.697] [ci_solver] [info]   HMEM_LOC = 7.96e-01 GiB
[2026-01-21 06:39:51.697] [ci_solver] [info]   H_SPARSE = 5.34e-01%
[2026-01-21 06:39:51.773] [ci_solver] [info]   * Will generate identity guess
[2026-01-21 06:39:51.832] [davidson] [info] [Davidson Eigensolver]:
[2026-01-21 06:39:51.832] [davidson] [info]   N = 100000, MAX_M =  200, RES_TOL = 1.00000e-06
[2026-01-21 06:39:51.984] [davidson] [info] iter =    1, LAM(0) =  -1.721825877396e+02, RNORM =   1.335214005187e-01
[2026-01-21 06:39:52.012] [davidson] [info] iter =    2, LAM(0) =  -1.721963473595e+02, RNORM =   4.702687834428e-02
[2026-01-21 06:39:52.050] [davidson] [info] iter =    3, LAM(0) =  -1.721974803698e+02, RNORM =   1.803265418513e-02
[2026-01-21 06:39:52.086] [davidson] [info] iter =    4, LAM(0) =  -1.721976662585e+02, RNORM =   5.703470629027e-03
[2026-01-21 06:39:52.128] [davidson] [info] iter =    5, LAM(0) =  -1.721976853507e+02, RNORM =   1.840499352599e-03
[2026-01-21 06:39:52.174] [davidson] [info] iter =    6, LAM(0) =  -1.721976872250e+02, RNORM =   6.553495429831e-04
[2026-01-21 06:39:52.223] [davidson] [info] iter =    7, LAM(0) =  -1.721976874917e+02, RNORM =   2.335995933846e-04
[2026-01-21 06:39:52.269] [davidson] [info] iter =    8, LAM(0) =  -1.721976875252e+02, RNORM =   7.672185157973e-05
[2026-01-21 06:39:52.316] [davidson] [info] iter =    9, LAM(0) =  -1.721976875285e+02, RNORM =   2.393838348566e-05
[2026-01-21 06:39:52.366] [davidson] [info] iter =   10, LAM(0) =  -1.721976875289e+02, RNORM =   7.860426974658e-06
[2026-01-21 06:39:52.411] [davidson] [info] iter =   11, LAM(0) =  -1.721976875289e+02, RNORM =   2.743872674424e-06
[2026-01-21 06:39:52.467] [davidson] [info] iter =   12, LAM(0) =  -1.721976875289e+02, RNORM =   9.916122516954e-07
[2026-01-21 06:39:52.467] [davidson] [info] Davidson Converged!
[2026-01-21 06:39:52.467] [ci_solver] [info]   DAV_NITER =   12, E0 = -1.721977e+02 Eh, DAVIDSON_DUR = 6.35463e+02 ms
[2026-01-21 06:39:52.479] [asci_refine] [info] iter =    1, E0 =  -1.721976875289e+02, dE =  -1.539570e-06
[2026-01-21 06:39:52.497] [asci_search] [info] [ASCI Search Settings]:
[2026-01-21 06:39:52.497] [asci_search] [info]   NCDETS =    100, NDETS_MAX =    100000, H_EL_TOL = 1.000000e-08, RV_TOL = 1.000000e-08
[2026-01-21 06:39:52.497] [asci_search] [info]   MAX_RV_SIZE = 500000000, JUST_SINGLES = false
[2026-01-21 06:39:52.497] [asci_search] [info]   CDET_SUM = 9.44e-01
[2026-01-21 06:39:52.511] [asci_search] [info]   * Will Generate up to Quintuplets
[2026-01-21 06:39:52.532] [asci_search] [info]   * GEN_DUR = 2.03e+01 ms
[2026-01-21 06:39:53.599] [asci_search] [info]   * ASCI Kept 2894632 Pairs
[2026-01-21 06:39:53.599] [asci_search] [info]   * Pairs Mem = 6.47e-02 GiB
[2026-01-21 06:39:53.741] [asci_search] [info]   * ASCI will search over 2894632 unique determinants
[2026-01-21 06:39:53.742] [asci_search] [info]   * PAIR_DUR = 1.10e+00 s, SORT_ACC_DUR = 1.43e-01 s
[2026-01-21 06:39:53.747] [asci_search] [info]   * KEEP_LARG_DUR = 5.50e-03 s
[2026-01-21 06:39:53.801] [asci_search] [info]   * Kth Score Pivot = 4.6707313274717323e-05
[2026-01-21 06:39:53.812] [asci_search] [info]   * ASCI_SORT_DUR = 6.53e-02 s
[2026-01-21 06:39:53.814] [asci_search] [info]   * New Dets Mem = 7.45e-04 GiB
[2026-01-21 06:39:53.814] [asci_search] [info]   * ASCI_SEARCH DUR = 1.32e+00 s
[2026-01-21 06:39:53.822] [ci_solver] [info] [Selected CI Solver]:
[2026-01-21 06:39:53.822] [ci_solver] [info]   NDETS = 100000, MATEL_TOL = 2.22045e-16, RES_TOL = 1.00000e-06, MAX_SUB =  200
[2026-01-21 06:39:57.934] [ci_solver] [info]   NNZ   = 53397976, H_DUR     = 4.11240e+03 ms
[2026-01-21 06:39:57.934] [ci_solver] [info]   HMEM_LOC = 7.96e-01 GiB
[2026-01-21 06:39:57.934] [ci_solver] [info]   H_SPARSE = 5.34e-01%
[2026-01-21 06:39:57.994] [ci_solver] [info]   * Will generate identity guess
[2026-01-21 06:39:58.052] [davidson] [info] [Davidson Eigensolver]:
[2026-01-21 06:39:58.052] [davidson] [info]   N = 100000, MAX_M =  200, RES_TOL = 1.00000e-06
[2026-01-21 06:39:58.115] [davidson] [info] iter =    1, LAM(0) =  -1.721825877587e+02, RNORM =   1.335202371717e-01
[2026-01-21 06:39:58.161] [davidson] [info] iter =    2, LAM(0) =  -1.721963473233e+02, RNORM =   4.702848153806e-02
[2026-01-21 06:39:58.201] [davidson] [info] iter =    3, LAM(0) =  -1.721974803305e+02, RNORM =   1.803607836120e-02
[2026-01-21 06:39:58.241] [davidson] [info] iter =    4, LAM(0) =  -1.721976662702e+02, RNORM =   5.705627116525e-03
[2026-01-21 06:39:58.286] [davidson] [info] iter =    5, LAM(0) =  -1.721976853743e+02, RNORM =   1.841800370576e-03
[2026-01-21 06:39:58.334] [davidson] [info] iter =    6, LAM(0) =  -1.721976872512e+02, RNORM =   6.557469614290e-04
[2026-01-21 06:39:58.387] [davidson] [info] iter =    7, LAM(0) =  -1.721976875184e+02, RNORM =   2.337590023263e-04
[2026-01-21 06:39:58.439] [davidson] [info] iter =    8, LAM(0) =  -1.721976875519e+02, RNORM =   7.676705025666e-05
[2026-01-21 06:39:58.503] [davidson] [info] iter =    9, LAM(0) =  -1.721976875552e+02, RNORM =   2.396007082582e-05
[2026-01-21 06:39:58.552] [davidson] [info] iter =   10, LAM(0) =  -1.721976875556e+02, RNORM =   7.869647865148e-06
[2026-01-21 06:39:58.598] [davidson] [info] iter =   11, LAM(0) =  -1.721976875556e+02, RNORM =   2.748693968112e-06
[2026-01-21 06:39:58.646] [davidson] [info] iter =   12, LAM(0) =  -1.721976875556e+02, RNORM =   9.935720648518e-07
[2026-01-21 06:39:58.646] [davidson] [info] Davidson Converged!
[2026-01-21 06:39:58.646] [ci_solver] [info]   DAV_NITER =   12, E0 = -1.721977e+02 Eh, DAVIDSON_DUR = 5.94579e+02 ms
[2026-01-21 06:39:58.647] [asci_refine] [info] iter =    2, E0 =  -1.721976875556e+02, dE =  -2.669432e-08
[2026-01-21 06:39:58.647] [asci_refine] [info] ASCI Refine Converged!
[2026-01-21 06:40:17.112714] [info] [sample_sci_workflow] CASCI energy = -627.39158839 Hartree
[2026-01-21 06:40:17.113497] [info] [qdk:chemistry:algorithms:microsoft:active_space:autocas_active_space] AutoCAS::Starting active space selection.
[2026-01-21 06:40:17.115218] [info] [qdk:chemistry:algorithms:active_space] Max entropy: 0.188790
[2026-01-21 06:40:17.115235] [info] [qdk:chemistry:algorithms:active_space] Normalized orbital entropies:
[2026-01-21 06:40:17.115240] [info] [qdk:chemistry:algorithms:active_space]   Orbital index   Normalized Entropy   Raw Entropy
[2026-01-21 06:40:17.115250] [info] [qdk:chemistry:algorithms:active_space]              27             1.000000      0.188790
[2026-01-21 06:40:17.115255] [info] [qdk:chemistry:algorithms:active_space]              25             0.857926      0.161968
[2026-01-21 06:40:17.115260] [info] [qdk:chemistry:algorithms:active_space]              29             0.787974      0.148761
[2026-01-21 06:40:17.115265] [info] [qdk:chemistry:algorithms:active_space]              24             0.495569      0.093558
[2026-01-21 06:40:17.115270] [info] [qdk:chemistry:algorithms:active_space]              26             0.466185      0.088011
[2026-01-21 06:40:17.115275] [info] [qdk:chemistry:algorithms:active_space]              30             0.440064      0.083080
[2026-01-21 06:40:17.115281] [info] [qdk:chemistry:algorithms:active_space]              36             0.436438      0.082395
[2026-01-21 06:40:17.115286] [info] [qdk:chemistry:algorithms:active_space]              21             0.405717      0.076595
[2026-01-21 06:40:17.115291] [info] [qdk:chemistry:algorithms:active_space]              33             0.344212      0.064984
[2026-01-21 06:40:17.115296] [info] [qdk:chemistry:algorithms:active_space]              23             0.327860      0.061896
[2026-01-21 06:40:17.115311] [info] [qdk:chemistry:algorithms:active_space]              20             0.327155      0.061763
[2026-01-21 06:40:17.115316] [info] [qdk:chemistry:algorithms:active_space]              37             0.300035      0.056643
[2026-01-21 06:40:17.115321] [info] [qdk:chemistry:algorithms:active_space]              17             0.277990      0.052482
[2026-01-21 06:40:17.115326] [info] [qdk:chemistry:algorithms:active_space]              31             0.273866      0.051703
[2026-01-21 06:40:17.115331] [info] [qdk:chemistry:algorithms:active_space]              15             0.245621      0.046371
[2026-01-21 06:40:17.115336] [info] [qdk:chemistry:algorithms:active_space]              19             0.245594      0.046366
[2026-01-21 06:40:17.115341] [info] [qdk:chemistry:algorithms:active_space]              18             0.243453      0.045961
[2026-01-21 06:40:17.115346] [info] [qdk:chemistry:algorithms:active_space]              22             0.236461      0.044641
[2026-01-21 06:40:17.115351] [info] [qdk:chemistry:algorithms:active_space]              39             0.235777      0.044512
[2026-01-21 06:40:17.115356] [info] [qdk:chemistry:algorithms:active_space]              32             0.224480      0.042380
[2026-01-21 06:40:17.115361] [info] [qdk:chemistry:algorithms:active_space]              14             0.210985      0.039832
[2026-01-21 06:40:17.115367] [info] [qdk:chemistry:algorithms:active_space]              16             0.210194      0.039682
[2026-01-21 06:40:17.115372] [info] [qdk:chemistry:algorithms:active_space]              34             0.209521      0.039555
[2026-01-21 06:40:17.115377] [info] [qdk:chemistry:algorithms:active_space]              38             0.201255      0.037995
[2026-01-21 06:40:17.115382] [info] [qdk:chemistry:algorithms:active_space]              35             0.190680      0.035998
[2026-01-21 06:40:17.115387] [info] [qdk:chemistry:algorithms:active_space]              28             0.187018      0.035307
[2026-01-21 06:40:17.115392] [info] [qdk:chemistry:algorithms:active_space]              13             0.145517      0.027472
[2026-01-21 06:40:17.115397] [info] [qdk:chemistry:algorithms:active_space]              12             0.134821      0.025453
[2026-01-21 06:40:17.115402] [info] [qdk:chemistry:algorithms:active_space]              11             0.090463      0.017078
[2026-01-21 06:40:17.115407] [info] [qdk:chemistry:algorithms:active_space]              10             0.070408      0.013292
[2026-01-21 06:40:17.115629] [info] [qdk:chemistry:algorithms:microsoft:active_space:autocas_active_space] Identified 2 plateaus.
[2026-01-21 06:40:17.115646] [info] [qdk:chemistry:algorithms:microsoft:active_space:autocas_active_space] AutoCAS::Selected active space of 3 orbitals: 25, 27, 29
[2026-01-21 06:40:17.117196] [info] [sample_sci_workflow] AutoCAS selected active space with indices: [25, 27, 29]
[2026-01-21 06:40:20.095511] [info] [qdk:chemistry:algorithms:microsoft:macis_asci] Requested number of determinants (100000) exceeds FCI dimension (9).
[2026-01-21 06:40:20.095] [ci_solver] [info] [Selected CI Solver]:
[2026-01-21 06:40:20.095] [ci_solver] [info]   NDETS =      9, MATEL_TOL = 2.22045e-16, RES_TOL = 1.00000e-06, MAX_SUB =  200
[2026-01-21 06:40:20.234] [ci_solver] [info]   NNZ   =     81, H_DUR     = 1.38415e+02 ms
[2026-01-21 06:40:20.234] [ci_solver] [info]   HMEM_LOC = 1.28e-06 GiB
[2026-01-21 06:40:20.234] [ci_solver] [info]   H_SPARSE = 1.00e+02%
[2026-01-21 06:40:20.234] [ci_solver] [info]   * Will generate identity guess
[2026-01-21 06:40:20.234] [davidson] [info] [Davidson Eigensolver]:
[2026-01-21 06:40:20.234] [davidson] [info]   N =      9, MAX_M =    9, RES_TOL = 1.00000e-06
[2026-01-21 06:40:20.279] [davidson] [info] iter =    1, LAM(0) =  -1.154882899117e+00, RNORM =   2.381187122096e-03
[2026-01-21 06:40:20.302] [davidson] [info] iter =    2, LAM(0) =  -1.154890092253e+00, RNORM =   1.190536757669e-04
[2026-01-21 06:40:20.325] [davidson] [info] iter =    3, LAM(0) =  -1.154890108688e+00, RNORM =   1.112469413615e-09
[2026-01-21 06:40:20.325] [davidson] [info] Davidson Converged!
[2026-01-21 06:40:20.325] [ci_solver] [info]   DAV_NITER =    3, E0 = -1.154890e+00 Eh, DAVIDSON_DUR = 9.14028e+01 ms
[2026-01-21 06:40:20.364405] [info] [sample_sci_workflow] Hamiltonian Summary:
  Type: Hermitian
  Restrictedness: Restricted
  Active Orbitals: 3
  Total Orbitals: 118
  Core Energy: -626.134801
  Integral Statistics:
    One-body Integrals (alpha): 9 (larger than 0.000001: 7)
    Two-body Integrals (aaaa): 81 (larger than 0.000001: 57)

[2026-01-21 06:40:20.364968] [info] [sample_sci_workflow] AutoCAS energy = -627.28969100 Hartree
[2026-01-21 06:40:20.547458] [info] [qdk_chemistry.utils.wavefunction] Sparse CI finder (3 dets) = -627.28873448 Hartree (ΔE = 0.9565 mHartree)
[2026-01-21 06:40:20.550430] [info] [sample_sci_workflow] Sparse CI energy = -627.28873448 Hartree
[2026-01-21 06:40:20.559260] [info] [sample_sci_workflow] Stored wavefunction with 3 determinants
Determinants:
  200: -0.99043672
  020: 0.13309291
  0du: -0.03635084


=== WORKFLOW END ===
End: 2026-01-21T06:40:21.264430
Elapsed seconds: 69.602271
