=== WORKFLOW START ===
Start: 2026-01-21T07:13:57.759922
Command: python sample_sci_workflow.py --xyz Validation-2026-01-20-aab310b108342456bf6b1017d01ccb8e31d2d52d/structures/1_molecules/mol083250_data_174922.structure.xyz --initial-active-space-solver macis_asci --autocas --max-determinants 100

[2026-01-21 07:14:00.554674] [info] [sample_sci_workflow] Structure Summary:
  Number of atoms: 9
  Composition: H5, O1, N1, C2
  Total mass: 59.068 AMU
  Nuclear Repulsion Energy: 121.315 Eh

[2026-01-21 07:14:03.022275] [info] [sample_sci_workflow] SCF energy = -207.97933072 Hartree
[2026-01-21 07:14:03.022672] [info] [qdk:chemistry:algorithms:microsoft:active_space:valence_active_space] ValenceActiveSpaceSelector::Starting active space selection.
[2026-01-21 07:14:03.023686] [info] [qdk:chemistry:algorithms:microsoft:active_space:valence_active_space] ValenceActiveSpaceSelector::Selected active space of 21 orbitals: 4, 5, 6, 7, 8, 9, 10, 11, 12, 13, 14, 15, 16, 17, 18, 19, 20, 21, 22, 23, 24
[2026-01-21 07:14:03.025481] [info] [sample_sci_workflow] Orbitals Summary:
  AOs: 81
  MOs: 81
  Type: Restricted
  Has overlap: Yes
  Has basis set: Yes
  Valid: Yes
  Has active space: Yes
  Active Orbitals: α=21, β=21
  Has inactive space: Yes
  Inactive Orbitals: α=4, β=4
  Virtual Orbitals: α=56, β=56

[2026-01-21 07:14:05.907193] [info] [sample_sci_workflow] Hamiltonian Summary:
  Type: Hermitian
  Restrictedness: Restricted
  Active Orbitals: 21
  Total Orbitals: 81
  Core Energy: -100.220517
  Integral Statistics:
    One-body Integrals (alpha): 441 (larger than 0.000001: 429)
    Two-body Integrals (aaaa): 194481 (larger than 0.000001: 126445)

[2026-01-21 07:14:05.910] [asci_grow] [info] [ASCI Grow Settings]:
[2026-01-21 07:14:05.910] [asci_grow] [info]   NTDETS_MAX = 100000, NCDETS_MAX =    100, GROW_FACTOR = 8
[2026-01-21 07:14:05.910] [asci_grow] [info] iter =    0, E0 =  -1.077588137243e+02, dE =   0.000000e+00, WFN_SIZE = 1
[2026-01-21 07:14:05.910] [asci_search] [info] [ASCI Search Settings]:
[2026-01-21 07:14:05.910] [asci_search] [info]   NCDETS =      1, NDETS_MAX =       100, H_EL_TOL = 1.000000e-08, RV_TOL = 1.000000e-08
[2026-01-21 07:14:05.910] [asci_search] [info]   MAX_RV_SIZE = 500000000, JUST_SINGLES = false
[2026-01-21 07:14:05.910] [asci_search] [info]   CDET_SUM = 1.00e+00
[2026-01-21 07:14:05.910] [asci_search] [info]   * Will Generate up to Quintuplets
[2026-01-21 07:14:05.928] [asci_search] [info]   * GEN_DUR = 1.79e+01 ms
[2026-01-21 07:14:05.951] [asci_search] [info]   * ASCI Kept 16253 Pairs
[2026-01-21 07:14:05.951] [asci_search] [info]   * Pairs Mem = 3.63e-04 GiB
[2026-01-21 07:14:05.952] [asci_search] [info]   * ASCI will search over 16253 unique determinants
[2026-01-21 07:14:05.953] [asci_search] [info]   * PAIR_DUR = 4.10e-02 s, SORT_ACC_DUR = 5.43e-04 s
[2026-01-21 07:14:05.953] [asci_search] [info]   * KEEP_LARG_DUR = 2.48e-05 s
[2026-01-21 07:14:05.953] [asci_search] [info]   * Kth Score Pivot = 8.8815412230253479e-03
[2026-01-21 07:14:05.954] [asci_search] [info]   * ASCI_SORT_DUR = 3.34e-04 s
[2026-01-21 07:14:05.954] [asci_search] [info]   * New Dets Mem = 7.45e-07 GiB
[2026-01-21 07:14:05.954] [asci_search] [info]   * ASCI_SEARCH DUR = 4.33e-02 s
[2026-01-21 07:14:05.954] [ci_solver] [info] [Selected CI Solver]:
[2026-01-21 07:14:05.954] [ci_solver] [info]   NDETS =    100, MATEL_TOL = 2.22045e-16, RES_TOL = 1.00000e-06, MAX_SUB =  200
[2026-01-21 07:14:06.014] [ci_solver] [info]   NNZ   =   2312, H_DUR     = 6.09214e+01 ms
[2026-01-21 07:14:06.015] [ci_solver] [info]   HMEM_LOC = 3.52e-05 GiB
[2026-01-21 07:14:06.015] [ci_solver] [info]   H_SPARSE = 2.31e+01%
[2026-01-21 07:14:06.015] [ci_solver] [info]   * Will generate identity guess
[2026-01-21 07:14:06.015] [davidson] [info] [Davidson Eigensolver]:
[2026-01-21 07:14:06.015] [davidson] [info]   N =    100, MAX_M =  100, RES_TOL = 1.00000e-06
[2026-01-21 07:14:06.015] [davidson] [info] iter =    1, LAM(0) =  -1.077834330387e+02, RNORM =   5.328488811799e-02
[2026-01-21 07:14:06.015] [davidson] [info] iter =    2, LAM(0) =  -1.077852681818e+02, RNORM =   4.813369251758e-03
[2026-01-21 07:14:06.015] [davidson] [info] iter =    3, LAM(0) =  -1.077852853037e+02, RNORM =   7.180854532395e-04
[2026-01-21 07:14:06.015] [davidson] [info] iter =    4, LAM(0) =  -1.077852856275e+02, RNORM =   9.969396509366e-05
[2026-01-21 07:14:06.015] [davidson] [info] iter =    5, LAM(0) =  -1.077852856366e+02, RNORM =   2.283237066070e-05
[2026-01-21 07:14:06.026] [davidson] [info] iter =    6, LAM(0) =  -1.077852856370e+02, RNORM =   3.157493353049e-06
[2026-01-21 07:14:06.045] [davidson] [info] iter =    7, LAM(0) =  -1.077852856370e+02, RNORM =   5.894797878684e-07
[2026-01-21 07:14:06.045] [davidson] [info] Davidson Converged!
[2026-01-21 07:14:06.045] [ci_solver] [info]   DAV_NITER =    7, E0 = -1.077853e+02 Eh, DAVIDSON_DUR = 3.06177e+01 ms
[2026-01-21 07:14:06.045] [asci_grow] [info] iter =    1, E0 =  -1.077852856370e+02, dE =  -2.647191e-02, WFN_SIZE = 100
[2026-01-21 07:14:06.045] [asci_search] [info] [ASCI Search Settings]:
[2026-01-21 07:14:06.045] [asci_search] [info]   NCDETS =    100, NDETS_MAX =       800, H_EL_TOL = 1.000000e-08, RV_TOL = 1.000000e-08
[2026-01-21 07:14:06.045] [asci_search] [info]   MAX_RV_SIZE = 500000000, JUST_SINGLES = false
[2026-01-21 07:14:06.045] [asci_search] [info]   CDET_SUM = 1.00e+00
[2026-01-21 07:14:06.046] [asci_search] [info]   * Will Generate up to Quintuplets
[2026-01-21 07:14:06.056] [asci_search] [info]   * GEN_DUR = 1.01e+01 ms
[2026-01-21 07:14:06.382] [asci_search] [info]   * ASCI Kept 622507 Pairs
[2026-01-21 07:14:06.382] [asci_search] [info]   * Pairs Mem = 1.39e-02 GiB
[2026-01-21 07:14:06.409] [asci_search] [info]   * ASCI will search over 622507 unique determinants
[2026-01-21 07:14:06.409] [asci_search] [info]   * PAIR_DUR = 3.36e-01 s, SORT_ACC_DUR = 2.70e-02 s
[2026-01-21 07:14:06.410] [asci_search] [info]   * KEEP_LARG_DUR = 9.85e-04 s
[2026-01-21 07:14:06.415] [asci_search] [info]   * Kth Score Pivot = 3.0280222289497138e-03
[2026-01-21 07:14:06.419] [asci_search] [info]   * ASCI_SORT_DUR = 8.74e-03 s
[2026-01-21 07:14:06.419] [asci_search] [info]   * New Dets Mem = 5.96e-06 GiB
[2026-01-21 07:14:06.419] [asci_search] [info]   * ASCI_SEARCH DUR = 3.73e-01 s
[2026-01-21 07:14:06.419] [ci_solver] [info] [Selected CI Solver]:
[2026-01-21 07:14:06.419] [ci_solver] [info]   NDETS =    800, MATEL_TOL = 2.22045e-16, RES_TOL = 1.00000e-06, MAX_SUB =  200
[2026-01-21 07:14:06.533] [ci_solver] [info]   NNZ   =  58860, H_DUR     = 1.14293e+02 ms
[2026-01-21 07:14:06.533] [ci_solver] [info]   HMEM_LOC = 8.83e-04 GiB
[2026-01-21 07:14:06.533] [ci_solver] [info]   H_SPARSE = 9.20e+00%
[2026-01-21 07:14:06.533] [ci_solver] [info]   * Will generate identity guess
[2026-01-21 07:14:06.533] [davidson] [info] [Davidson Eigensolver]:
[2026-01-21 07:14:06.533] [davidson] [info]   N =    800, MAX_M =  200, RES_TOL = 1.00000e-06
[2026-01-21 07:14:06.576] [davidson] [info] iter =    1, LAM(0) =  -1.078009385423e+02, RNORM =   8.857784103664e-02
[2026-01-21 07:14:06.576] [davidson] [info] iter =    2, LAM(0) =  -1.078066645463e+02, RNORM =   1.330182891135e-02
[2026-01-21 07:14:06.576] [davidson] [info] iter =    3, LAM(0) =  -1.078067960640e+02, RNORM =   2.944076934137e-03
[2026-01-21 07:14:06.576] [davidson] [info] iter =    4, LAM(0) =  -1.078068021214e+02, RNORM =   7.311477774124e-04
[2026-01-21 07:14:06.576] [davidson] [info] iter =    5, LAM(0) =  -1.078068025453e+02, RNORM =   1.649491336551e-04
[2026-01-21 07:14:06.587] [davidson] [info] iter =    6, LAM(0) =  -1.078068025663e+02, RNORM =   3.842761742049e-05
[2026-01-21 07:14:06.606] [davidson] [info] iter =    7, LAM(0) =  -1.078068025673e+02, RNORM =   7.833200429851e-06
[2026-01-21 07:14:06.628] [davidson] [info] iter =    8, LAM(0) =  -1.078068025673e+02, RNORM =   1.564921427525e-06
[2026-01-21 07:14:06.650] [davidson] [info] iter =    9, LAM(0) =  -1.078068025673e+02, RNORM =   3.038185452851e-07
[2026-01-21 07:14:06.650] [davidson] [info] Davidson Converged!
[2026-01-21 07:14:06.650] [ci_solver] [info]   DAV_NITER =    9, E0 = -1.078068e+02 Eh, DAVIDSON_DUR = 1.17093e+02 ms
[2026-01-21 07:14:06.650] [asci_grow] [info] iter =    2, E0 =  -1.078068025673e+02, dE =  -2.151693e-02, WFN_SIZE = 800
[2026-01-21 07:14:06.650] [asci_search] [info] [ASCI Search Settings]:
[2026-01-21 07:14:06.650] [asci_search] [info]   NCDETS =    100, NDETS_MAX =      6400, H_EL_TOL = 1.000000e-08, RV_TOL = 1.000000e-08
[2026-01-21 07:14:06.650] [asci_search] [info]   MAX_RV_SIZE = 500000000, JUST_SINGLES = false
[2026-01-21 07:14:06.650] [asci_search] [info]   CDET_SUM = 9.87e-01
[2026-01-21 07:14:06.651] [asci_search] [info]   * Will Generate up to Quintuplets
[2026-01-21 07:14:06.662] [asci_search] [info]   * GEN_DUR = 1.07e+01 ms
[2026-01-21 07:14:06.904] [asci_search] [info]   * ASCI Kept 620547 Pairs
[2026-01-21 07:14:06.905] [asci_search] [info]   * Pairs Mem = 1.39e-02 GiB
[2026-01-21 07:14:06.931] [asci_search] [info]   * ASCI will search over 620547 unique determinants
[2026-01-21 07:14:06.931] [asci_search] [info]   * PAIR_DUR = 2.54e-01 s, SORT_ACC_DUR = 2.67e-02 s
[2026-01-21 07:14:06.932] [asci_search] [info]   * KEEP_LARG_DUR = 1.08e-03 s
[2026-01-21 07:14:06.942] [asci_search] [info]   * Kth Score Pivot = 4.2551534903418069e-04
[2026-01-21 07:14:06.944] [asci_search] [info]   * ASCI_SORT_DUR = 1.15e-02 s
[2026-01-21 07:14:06.944] [asci_search] [info]   * New Dets Mem = 4.77e-05 GiB
[2026-01-21 07:14:06.944] [asci_search] [info]   * ASCI_SEARCH DUR = 2.94e-01 s
[2026-01-21 07:14:06.944] [ci_solver] [info] [Selected CI Solver]:
[2026-01-21 07:14:06.945] [ci_solver] [info]   NDETS =   6400, MATEL_TOL = 2.22045e-16, RES_TOL = 1.00000e-06, MAX_SUB =  200
[2026-01-21 07:14:07.016] [ci_solver] [info]   NNZ   = 1941712, H_DUR     = 7.08248e+01 ms
[2026-01-21 07:14:07.016] [ci_solver] [info]   HMEM_LOC = 2.90e-02 GiB
[2026-01-21 07:14:07.016] [ci_solver] [info]   H_SPARSE = 4.74e+00%
[2026-01-21 07:14:07.018] [ci_solver] [info]   * Will generate identity guess
[2026-01-21 07:14:07.020] [davidson] [info] [Davidson Eigensolver]:
[2026-01-21 07:14:07.020] [davidson] [info]   N =   6400, MAX_M =  200, RES_TOL = 1.00000e-06
[2026-01-21 07:14:07.022] [davidson] [info] iter =    1, LAM(0) =  -1.078139197452e+02, RNORM =   1.067934960575e-01
[2026-01-21 07:14:07.027] [davidson] [info] iter =    2, LAM(0) =  -1.078222542527e+02, RNORM =   2.260386386343e-02
[2026-01-21 07:14:07.027] [davidson] [info] iter =    3, LAM(0) =  -1.078225607342e+02, RNORM =   6.730514913479e-03
[2026-01-21 07:14:07.027] [davidson] [info] iter =    4, LAM(0) =  -1.078225876259e+02, RNORM =   1.907393615821e-03
[2026-01-21 07:14:07.028] [davidson] [info] iter =    5, LAM(0) =  -1.078225901847e+02, RNORM =   5.800863649708e-04
[2026-01-21 07:14:07.040] [davidson] [info] iter =    6, LAM(0) =  -1.078225904026e+02, RNORM =   1.725820696277e-04
[2026-01-21 07:14:07.058] [davidson] [info] iter =    7, LAM(0) =  -1.078225904224e+02, RNORM =   4.522955074659e-05
[2026-01-21 07:14:07.086] [davidson] [info] iter =    8, LAM(0) =  -1.078225904237e+02, RNORM =   1.273668500572e-05
[2026-01-21 07:14:07.098] [davidson] [info] iter =    9, LAM(0) =  -1.078225904238e+02, RNORM =   3.401564367631e-06
[2026-01-21 07:14:07.121] [davidson] [info] iter =   10, LAM(0) =  -1.078225904238e+02, RNORM =   9.752687003750e-07
[2026-01-21 07:14:07.121] [davidson] [info] Davidson Converged!
[2026-01-21 07:14:07.121] [ci_solver] [info]   DAV_NITER =   10, E0 = -1.078226e+02 Eh, DAVIDSON_DUR = 1.01843e+02 ms
[2026-01-21 07:14:07.121] [asci_grow] [info] iter =    3, E0 =  -1.078225904238e+02, dE =  -1.578786e-02, WFN_SIZE = 6400
[2026-01-21 07:14:07.122] [asci_search] [info] [ASCI Search Settings]:
[2026-01-21 07:14:07.122] [asci_search] [info]   NCDETS =    100, NDETS_MAX =     51200, H_EL_TOL = 1.000000e-08, RV_TOL = 1.000000e-08
[2026-01-21 07:14:07.122] [asci_search] [info]   MAX_RV_SIZE = 500000000, JUST_SINGLES = false
[2026-01-21 07:14:07.122] [asci_search] [info]   CDET_SUM = 9.78e-01
[2026-01-21 07:14:07.122] [asci_search] [info]   * Will Generate up to Quintuplets
[2026-01-21 07:14:07.144] [asci_search] [info]   * GEN_DUR = 2.13e+01 ms
[2026-01-21 07:14:07.372] [asci_search] [info]   * ASCI Kept 608735 Pairs
[2026-01-21 07:14:07.372] [asci_search] [info]   * Pairs Mem = 1.36e-02 GiB
[2026-01-21 07:14:07.398] [asci_search] [info]   * ASCI will search over 608735 unique determinants
[2026-01-21 07:14:07.398] [asci_search] [info]   * PAIR_DUR = 2.50e-01 s, SORT_ACC_DUR = 2.62e-02 s
[2026-01-21 07:14:07.399] [asci_search] [info]   * KEEP_LARG_DUR = 1.07e-03 s
[2026-01-21 07:14:07.411] [asci_search] [info]   * Kth Score Pivot = 3.2379061935297944e-05
[2026-01-21 07:14:07.413] [asci_search] [info]   * ASCI_SORT_DUR = 1.35e-02 s
[2026-01-21 07:14:07.413] [asci_search] [info]   * New Dets Mem = 3.81e-04 GiB
[2026-01-21 07:14:07.414] [asci_search] [info]   * ASCI_SEARCH DUR = 2.92e-01 s
[2026-01-21 07:14:07.418] [ci_solver] [info] [Selected CI Solver]:
[2026-01-21 07:14:07.418] [ci_solver] [info]   NDETS =  51200, MATEL_TOL = 2.22045e-16, RES_TOL = 1.00000e-06, MAX_SUB =  200
[2026-01-21 07:14:08.023] [ci_solver] [info]   NNZ   = 18241850, H_DUR     = 6.05103e+02 ms
[2026-01-21 07:14:08.023] [ci_solver] [info]   HMEM_LOC = 2.72e-01 GiB
[2026-01-21 07:14:08.023] [ci_solver] [info]   H_SPARSE = 6.96e-01%
[2026-01-21 07:14:08.048] [ci_solver] [info]   * Will generate identity guess
[2026-01-21 07:14:08.073] [davidson] [info] [Davidson Eigensolver]:
[2026-01-21 07:14:08.073] [davidson] [info]   N =  51200, MAX_M =  200, RES_TOL = 1.00000e-06
[2026-01-21 07:14:08.105] [davidson] [info] iter =    1, LAM(0) =  -1.078141240625e+02, RNORM =   1.265921959061e-01
[2026-01-21 07:14:08.108] [davidson] [info] iter =    2, LAM(0) =  -1.078239893575e+02, RNORM =   4.355995393623e-02
[2026-01-21 07:14:08.114] [davidson] [info] iter =    3, LAM(0) =  -1.078247877230e+02, RNORM =   1.431253641830e-02
[2026-01-21 07:14:08.138] [davidson] [info] iter =    4, LAM(0) =  -1.078248888552e+02, RNORM =   4.720689135681e-03
[2026-01-21 07:14:08.174] [davidson] [info] iter =    5, LAM(0) =  -1.078249007350e+02, RNORM =   1.716828169113e-03
[2026-01-21 07:14:08.208] [davidson] [info] iter =    6, LAM(0) =  -1.078249023351e+02, RNORM =   6.460287061720e-04
[2026-01-21 07:14:08.246] [davidson] [info] iter =    7, LAM(0) =  -1.078249025474e+02, RNORM =   2.085437359932e-04
[2026-01-21 07:14:08.284] [davidson] [info] iter =    8, LAM(0) =  -1.078249025689e+02, RNORM =   7.678840952256e-05
[2026-01-21 07:14:08.322] [davidson] [info] iter =    9, LAM(0) =  -1.078249025718e+02, RNORM =   2.620620724039e-05
[2026-01-21 07:14:08.361] [davidson] [info] iter =   10, LAM(0) =  -1.078249025722e+02, RNORM =   9.050609616805e-06
[2026-01-21 07:14:08.397] [davidson] [info] iter =   11, LAM(0) =  -1.078249025722e+02, RNORM =   3.131664794092e-06
[2026-01-21 07:14:08.436] [davidson] [info] iter =   12, LAM(0) =  -1.078249025722e+02, RNORM =   1.005079860442e-06
[2026-01-21 07:14:08.479] [davidson] [info] iter =   13, LAM(0) =  -1.078249025722e+02, RNORM =   3.079788722707e-07
[2026-01-21 07:14:08.479] [davidson] [info] Davidson Converged!
[2026-01-21 07:14:08.479] [ci_solver] [info]   DAV_NITER =   13, E0 = -1.078249e+02 Eh, DAVIDSON_DUR = 4.06233e+02 ms
[2026-01-21 07:14:08.479] [asci_grow] [info] iter =    4, E0 =  -1.078249025722e+02, dE =  -2.312148e-03, WFN_SIZE = 51200
[2026-01-21 07:14:08.484] [asci_search] [info] [ASCI Search Settings]:
[2026-01-21 07:14:08.485] [asci_search] [info]   NCDETS =    100, NDETS_MAX =    100000, H_EL_TOL = 1.000000e-08, RV_TOL = 1.000000e-08
[2026-01-21 07:14:08.485] [asci_search] [info]   MAX_RV_SIZE = 500000000, JUST_SINGLES = false
[2026-01-21 07:14:08.485] [asci_search] [info]   CDET_SUM = 9.76e-01
[2026-01-21 07:14:08.485] [asci_search] [info]   * Will Generate up to Quintuplets
[2026-01-21 07:14:08.509] [asci_search] [info]   * GEN_DUR = 2.30e+01 ms
[2026-01-21 07:14:08.696] [asci_search] [info]   * ASCI Kept 608772 Pairs
[2026-01-21 07:14:08.697] [asci_search] [info]   * Pairs Mem = 1.36e-02 GiB
[2026-01-21 07:14:08.723] [asci_search] [info]   * ASCI will search over 608772 unique determinants
[2026-01-21 07:14:08.723] [asci_search] [info]   * PAIR_DUR = 2.11e-01 s, SORT_ACC_DUR = 2.63e-02 s
[2026-01-21 07:14:08.724] [asci_search] [info]   * KEEP_LARG_DUR = 1.09e-03 s
[2026-01-21 07:14:08.736] [asci_search] [info]   * Kth Score Pivot = 1.8686004382944921e-05
[2026-01-21 07:14:08.738] [asci_search] [info]   * ASCI_SORT_DUR = 1.41e-02 s
[2026-01-21 07:14:08.739] [asci_search] [info]   * New Dets Mem = 7.45e-04 GiB
[2026-01-21 07:14:08.739] [asci_search] [info]   * ASCI_SEARCH DUR = 2.54e-01 s
[2026-01-21 07:14:08.747] [ci_solver] [info] [Selected CI Solver]:
[2026-01-21 07:14:08.747] [ci_solver] [info]   NDETS = 100000, MATEL_TOL = 2.22045e-16, RES_TOL = 1.00000e-06, MAX_SUB =  200
[2026-01-21 07:14:10.121] [ci_solver] [info]   NNZ   = 40824898, H_DUR     = 1.37440e+03 ms
[2026-01-21 07:14:10.121] [ci_solver] [info]   HMEM_LOC = 6.09e-01 GiB
[2026-01-21 07:14:10.121] [ci_solver] [info]   H_SPARSE = 4.08e-01%
[2026-01-21 07:14:10.170] [ci_solver] [info]   * Will generate identity guess
[2026-01-21 07:14:10.223] [davidson] [info] [Davidson Eigensolver]:
[2026-01-21 07:14:10.223] [davidson] [info]   N = 100000, MAX_M =  200, RES_TOL = 1.00000e-06
[2026-01-21 07:14:10.308] [davidson] [info] iter =    1, LAM(0) =  -1.078141228018e+02, RNORM =   1.305827911276e-01
[2026-01-21 07:14:10.342] [davidson] [info] iter =    2, LAM(0) =  -1.078242197914e+02, RNORM =   4.692807252692e-02
[2026-01-21 07:14:10.388] [davidson] [info] iter =    3, LAM(0) =  -1.078251131892e+02, RNORM =   1.565271237338e-02
[2026-01-21 07:14:10.426] [davidson] [info] iter =    4, LAM(0) =  -1.078252288160e+02, RNORM =   5.339349586951e-03
[2026-01-21 07:14:10.476] [davidson] [info] iter =    5, LAM(0) =  -1.078252430860e+02, RNORM =   2.003962643579e-03
[2026-01-21 07:14:10.520] [davidson] [info] iter =    6, LAM(0) =  -1.078252451507e+02, RNORM =   7.701601884255e-04
[2026-01-21 07:14:10.563] [davidson] [info] iter =    7, LAM(0) =  -1.078252454440e+02, RNORM =   2.622983992298e-04
[2026-01-21 07:14:10.615] [davidson] [info] iter =    8, LAM(0) =  -1.078252454770e+02, RNORM =   1.003073808026e-04
[2026-01-21 07:14:10.676] [davidson] [info] iter =    9, LAM(0) =  -1.078252454817e+02, RNORM =   3.645163804743e-05
[2026-01-21 07:14:10.734] [davidson] [info] iter =   10, LAM(0) =  -1.078252454824e+02, RNORM =   1.293217668988e-05
[2026-01-21 07:14:10.784] [davidson] [info] iter =   11, LAM(0) =  -1.078252454825e+02, RNORM =   4.545200312091e-06
[2026-01-21 07:14:10.839] [davidson] [info] iter =   12, LAM(0) =  -1.078252454825e+02, RNORM =   1.495825445271e-06
[2026-01-21 07:14:10.898] [davidson] [info] iter =   13, LAM(0) =  -1.078252454825e+02, RNORM =   4.769548503282e-07
[2026-01-21 07:14:10.899] [davidson] [info] Davidson Converged!
[2026-01-21 07:14:10.899] [ci_solver] [info]   DAV_NITER =   13, E0 = -1.078252e+02 Eh, DAVIDSON_DUR = 6.76553e+02 ms
[2026-01-21 07:14:10.900] [asci_grow] [info] iter =    5, E0 =  -1.078252454825e+02, dE =  -3.429103e-04, WFN_SIZE = 100000
[2026-01-21 07:14:10.900] [asci_grow] [info] * GROW_DUR = 4.99e+03 ms
[2026-01-21 07:14:10.900] [asci_refine] [info] [ASCI Refine Settings]:
[2026-01-21 07:14:10.900] [asci_refine] [info]   NTDETS = 100000, NCDETS =    100, MAX_REFINE_ITER =    6, REFINE_TOL = 1.00e-06
[2026-01-21 07:14:10.900] [asci_refine] [info] iter =    0, E0 =  -1.078252454825e+02, dE =   0.000000e+00
[2026-01-21 07:14:10.910] [asci_search] [info] [ASCI Search Settings]:
[2026-01-21 07:14:10.910] [asci_search] [info]   NCDETS =    100, NDETS_MAX =    100000, H_EL_TOL = 1.000000e-08, RV_TOL = 1.000000e-08
[2026-01-21 07:14:10.910] [asci_search] [info]   MAX_RV_SIZE = 500000000, JUST_SINGLES = false
[2026-01-21 07:14:10.910] [asci_search] [info]   CDET_SUM = 9.75e-01
[2026-01-21 07:14:10.910] [asci_search] [info]   * Will Generate up to Quintuplets
[2026-01-21 07:14:10.934] [asci_search] [info]   * GEN_DUR = 2.31e+01 ms
[2026-01-21 07:14:11.458] [asci_search] [info]   * ASCI Kept 609090 Pairs
[2026-01-21 07:14:11.458] [asci_search] [info]   * Pairs Mem = 1.36e-02 GiB
[2026-01-21 07:14:11.485] [asci_search] [info]   * ASCI will search over 609090 unique determinants
[2026-01-21 07:14:11.485] [asci_search] [info]   * PAIR_DUR = 5.49e-01 s, SORT_ACC_DUR = 2.62e-02 s
[2026-01-21 07:14:11.486] [asci_search] [info]   * KEEP_LARG_DUR = 1.05e-03 s
[2026-01-21 07:14:11.497] [asci_search] [info]   * Kth Score Pivot = 1.8797710806568119e-05
[2026-01-21 07:14:11.499] [asci_search] [info]   * ASCI_SORT_DUR = 1.35e-02 s
[2026-01-21 07:14:11.500] [asci_search] [info]   * New Dets Mem = 7.45e-04 GiB
[2026-01-21 07:14:11.500] [asci_search] [info]   * ASCI_SEARCH DUR = 5.91e-01 s
[2026-01-21 07:14:11.508] [ci_solver] [info] [Selected CI Solver]:
[2026-01-21 07:14:11.508] [ci_solver] [info]   NDETS = 100000, MATEL_TOL = 2.22045e-16, RES_TOL = 1.00000e-06, MAX_SUB =  200
[2026-01-21 07:14:12.805] [ci_solver] [info]   NNZ   = 40806178, H_DUR     = 1.29756e+03 ms
[2026-01-21 07:14:12.805] [ci_solver] [info]   HMEM_LOC = 6.09e-01 GiB
[2026-01-21 07:14:12.805] [ci_solver] [info]   H_SPARSE = 4.08e-01%
[2026-01-21 07:14:12.855] [ci_solver] [info]   * Will generate identity guess
[2026-01-21 07:14:12.902] [davidson] [info] [Davidson Eigensolver]:
[2026-01-21 07:14:12.902] [davidson] [info]   N = 100000, MAX_M =  200, RES_TOL = 1.00000e-06
[2026-01-21 07:14:12.956] [davidson] [info] iter =    1, LAM(0) =  -1.078141218085e+02, RNORM =   1.305896730341e-01
[2026-01-21 07:14:12.981] [davidson] [info] iter =    2, LAM(0) =  -1.078242180545e+02, RNORM =   4.696521979128e-02
[2026-01-21 07:14:13.023] [davidson] [info] iter =    3, LAM(0) =  -1.078251122102e+02, RNORM =   1.567768236343e-02
[2026-01-21 07:14:13.072] [davidson] [info] iter =    4, LAM(0) =  -1.078252281248e+02, RNORM =   5.341139275864e-03
[2026-01-21 07:14:13.112] [davidson] [info] iter =    5, LAM(0) =  -1.078252424079e+02, RNORM =   2.002662343817e-03
[2026-01-21 07:14:13.154] [davidson] [info] iter =    6, LAM(0) =  -1.078252444712e+02, RNORM =   7.698894235541e-04
[2026-01-21 07:14:13.209] [davidson] [info] iter =    7, LAM(0) =  -1.078252447641e+02, RNORM =   2.624258205931e-04
[2026-01-21 07:14:13.310] [davidson] [info] iter =    8, LAM(0) =  -1.078252447971e+02, RNORM =   1.003321438962e-04
[2026-01-21 07:14:13.370] [davidson] [info] iter =    9, LAM(0) =  -1.078252448019e+02, RNORM =   3.648219236386e-05
[2026-01-21 07:14:13.430] [davidson] [info] iter =   10, LAM(0) =  -1.078252448026e+02, RNORM =   1.294764429455e-05
[2026-01-21 07:14:13.530] [davidson] [info] iter =   11, LAM(0) =  -1.078252448027e+02, RNORM =   4.545017364830e-06
[2026-01-21 07:14:13.626] [davidson] [info] iter =   12, LAM(0) =  -1.078252448027e+02, RNORM =   1.497162710836e-06
[2026-01-21 07:14:13.699] [davidson] [info] iter =   13, LAM(0) =  -1.078252448027e+02, RNORM =   4.797445866589e-07
[2026-01-21 07:14:13.699] [davidson] [info] Davidson Converged!
[2026-01-21 07:14:13.700] [ci_solver] [info]   DAV_NITER =   13, E0 = -1.078252e+02 Eh, DAVIDSON_DUR = 7.98000e+02 ms
[2026-01-21 07:14:13.704] [asci_refine] [info] iter =    1, E0 =  -1.078252448027e+02, dE =   6.798600e-07
[2026-01-21 07:14:13.704] [asci_refine] [info] ASCI Refine Converged!
[2026-01-21 07:14:26.480105] [info] [sample_sci_workflow] CASCI energy = -208.04576180 Hartree
[2026-01-21 07:14:26.480401] [info] [qdk:chemistry:algorithms:microsoft:active_space:autocas_active_space] AutoCAS::Starting active space selection.
[2026-01-21 07:14:26.482192] [info] [qdk:chemistry:algorithms:active_space] Max entropy: 0.177772
[2026-01-21 07:14:26.482208] [info] [qdk:chemistry:algorithms:active_space] Normalized orbital entropies:
[2026-01-21 07:14:26.482214] [info] [qdk:chemistry:algorithms:active_space]   Orbital index   Normalized Entropy   Raw Entropy
[2026-01-21 07:14:26.482224] [info] [qdk:chemistry:algorithms:active_space]              17             1.000000      0.177772
[2026-01-21 07:14:26.482229] [info] [qdk:chemistry:algorithms:active_space]              15             0.639627      0.113708
[2026-01-21 07:14:26.482236] [info] [qdk:chemistry:algorithms:active_space]              13             0.597174      0.106161
[2026-01-21 07:14:26.482241] [info] [qdk:chemistry:algorithms:active_space]              14             0.342089      0.060814
[2026-01-21 07:14:26.482253] [info] [qdk:chemistry:algorithms:active_space]              24             0.327083      0.058146
[2026-01-21 07:14:26.482258] [info] [qdk:chemistry:algorithms:active_space]              20             0.306851      0.054549
[2026-01-21 07:14:26.482263] [info] [qdk:chemistry:algorithms:active_space]              10             0.276297      0.049118
[2026-01-21 07:14:26.482268] [info] [qdk:chemistry:algorithms:active_space]              22             0.259822      0.046189
[2026-01-21 07:14:26.482274] [info] [qdk:chemistry:algorithms:active_space]              16             0.246521      0.043824
[2026-01-21 07:14:26.482279] [info] [qdk:chemistry:algorithms:active_space]               7             0.228542      0.040628
[2026-01-21 07:14:26.482284] [info] [qdk:chemistry:algorithms:active_space]              21             0.221768      0.039424
[2026-01-21 07:14:26.482289] [info] [qdk:chemistry:algorithms:active_space]              23             0.205059      0.036454
[2026-01-21 07:14:26.482294] [info] [qdk:chemistry:algorithms:active_space]               8             0.203010      0.036089
[2026-01-21 07:14:26.482299] [info] [qdk:chemistry:algorithms:active_space]              11             0.193797      0.034452
[2026-01-21 07:14:26.482304] [info] [qdk:chemistry:algorithms:active_space]              12             0.191552      0.034053
[2026-01-21 07:14:26.482309] [info] [qdk:chemistry:algorithms:active_space]              19             0.191222      0.033994
[2026-01-21 07:14:26.482314] [info] [qdk:chemistry:algorithms:active_space]               9             0.190668      0.033895
[2026-01-21 07:14:26.482319] [info] [qdk:chemistry:algorithms:active_space]              18             0.167409      0.029761
[2026-01-21 07:14:26.482324] [info] [qdk:chemistry:algorithms:active_space]               6             0.148585      0.026414
[2026-01-21 07:14:26.482329] [info] [qdk:chemistry:algorithms:active_space]               5             0.113379      0.020156
[2026-01-21 07:14:26.482336] [info] [qdk:chemistry:algorithms:active_space]               4             0.085983      0.015285
[2026-01-21 07:14:26.483891] [info] [qdk:chemistry:algorithms:microsoft:active_space:autocas_active_space] Identified 2 plateaus.
[2026-01-21 07:14:26.484773] [info] [qdk:chemistry:algorithms:microsoft:active_space:autocas_active_space] AutoCAS::Selected active space of 3 orbitals: 13, 15, 17
[2026-01-21 07:14:26.485445] [info] [sample_sci_workflow] AutoCAS selected active space with indices: [13, 15, 17]
[2026-01-21 07:14:27.545074] [info] [qdk:chemistry:algorithms:microsoft:macis_asci] Requested number of determinants (100000) exceeds FCI dimension (9).
[2026-01-21 07:14:27.545] [ci_solver] [info] [Selected CI Solver]:
[2026-01-21 07:14:27.545] [ci_solver] [info]   NDETS =      9, MATEL_TOL = 2.22045e-16, RES_TOL = 1.00000e-06, MAX_SUB =  200
[2026-01-21 07:14:27.687] [ci_solver] [info]   NNZ   =     81, H_DUR     = 1.41920e+02 ms
[2026-01-21 07:14:27.687] [ci_solver] [info]   HMEM_LOC = 1.28e-06 GiB
[2026-01-21 07:14:27.687] [ci_solver] [info]   H_SPARSE = 1.00e+02%
[2026-01-21 07:14:27.687] [ci_solver] [info]   * Will generate identity guess
[2026-01-21 07:14:27.687] [davidson] [info] [Davidson Eigensolver]:
[2026-01-21 07:14:27.687] [davidson] [info]   N =      9, MAX_M =    9, RES_TOL = 1.00000e-06
[2026-01-21 07:14:27.733] [davidson] [info] iter =    1, LAM(0) =  -3.796661372808e+00, RNORM =   1.909734208997e-02
[2026-01-21 07:14:27.755] [davidson] [info] iter =    2, LAM(0) =  -3.797306770787e+00, RNORM =   2.840925542012e-03
[2026-01-21 07:14:27.779] [davidson] [info] iter =    3, LAM(0) =  -3.797317463342e+00, RNORM =   5.830127915779e-04
[2026-01-21 07:14:27.793] [davidson] [info] iter =    4, LAM(0) =  -3.797317823785e+00, RNORM =   6.929589683688e-05
[2026-01-21 07:14:27.826] [davidson] [info] iter =    5, LAM(0) =  -3.797317835309e+00, RNORM =   4.713342965296e-16
[2026-01-21 07:14:27.826] [davidson] [info] Davidson Converged!
[2026-01-21 07:14:27.826] [ci_solver] [info]   DAV_NITER =    5, E0 = -3.797318e+00 Eh, DAVIDSON_DUR = 1.39471e+02 ms
[2026-01-21 07:14:27.852171] [info] [sample_sci_workflow] Hamiltonian Summary:
  Type: Hermitian
  Restrictedness: Restricted
  Active Orbitals: 3
  Total Orbitals: 81
  Core Energy: -204.192672
  Integral Statistics:
    One-body Integrals (alpha): 9 (larger than 0.000001: 9)
    Two-body Integrals (aaaa): 81 (larger than 0.000001: 81)

[2026-01-21 07:14:27.852371] [info] [sample_sci_workflow] AutoCAS energy = -207.98998954 Hartree
[2026-01-21 07:14:28.402469] [info] [qdk_chemistry.utils.wavefunction] Sparse CI finder (5 dets) = -207.98955203 Hartree (ΔE = 0.4375 mHartree)
[2026-01-21 07:14:28.405751] [info] [sample_sci_workflow] Sparse CI energy = -207.98955203 Hartree
[2026-01-21 07:14:28.407154] [info] [sample_sci_workflow] Stored wavefunction with 5 determinants
Determinants:
  220: -0.99434365
  202: 0.07356894
  022: 0.05897038
  ud2: -0.03457461
  du2: -0.03457461


=== WORKFLOW END ===
End: 2026-01-21T07:14:29.014170
Elapsed seconds: 31.254222
