=== WORKFLOW START ===
Start: 2026-01-21T06:40:21.276593
Command: python sample_sci_workflow.py --xyz Validation-2026-01-20-aab310b108342456bf6b1017d01ccb8e31d2d52d/structures/1_molecules/mol024546_data_122088.structure.xyz --initial-active-space-solver macis_asci --autocas --max-determinants 100

[2026-01-21 06:40:24.105018] [info] [sample_sci_workflow] Structure Summary:
  Number of atoms: 15
  Composition: H9, N1, C5
  Total mass: 83.134 AMU
  Nuclear Repulsion Energy: 236.231 Eh

[2026-01-21 06:40:27.178182] [info] [sample_sci_workflow] SCF energy = -249.04059686 Hartree
[2026-01-21 06:40:27.178767] [info] [qdk:chemistry:algorithms:microsoft:active_space:valence_active_space] ValenceActiveSpaceSelector::Starting active space selection.
[2026-01-21 06:40:27.179911] [info] [qdk:chemistry:algorithms:microsoft:active_space:valence_active_space] ValenceActiveSpaceSelector::Selected active space of 33 orbitals: 6, 7, 8, 9, 10, 11, 12, 13, 14, 15, 16, 17, 18, 19, 20, 21, 22, 23, 24, 25, 26, 27, 28, 29, 30, 31, 32, 33, 34, 35, 36, 37, 38
[2026-01-21 06:40:27.181906] [info] [sample_sci_workflow] Orbitals Summary:
  AOs: 129
  MOs: 129
  Type: Restricted
  Has overlap: Yes
  Has basis set: Yes
  Valid: Yes
  Has active space: Yes
  Active Orbitals: α=33, β=33
  Has inactive space: Yes
  Inactive Orbitals: α=6, β=6
  Virtual Orbitals: α=90, β=90

[2026-01-21 06:40:50.985365] [info] [sample_sci_workflow] Hamiltonian Summary:
  Type: Hermitian
  Restrictedness: Restricted
  Active Orbitals: 33
  Total Orbitals: 129
  Core Energy: -78.261112
  Integral Statistics:
    One-body Integrals (alpha): 1089 (larger than 0.000001: 1089)
    Two-body Integrals (aaaa): 1185921 (larger than 0.000001: 1184769)

[2026-01-21 06:40:50.995] [asci_grow] [info] [ASCI Grow Settings]:
[2026-01-21 06:40:50.995] [asci_grow] [info]   NTDETS_MAX = 100000, NCDETS_MAX =    100, GROW_FACTOR = 8
[2026-01-21 06:40:50.995] [asci_grow] [info] iter =    0, E0 =  -1.707794850938e+02, dE =   0.000000e+00, WFN_SIZE = 1
[2026-01-21 06:40:50.995] [asci_search] [info] [ASCI Search Settings]:
[2026-01-21 06:40:50.995] [asci_search] [info]   NCDETS =      1, NDETS_MAX =       100, H_EL_TOL = 1.000000e-08, RV_TOL = 1.000000e-08
[2026-01-21 06:40:50.995] [asci_search] [info]   MAX_RV_SIZE = 500000000, JUST_SINGLES = false
[2026-01-21 06:40:50.995] [asci_search] [info]   CDET_SUM = 1.00e+00
[2026-01-21 06:40:50.995] [asci_search] [info]   * Will Generate up to Quintuplets
[2026-01-21 06:40:51.024] [asci_search] [info]   * GEN_DUR = 2.84e+01 ms
[2026-01-21 06:40:51.187] [asci_search] [info]   * ASCI Kept 107127 Pairs
[2026-01-21 06:40:51.187] [asci_search] [info]   * Pairs Mem = 3.19e-03 GiB
[2026-01-21 06:40:51.191] [asci_search] [info]   * ASCI will search over 107127 unique determinants
[2026-01-21 06:40:51.191] [asci_search] [info]   * PAIR_DUR = 1.92e-01 s, SORT_ACC_DUR = 4.17e-03 s
[2026-01-21 06:40:51.192] [asci_search] [info]   * KEEP_LARG_DUR = 1.63e-04 s
[2026-01-21 06:40:51.205] [asci_search] [info]   * Kth Score Pivot = 7.7615675591911877e-03
[2026-01-21 06:40:51.205] [asci_search] [info]   * ASCI_SORT_DUR = 2.47e-03 s
[2026-01-21 06:40:51.206] [asci_search] [info]   * New Dets Mem = 1.49e-06 GiB
[2026-01-21 06:40:51.206] [asci_search] [info]   * ASCI_SEARCH DUR = 2.11e-01 s
[2026-01-21 06:40:51.206] [ci_solver] [info] [Selected CI Solver]:
[2026-01-21 06:40:51.206] [ci_solver] [info]   NDETS =    100, MATEL_TOL = 2.22045e-16, RES_TOL = 1.00000e-06, MAX_SUB =  200
[2026-01-21 06:40:51.321] [ci_solver] [info]   NNZ   =   2950, H_DUR     = 1.15003e+02 ms
[2026-01-21 06:40:51.321] [ci_solver] [info]   HMEM_LOC = 4.47e-05 GiB
[2026-01-21 06:40:51.321] [ci_solver] [info]   H_SPARSE = 2.95e+01%
[2026-01-21 06:40:51.321] [ci_solver] [info]   * Will generate identity guess
[2026-01-21 06:40:51.321] [davidson] [info] [Davidson Eigensolver]:
[2026-01-21 06:40:51.321] [davidson] [info]   N =    100, MAX_M =  100, RES_TOL = 1.00000e-06
[2026-01-21 06:40:51.367] [davidson] [info] iter =    1, LAM(0) =  -1.707979056130e+02, RNORM =   6.198747124222e-02
[2026-01-21 06:40:51.389] [davidson] [info] iter =    2, LAM(0) =  -1.708014421927e+02, RNORM =   5.761205190566e-03
[2026-01-21 06:40:51.412] [davidson] [info] iter =    3, LAM(0) =  -1.708014701501e+02, RNORM =   4.501318454285e-04
[2026-01-21 06:40:51.435] [davidson] [info] iter =    4, LAM(0) =  -1.708014703018e+02, RNORM =   5.047836284410e-05
[2026-01-21 06:40:51.458] [davidson] [info] iter =    5, LAM(0) =  -1.708014703038e+02, RNORM =   4.715993200814e-06
[2026-01-21 06:40:51.480] [davidson] [info] iter =    6, LAM(0) =  -1.708014703038e+02, RNORM =   5.226223284216e-07
[2026-01-21 06:40:51.480] [davidson] [info] Davidson Converged!
[2026-01-21 06:40:51.480] [ci_solver] [info]   DAV_NITER =    6, E0 = -1.708015e+02 Eh, DAVIDSON_DUR = 1.59042e+02 ms
[2026-01-21 06:40:51.480] [asci_grow] [info] iter =    1, E0 =  -1.708014703038e+02, dE =  -2.198521e-02, WFN_SIZE = 100
[2026-01-21 06:40:51.480] [asci_search] [info] [ASCI Search Settings]:
[2026-01-21 06:40:51.480] [asci_search] [info]   NCDETS =    100, NDETS_MAX =       800, H_EL_TOL = 1.000000e-08, RV_TOL = 1.000000e-08
[2026-01-21 06:40:51.480] [asci_search] [info]   MAX_RV_SIZE = 500000000, JUST_SINGLES = false
[2026-01-21 06:40:51.480] [asci_search] [info]   CDET_SUM = 1.00e+00
[2026-01-21 06:40:51.481] [asci_search] [info]   * Will Generate up to Quintuplets
[2026-01-21 06:40:51.503] [asci_search] [info]   * GEN_DUR = 2.23e+01 ms
[2026-01-21 06:40:54.130] [asci_search] [info]   * ASCI Kept 8478025 Pairs
[2026-01-21 06:40:54.130] [asci_search] [info]   * Pairs Mem = 2.53e-01 GiB
[2026-01-21 06:40:54.695] [asci_search] [info]   * ASCI will search over 8478025 unique determinants
[2026-01-21 06:40:54.695] [asci_search] [info]   * PAIR_DUR = 2.65e+00 s, SORT_ACC_DUR = 5.65e-01 s
[2026-01-21 06:40:54.721] [asci_search] [info]   * KEEP_LARG_DUR = 2.63e-02 s
[2026-01-21 06:40:54.799] [asci_search] [info]   * Kth Score Pivot = 3.4167721004380565e-03
[2026-01-21 06:40:54.857] [asci_search] [info]   * ASCI_SORT_DUR = 1.35e-01 s
[2026-01-21 06:40:54.857] [asci_search] [info]   * New Dets Mem = 1.19e-05 GiB
[2026-01-21 06:40:54.857] [asci_search] [info]   * ASCI_SEARCH DUR = 3.38e+00 s
[2026-01-21 06:40:54.857] [ci_solver] [info] [Selected CI Solver]:
[2026-01-21 06:40:54.857] [ci_solver] [info]   NDETS =    800, MATEL_TOL = 2.22045e-16, RES_TOL = 1.00000e-06, MAX_SUB =  200
[2026-01-21 06:40:54.971] [ci_solver] [info]   NNZ   =  53040, H_DUR     = 1.14512e+02 ms
[2026-01-21 06:40:54.971] [ci_solver] [info]   HMEM_LOC = 7.96e-04 GiB
[2026-01-21 06:40:54.971] [ci_solver] [info]   H_SPARSE = 8.29e+00%
[2026-01-21 06:40:54.971] [ci_solver] [info]   * Will generate identity guess
[2026-01-21 06:40:54.971] [davidson] [info] [Davidson Eigensolver]:
[2026-01-21 06:40:54.971] [davidson] [info]   N =    800, MAX_M =  200, RES_TOL = 1.00000e-06
[2026-01-21 06:40:54.983] [davidson] [info] iter =    1, LAM(0) =  -1.708138617164e+02, RNORM =   8.273014473890e-02
[2026-01-21 06:40:54.983] [davidson] [info] iter =    2, LAM(0) =  -1.708195203304e+02, RNORM =   1.456330675470e-02
[2026-01-21 06:40:54.983] [davidson] [info] iter =    3, LAM(0) =  -1.708196795763e+02, RNORM =   1.749470718855e-03
[2026-01-21 06:40:54.983] [davidson] [info] iter =    4, LAM(0) =  -1.708196820647e+02, RNORM =   2.028535261002e-04
[2026-01-21 06:40:54.993] [davidson] [info] iter =    5, LAM(0) =  -1.708196821014e+02, RNORM =   2.975895584628e-05
[2026-01-21 06:40:55.007] [davidson] [info] iter =    6, LAM(0) =  -1.708196821021e+02, RNORM =   4.060034207300e-06
[2026-01-21 06:40:55.029] [davidson] [info] iter =    7, LAM(0) =  -1.708196821021e+02, RNORM =   5.270332858390e-07
[2026-01-21 06:40:55.029] [davidson] [info] Davidson Converged!
[2026-01-21 06:40:55.029] [ci_solver] [info]   DAV_NITER =    7, E0 = -1.708197e+02 Eh, DAVIDSON_DUR = 5.78217e+01 ms
[2026-01-21 06:40:55.029] [asci_grow] [info] iter =    2, E0 =  -1.708196821021e+02, dE =  -1.821180e-02, WFN_SIZE = 800
[2026-01-21 06:40:55.029] [asci_search] [info] [ASCI Search Settings]:
[2026-01-21 06:40:55.029] [asci_search] [info]   NCDETS =    100, NDETS_MAX =      6400, H_EL_TOL = 1.000000e-08, RV_TOL = 1.000000e-08
[2026-01-21 06:40:55.029] [asci_search] [info]   MAX_RV_SIZE = 500000000, JUST_SINGLES = false
[2026-01-21 06:40:55.029] [asci_search] [info]   CDET_SUM = 9.87e-01
[2026-01-21 06:40:55.030] [asci_search] [info]   * Will Generate up to Quintuplets
[2026-01-21 06:40:55.052] [asci_search] [info]   * GEN_DUR = 2.25e+01 ms
[2026-01-21 06:40:57.711] [asci_search] [info]   * ASCI Kept 8245137 Pairs
[2026-01-21 06:40:57.711] [asci_search] [info]   * Pairs Mem = 2.46e-01 GiB
[2026-01-21 06:40:58.183] [asci_search] [info]   * ASCI will search over 8245137 unique determinants
[2026-01-21 06:40:58.183] [asci_search] [info]   * PAIR_DUR = 2.68e+00 s, SORT_ACC_DUR = 4.72e-01 s
[2026-01-21 06:40:58.200] [asci_search] [info]   * KEEP_LARG_DUR = 1.75e-02 s
[2026-01-21 06:40:58.271] [asci_search] [info]   * Kth Score Pivot = 1.4190396268106507e-03
[2026-01-21 06:40:58.308] [asci_search] [info]   * ASCI_SORT_DUR = 1.08e-01 s
[2026-01-21 06:40:58.308] [asci_search] [info]   * New Dets Mem = 9.54e-05 GiB
[2026-01-21 06:40:58.308] [asci_search] [info]   * ASCI_SEARCH DUR = 3.28e+00 s
[2026-01-21 06:40:58.309] [ci_solver] [info] [Selected CI Solver]:
[2026-01-21 06:40:58.309] [ci_solver] [info]   NDETS =   6400, MATEL_TOL = 2.22045e-16, RES_TOL = 1.00000e-06, MAX_SUB =  200
[2026-01-21 06:40:58.472] [ci_solver] [info]   NNZ   = 1333074, H_DUR     = 1.62277e+02 ms
[2026-01-21 06:40:58.472] [ci_solver] [info]   HMEM_LOC = 1.99e-02 GiB
[2026-01-21 06:40:58.472] [ci_solver] [info]   H_SPARSE = 3.25e+00%
[2026-01-21 06:40:58.473] [ci_solver] [info]   * Will generate identity guess
[2026-01-21 06:40:58.474] [davidson] [info] [Davidson Eigensolver]:
[2026-01-21 06:40:58.475] [davidson] [info]   N =   6400, MAX_M =  200, RES_TOL = 1.00000e-06
[2026-01-21 06:40:58.516] [davidson] [info] iter =    1, LAM(0) =  -1.708429329207e+02, RNORM =   9.357214049937e-02
[2026-01-21 06:40:58.539] [davidson] [info] iter =    2, LAM(0) =  -1.708495411837e+02, RNORM =   1.797342861960e-02
[2026-01-21 06:40:58.561] [davidson] [info] iter =    3, LAM(0) =  -1.708497620841e+02, RNORM =   3.196662924619e-03
[2026-01-21 06:40:58.584] [davidson] [info] iter =    4, LAM(0) =  -1.708497689073e+02, RNORM =   4.753059313395e-04
[2026-01-21 06:40:58.607] [davidson] [info] iter =    5, LAM(0) =  -1.708497690651e+02, RNORM =   7.395994445045e-05
[2026-01-21 06:40:58.640] [davidson] [info] iter =    6, LAM(0) =  -1.708497690693e+02, RNORM =   1.166877109491e-05
[2026-01-21 06:40:58.662] [davidson] [info] iter =    7, LAM(0) =  -1.708497690694e+02, RNORM =   1.845267314984e-06
[2026-01-21 06:40:58.687] [davidson] [info] iter =    8, LAM(0) =  -1.708497690694e+02, RNORM =   2.871402123319e-07
[2026-01-21 06:40:58.687] [davidson] [info] Davidson Converged!
[2026-01-21 06:40:58.687] [ci_solver] [info]   DAV_NITER =    8, E0 = -1.708498e+02 Eh, DAVIDSON_DUR = 2.12815e+02 ms
[2026-01-21 06:40:58.687] [asci_grow] [info] iter =    3, E0 =  -1.708497690694e+02, dE =  -3.008697e-02, WFN_SIZE = 6400
[2026-01-21 06:40:58.687] [asci_search] [info] [ASCI Search Settings]:
[2026-01-21 06:40:58.688] [asci_search] [info]   NCDETS =    100, NDETS_MAX =     51200, H_EL_TOL = 1.000000e-08, RV_TOL = 1.000000e-08
[2026-01-21 06:40:58.688] [asci_search] [info]   MAX_RV_SIZE = 500000000, JUST_SINGLES = false
[2026-01-21 06:40:58.688] [asci_search] [info]   CDET_SUM = 9.70e-01
[2026-01-21 06:40:58.688] [asci_search] [info]   * Will Generate up to Quintuplets
[2026-01-21 06:40:58.701] [asci_search] [info]   * GEN_DUR = 1.21e+01 ms
[2026-01-21 06:41:01.542] [asci_search] [info]   * ASCI Kept 8269773 Pairs
[2026-01-21 06:41:01.542] [asci_search] [info]   * Pairs Mem = 2.46e-01 GiB
[2026-01-21 06:41:02.034] [asci_search] [info]   * ASCI will search over 8269773 unique determinants
[2026-01-21 06:41:02.034] [asci_search] [info]   * PAIR_DUR = 2.85e+00 s, SORT_ACC_DUR = 4.91e-01 s
[2026-01-21 06:41:02.052] [asci_search] [info]   * KEEP_LARG_DUR = 1.76e-02 s
[2026-01-21 06:41:02.113] [asci_search] [info]   * Kth Score Pivot = 2.9635765358668593e-04
[2026-01-21 06:41:02.151] [asci_search] [info]   * ASCI_SORT_DUR = 9.92e-02 s
[2026-01-21 06:41:02.151] [asci_search] [info]   * New Dets Mem = 7.63e-04 GiB
[2026-01-21 06:41:02.152] [asci_search] [info]   * ASCI_SEARCH DUR = 3.46e+00 s
[2026-01-21 06:41:02.156] [ci_solver] [info] [Selected CI Solver]:
[2026-01-21 06:41:02.156] [ci_solver] [info]   NDETS =  51200, MATEL_TOL = 2.22045e-16, RES_TOL = 1.00000e-06, MAX_SUB =  200
[2026-01-21 06:41:06.473] [ci_solver] [info]   NNZ   = 53432138, H_DUR     = 4.31615e+03 ms
[2026-01-21 06:41:06.473] [ci_solver] [info]   HMEM_LOC = 7.97e-01 GiB
[2026-01-21 06:41:06.473] [ci_solver] [info]   H_SPARSE = 2.04e+00%
[2026-01-21 06:41:06.513] [ci_solver] [info]   * Will generate identity guess
[2026-01-21 06:41:06.548] [davidson] [info] [Davidson Eigensolver]:
[2026-01-21 06:41:06.548] [davidson] [info]   N =  51200, MAX_M =  200, RES_TOL = 1.00000e-06
[2026-01-21 06:41:06.608] [davidson] [info] iter =    1, LAM(0) =  -1.708704167831e+02, RNORM =   1.033599906424e-01
[2026-01-21 06:41:06.647] [davidson] [info] iter =    2, LAM(0) =  -1.708787054609e+02, RNORM =   1.905179028683e-02
[2026-01-21 06:41:06.669] [davidson] [info] iter =    3, LAM(0) =  -1.708789475490e+02, RNORM =   3.714113321299e-03
[2026-01-21 06:41:06.708] [davidson] [info] iter =    4, LAM(0) =  -1.708789563732e+02, RNORM =   7.112387031912e-04
[2026-01-21 06:41:06.746] [davidson] [info] iter =    5, LAM(0) =  -1.708789567126e+02, RNORM =   1.340471191115e-04
[2026-01-21 06:41:06.795] [davidson] [info] iter =    6, LAM(0) =  -1.708789567256e+02, RNORM =   2.848386548865e-05
[2026-01-21 06:41:06.835] [davidson] [info] iter =    7, LAM(0) =  -1.708789567262e+02, RNORM =   6.388513478403e-06
[2026-01-21 06:41:06.881] [davidson] [info] iter =    8, LAM(0) =  -1.708789567262e+02, RNORM =   1.342886013943e-06
[2026-01-21 06:41:06.932] [davidson] [info] iter =    9, LAM(0) =  -1.708789567262e+02, RNORM =   2.772467623993e-07
[2026-01-21 06:41:06.932] [davidson] [info] Davidson Converged!
[2026-01-21 06:41:06.933] [ci_solver] [info]   DAV_NITER =    9, E0 = -1.708790e+02 Eh, DAVIDSON_DUR = 3.84636e+02 ms
[2026-01-21 06:41:06.933] [asci_grow] [info] iter =    4, E0 =  -1.708789567262e+02, dE =  -2.918766e-02, WFN_SIZE = 51200
[2026-01-21 06:41:06.939] [asci_search] [info] [ASCI Search Settings]:
[2026-01-21 06:41:06.939] [asci_search] [info]   NCDETS =    100, NDETS_MAX =    100000, H_EL_TOL = 1.000000e-08, RV_TOL = 1.000000e-08
[2026-01-21 06:41:06.939] [asci_search] [info]   MAX_RV_SIZE = 500000000, JUST_SINGLES = false
[2026-01-21 06:41:06.939] [asci_search] [info]   CDET_SUM = 9.54e-01
[2026-01-21 06:41:06.939] [asci_search] [info]   * Will Generate up to Quintuplets
[2026-01-21 06:41:06.974] [asci_search] [info]   * GEN_DUR = 3.38e+01 ms
[2026-01-21 06:41:10.094] [asci_search] [info]   * ASCI Kept 8184704 Pairs
[2026-01-21 06:41:10.095] [asci_search] [info]   * Pairs Mem = 2.44e-01 GiB
[2026-01-21 06:41:10.560] [asci_search] [info]   * ASCI will search over 8184704 unique determinants
[2026-01-21 06:41:10.560] [asci_search] [info]   * PAIR_DUR = 3.16e+00 s, SORT_ACC_DUR = 4.65e-01 s
[2026-01-21 06:41:10.576] [asci_search] [info]   * KEEP_LARG_DUR = 1.64e-02 s
[2026-01-21 06:41:10.681] [asci_search] [info]   * Kth Score Pivot = 7.9917238226723275e-05
[2026-01-21 06:41:10.716] [asci_search] [info]   * ASCI_SORT_DUR = 1.40e-01 s
[2026-01-21 06:41:10.718] [asci_search] [info]   * New Dets Mem = 1.49e-03 GiB
[2026-01-21 06:41:10.718] [asci_search] [info]   * ASCI_SEARCH DUR = 3.78e+00 s
[2026-01-21 06:41:10.726] [ci_solver] [info] [Selected CI Solver]:
[2026-01-21 06:41:10.726] [ci_solver] [info]   NDETS = 100000, MATEL_TOL = 2.22045e-16, RES_TOL = 1.00000e-06, MAX_SUB =  200
[2026-01-21 06:41:23.639] [ci_solver] [info]   NNZ   = 157648710, H_DUR     = 1.29127e+04 ms
[2026-01-21 06:41:23.639] [ci_solver] [info]   HMEM_LOC = 2.35e+00 GiB
[2026-01-21 06:41:23.639] [ci_solver] [info]   H_SPARSE = 1.58e+00%
[2026-01-21 06:41:23.708] [ci_solver] [info]   * Will generate identity guess
[2026-01-21 06:41:23.777] [davidson] [info] [Davidson Eigensolver]:
[2026-01-21 06:41:23.777] [davidson] [info]   N = 100000, MAX_M =  200, RES_TOL = 1.00000e-06
[2026-01-21 06:41:23.957] [davidson] [info] iter =    1, LAM(0) =  -1.708721607480e+02, RNORM =   1.099258903993e-01
[2026-01-21 06:41:24.025] [davidson] [info] iter =    2, LAM(0) =  -1.708817173875e+02, RNORM =   2.495994759088e-02
[2026-01-21 06:41:24.095] [davidson] [info] iter =    3, LAM(0) =  -1.708821093661e+02, RNORM =   5.370122219054e-03
[2026-01-21 06:41:24.172] [davidson] [info] iter =    4, LAM(0) =  -1.708821274001e+02, RNORM =   1.230533484689e-03
[2026-01-21 06:41:24.242] [davidson] [info] iter =    5, LAM(0) =  -1.708821283274e+02, RNORM =   2.846676788542e-04
[2026-01-21 06:41:24.310] [davidson] [info] iter =    6, LAM(0) =  -1.708821283788e+02, RNORM =   6.533708925131e-05
[2026-01-21 06:41:24.398] [davidson] [info] iter =    7, LAM(0) =  -1.708821283816e+02, RNORM =   1.537635343424e-05
[2026-01-21 06:41:24.475] [davidson] [info] iter =    8, LAM(0) =  -1.708821283818e+02, RNORM =   3.739342814472e-06
[2026-01-21 06:41:24.551] [davidson] [info] iter =    9, LAM(0) =  -1.708821283818e+02, RNORM =   9.569468670803e-07
[2026-01-21 06:41:24.551] [davidson] [info] Davidson Converged!
[2026-01-21 06:41:24.551] [ci_solver] [info]   DAV_NITER =    9, E0 = -1.708821e+02 Eh, DAVIDSON_DUR = 7.74066e+02 ms
[2026-01-21 06:41:24.565] [asci_grow] [info] iter =    5, E0 =  -1.708821283818e+02, dE =  -3.171656e-03, WFN_SIZE = 100000
[2026-01-21 06:41:24.565] [asci_grow] [info] * GROW_DUR = 3.36e+04 ms
[2026-01-21 06:41:24.565] [asci_refine] [info] [ASCI Refine Settings]:
[2026-01-21 06:41:24.566] [asci_refine] [info]   NTDETS = 100000, NCDETS =    100, MAX_REFINE_ITER =    6, REFINE_TOL = 1.00e-06
[2026-01-21 06:41:24.566] [asci_refine] [info] iter =    0, E0 =  -1.708821283818e+02, dE =   0.000000e+00
[2026-01-21 06:41:24.576] [asci_search] [info] [ASCI Search Settings]:
[2026-01-21 06:41:24.576] [asci_search] [info]   NCDETS =    100, NDETS_MAX =    100000, H_EL_TOL = 1.000000e-08, RV_TOL = 1.000000e-08
[2026-01-21 06:41:24.576] [asci_search] [info]   MAX_RV_SIZE = 500000000, JUST_SINGLES = false
[2026-01-21 06:41:24.576] [asci_search] [info]   CDET_SUM = 9.51e-01
[2026-01-21 06:41:24.577] [asci_search] [info]   * Will Generate up to Quintuplets
[2026-01-21 06:41:24.611] [asci_search] [info]   * GEN_DUR = 3.37e+01 ms
[2026-01-21 06:41:27.629] [asci_search] [info]   * ASCI Kept 8166285 Pairs
[2026-01-21 06:41:27.630] [asci_search] [info]   * Pairs Mem = 2.43e-01 GiB
[2026-01-21 06:41:28.120] [asci_search] [info]   * ASCI will search over 8166285 unique determinants
[2026-01-21 06:41:28.120] [asci_search] [info]   * PAIR_DUR = 3.05e+00 s, SORT_ACC_DUR = 4.90e-01 s
[2026-01-21 06:41:28.140] [asci_search] [info]   * KEEP_LARG_DUR = 1.98e-02 s
[2026-01-21 06:41:28.232] [asci_search] [info]   * Kth Score Pivot = 8.1390234755482284e-05
[2026-01-21 06:41:28.268] [asci_search] [info]   * ASCI_SORT_DUR = 1.28e-01 s
[2026-01-21 06:41:28.270] [asci_search] [info]   * New Dets Mem = 1.49e-03 GiB
[2026-01-21 06:41:28.270] [asci_search] [info]   * ASCI_SEARCH DUR = 3.69e+00 s
[2026-01-21 06:41:28.278] [ci_solver] [info] [Selected CI Solver]:
[2026-01-21 06:41:28.278] [ci_solver] [info]   NDETS = 100000, MATEL_TOL = 2.22045e-16, RES_TOL = 1.00000e-06, MAX_SUB =  200
[2026-01-21 06:41:41.138] [ci_solver] [info]   NNZ   = 156790750, H_DUR     = 1.28600e+04 ms
[2026-01-21 06:41:41.138] [ci_solver] [info]   HMEM_LOC = 2.34e+00 GiB
[2026-01-21 06:41:41.138] [ci_solver] [info]   H_SPARSE = 1.57e+00%
[2026-01-21 06:41:41.213] [ci_solver] [info]   * Will generate identity guess
[2026-01-21 06:41:41.287] [davidson] [info] [Davidson Eigensolver]:
[2026-01-21 06:41:41.287] [davidson] [info]   N = 100000, MAX_M =  200, RES_TOL = 1.00000e-06
[2026-01-21 06:41:41.427] [davidson] [info] iter =    1, LAM(0) =  -1.708721548078e+02, RNORM =   1.103171966752e-01
[2026-01-21 06:41:41.483] [davidson] [info] iter =    2, LAM(0) =  -1.708817858171e+02, RNORM =   2.530776171085e-02
[2026-01-21 06:41:41.559] [davidson] [info] iter =    3, LAM(0) =  -1.708821899025e+02, RNORM =   5.438439874822e-03
[2026-01-21 06:41:41.627] [davidson] [info] iter =    4, LAM(0) =  -1.708822084813e+02, RNORM =   1.251777311278e-03
[2026-01-21 06:41:41.708] [davidson] [info] iter =    5, LAM(0) =  -1.708822094537e+02, RNORM =   2.865158584198e-04
[2026-01-21 06:41:41.786] [davidson] [info] iter =    6, LAM(0) =  -1.708822095064e+02, RNORM =   6.639500811398e-05
[2026-01-21 06:41:41.864] [davidson] [info] iter =    7, LAM(0) =  -1.708822095093e+02, RNORM =   1.571442652169e-05
[2026-01-21 06:41:41.945] [davidson] [info] iter =    8, LAM(0) =  -1.708822095094e+02, RNORM =   3.786627473336e-06
[2026-01-21 06:41:42.037] [davidson] [info] iter =    9, LAM(0) =  -1.708822095094e+02, RNORM =   9.209668085953e-07
[2026-01-21 06:41:42.037] [davidson] [info] Davidson Converged!
[2026-01-21 06:41:42.037] [ci_solver] [info]   DAV_NITER =    9, E0 = -1.708822e+02 Eh, DAVIDSON_DUR = 7.49990e+02 ms
[2026-01-21 06:41:42.051] [asci_refine] [info] iter =    1, E0 =  -1.708822095094e+02, dE =  -8.112764e-05
[2026-01-21 06:41:42.061] [asci_search] [info] [ASCI Search Settings]:
[2026-01-21 06:41:42.061] [asci_search] [info]   NCDETS =    100, NDETS_MAX =    100000, H_EL_TOL = 1.000000e-08, RV_TOL = 1.000000e-08
[2026-01-21 06:41:42.061] [asci_search] [info]   MAX_RV_SIZE = 500000000, JUST_SINGLES = false
[2026-01-21 06:41:42.061] [asci_search] [info]   CDET_SUM = 9.51e-01
[2026-01-21 06:41:42.064] [asci_search] [info]   * Will Generate up to Quintuplets
[2026-01-21 06:41:42.132] [asci_search] [info]   * GEN_DUR = 6.80e+01 ms
[2026-01-21 06:41:44.909] [asci_search] [info]   * ASCI Kept 8150376 Pairs
[2026-01-21 06:41:44.909] [asci_search] [info]   * Pairs Mem = 2.43e-01 GiB
[2026-01-21 06:41:45.383] [asci_search] [info]   * ASCI will search over 8150376 unique determinants
[2026-01-21 06:41:45.383] [asci_search] [info]   * PAIR_DUR = 2.85e+00 s, SORT_ACC_DUR = 4.74e-01 s
[2026-01-21 06:41:45.399] [asci_search] [info]   * KEEP_LARG_DUR = 1.64e-02 s
[2026-01-21 06:41:45.542] [asci_search] [info]   * Kth Score Pivot = 8.1410266431641460e-05
[2026-01-21 06:41:45.576] [asci_search] [info]   * ASCI_SORT_DUR = 1.77e-01 s
[2026-01-21 06:41:45.577] [asci_search] [info]   * New Dets Mem = 1.49e-03 GiB
[2026-01-21 06:41:45.578] [asci_search] [info]   * ASCI_SEARCH DUR = 3.52e+00 s
[2026-01-21 06:41:45.586] [ci_solver] [info] [Selected CI Solver]:
[2026-01-21 06:41:45.586] [ci_solver] [info]   NDETS = 100000, MATEL_TOL = 2.22045e-16, RES_TOL = 1.00000e-06, MAX_SUB =  200
[2026-01-21 06:41:58.502] [ci_solver] [info]   NNZ   = 156621122, H_DUR     = 1.29157e+04 ms
[2026-01-21 06:41:58.502] [ci_solver] [info]   HMEM_LOC = 2.33e+00 GiB
[2026-01-21 06:41:58.502] [ci_solver] [info]   H_SPARSE = 1.57e+00%
[2026-01-21 06:41:58.576] [ci_solver] [info]   * Will generate identity guess
[2026-01-21 06:41:58.649] [davidson] [info] [Davidson Eigensolver]:
[2026-01-21 06:41:58.650] [davidson] [info]   N = 100000, MAX_M =  200, RES_TOL = 1.00000e-06
[2026-01-21 06:41:58.981] [davidson] [info] iter =    1, LAM(0) =  -1.708721554349e+02, RNORM =   1.100959897641e-01
[2026-01-21 06:41:59.042] [davidson] [info] iter =    2, LAM(0) =  -1.708817215948e+02, RNORM =   2.526629116256e-02
[2026-01-21 06:41:59.096] [davidson] [info] iter =    3, LAM(0) =  -1.708821245685e+02, RNORM =   5.453074713504e-03
[2026-01-21 06:41:59.164] [davidson] [info] iter =    4, LAM(0) =  -1.708821430705e+02, RNORM =   1.275558341270e-03
[2026-01-21 06:41:59.233] [davidson] [info] iter =    5, LAM(0) =  -1.708821440544e+02, RNORM =   2.937258243585e-04
[2026-01-21 06:41:59.301] [davidson] [info] iter =    6, LAM(0) =  -1.708821441089e+02, RNORM =   6.767569096561e-05
[2026-01-21 06:41:59.368] [davidson] [info] iter =    7, LAM(0) =  -1.708821441119e+02, RNORM =   1.565785368163e-05
[2026-01-21 06:41:59.438] [davidson] [info] iter =    8, LAM(0) =  -1.708821441121e+02, RNORM =   3.757364298525e-06
[2026-01-21 06:41:59.503] [davidson] [info] iter =    9, LAM(0) =  -1.708821441121e+02, RNORM =   9.148583186889e-07
[2026-01-21 06:41:59.503] [davidson] [info] Davidson Converged!
[2026-01-21 06:41:59.503] [ci_solver] [info]   DAV_NITER =    9, E0 = -1.708821e+02 Eh, DAVIDSON_DUR = 8.53194e+02 ms
[2026-01-21 06:41:59.514] [asci_refine] [info] iter =    2, E0 =  -1.708821441121e+02, dE =   6.539733e-05
[2026-01-21 06:41:59.524] [asci_search] [info] [ASCI Search Settings]:
[2026-01-21 06:41:59.524] [asci_search] [info]   NCDETS =    100, NDETS_MAX =    100000, H_EL_TOL = 1.000000e-08, RV_TOL = 1.000000e-08
[2026-01-21 06:41:59.524] [asci_search] [info]   MAX_RV_SIZE = 500000000, JUST_SINGLES = false
[2026-01-21 06:41:59.524] [asci_search] [info]   CDET_SUM = 9.51e-01
[2026-01-21 06:41:59.525] [asci_search] [info]   * Will Generate up to Quintuplets
[2026-01-21 06:41:59.560] [asci_search] [info]   * GEN_DUR = 3.51e+01 ms
[2026-01-21 06:42:02.330] [asci_search] [info]   * ASCI Kept 8150365 Pairs
[2026-01-21 06:42:02.330] [asci_search] [info]   * Pairs Mem = 2.43e-01 GiB
[2026-01-21 06:42:02.910] [asci_search] [info]   * ASCI will search over 8150365 unique determinants
[2026-01-21 06:42:02.910] [asci_search] [info]   * PAIR_DUR = 2.81e+00 s, SORT_ACC_DUR = 5.80e-01 s
[2026-01-21 06:42:02.936] [asci_search] [info]   * KEEP_LARG_DUR = 2.61e-02 s
[2026-01-21 06:42:03.079] [asci_search] [info]   * Kth Score Pivot = 8.1457655348802233e-05
[2026-01-21 06:42:03.137] [asci_search] [info]   * ASCI_SORT_DUR = 2.00e-01 s
[2026-01-21 06:42:03.137] [asci_search] [info]   * New Dets Mem = 1.49e-03 GiB
[2026-01-21 06:42:03.138] [asci_search] [info]   * ASCI_SEARCH DUR = 3.61e+00 s
[2026-01-21 06:42:03.145] [ci_solver] [info] [Selected CI Solver]:
[2026-01-21 06:42:03.145] [ci_solver] [info]   NDETS = 100000, MATEL_TOL = 2.22045e-16, RES_TOL = 1.00000e-06, MAX_SUB =  200
[2026-01-21 06:42:15.989] [ci_solver] [info]   NNZ   = 156600636, H_DUR     = 1.28433e+04 ms
[2026-01-21 06:42:15.989] [ci_solver] [info]   HMEM_LOC = 2.33e+00 GiB
[2026-01-21 06:42:15.989] [ci_solver] [info]   H_SPARSE = 1.57e+00%
[2026-01-21 06:42:16.064] [ci_solver] [info]   * Will generate identity guess
[2026-01-21 06:42:16.138] [davidson] [info] [Davidson Eigensolver]:
[2026-01-21 06:42:16.138] [davidson] [info]   N = 100000, MAX_M =  200, RES_TOL = 1.00000e-06
[2026-01-21 06:42:16.296] [davidson] [info] iter =    1, LAM(0) =  -1.708721553767e+02, RNORM =   1.100970430685e-01
[2026-01-21 06:42:16.366] [davidson] [info] iter =    2, LAM(0) =  -1.708817219285e+02, RNORM =   2.525711427661e-02
[2026-01-21 06:42:16.440] [davidson] [info] iter =    3, LAM(0) =  -1.708821242055e+02, RNORM =   5.444090480235e-03
[2026-01-21 06:42:16.516] [davidson] [info] iter =    4, LAM(0) =  -1.708821426795e+02, RNORM =   1.276391055760e-03
[2026-01-21 06:42:16.597] [davidson] [info] iter =    5, LAM(0) =  -1.708821436660e+02, RNORM =   2.938778714399e-04
[2026-01-21 06:42:16.676] [davidson] [info] iter =    6, LAM(0) =  -1.708821437205e+02, RNORM =   6.762253590481e-05
[2026-01-21 06:42:16.756] [davidson] [info] iter =    7, LAM(0) =  -1.708821437235e+02, RNORM =   1.566288036252e-05
[2026-01-21 06:42:16.829] [davidson] [info] iter =    8, LAM(0) =  -1.708821437237e+02, RNORM =   3.762610968469e-06
[2026-01-21 06:42:16.905] [davidson] [info] iter =    9, LAM(0) =  -1.708821437237e+02, RNORM =   9.146899276182e-07
[2026-01-21 06:42:16.905] [davidson] [info] Davidson Converged!
[2026-01-21 06:42:16.905] [ci_solver] [info]   DAV_NITER =    9, E0 = -1.708821e+02 Eh, DAVIDSON_DUR = 7.67428e+02 ms
[2026-01-21 06:42:16.912] [asci_refine] [info] iter =    3, E0 =  -1.708821437237e+02, dE =   3.884113e-07
[2026-01-21 06:42:16.912] [asci_refine] [info] ASCI Refine Converged!
[2026-01-21 06:42:45.377457] [info] [sample_sci_workflow] CASCI energy = -249.14325549 Hartree
[2026-01-21 06:42:45.377790] [info] [qdk:chemistry:algorithms:microsoft:active_space:autocas_active_space] AutoCAS::Starting active space selection.
[2026-01-21 06:42:45.385054] [info] [qdk:chemistry:algorithms:active_space] Max entropy: 0.169676
[2026-01-21 06:42:45.385099] [info] [qdk:chemistry:algorithms:active_space] Normalized orbital entropies:
[2026-01-21 06:42:45.385108] [info] [qdk:chemistry:algorithms:active_space]   Orbital index   Normalized Entropy   Raw Entropy
[2026-01-21 06:42:45.385126] [info] [qdk:chemistry:algorithms:active_space]              24             1.000000      0.169676
[2026-01-21 06:42:45.385132] [info] [qdk:chemistry:algorithms:active_space]              22             0.913579      0.155012
[2026-01-21 06:42:45.385138] [info] [qdk:chemistry:algorithms:active_space]              33             0.372194      0.063152
[2026-01-21 06:42:45.385143] [info] [qdk:chemistry:algorithms:active_space]              18             0.364473      0.061842
[2026-01-21 06:42:45.385148] [info] [qdk:chemistry:algorithms:active_space]              34             0.323195      0.054838
[2026-01-21 06:42:45.385153] [info] [qdk:chemistry:algorithms:active_space]              35             0.304466      0.051660
[2026-01-21 06:42:45.385158] [info] [qdk:chemistry:algorithms:active_space]              12             0.302086      0.051257
[2026-01-21 06:42:45.385163] [info] [qdk:chemistry:algorithms:active_space]              16             0.298728      0.050687
[2026-01-21 06:42:45.385168] [info] [qdk:chemistry:algorithms:active_space]              20             0.298335      0.050620
[2026-01-21 06:42:45.385173] [info] [qdk:chemistry:algorithms:active_space]              11             0.287382      0.048762
[2026-01-21 06:42:45.385178] [info] [qdk:chemistry:algorithms:active_space]              19             0.285624      0.048463
[2026-01-21 06:42:45.385183] [info] [qdk:chemistry:algorithms:active_space]              29             0.283053      0.048027
[2026-01-21 06:42:45.385188] [info] [qdk:chemistry:algorithms:active_space]              14             0.276902      0.046983
[2026-01-21 06:42:45.385193] [info] [qdk:chemistry:algorithms:active_space]              21             0.266727      0.045257
[2026-01-21 06:42:45.385198] [info] [qdk:chemistry:algorithms:active_space]              15             0.265482      0.045046
[2026-01-21 06:42:45.385204] [info] [qdk:chemistry:algorithms:active_space]              13             0.250553      0.042513
[2026-01-21 06:42:45.385209] [info] [qdk:chemistry:algorithms:active_space]              30             0.246459      0.041818
[2026-01-21 06:42:45.385214] [info] [qdk:chemistry:algorithms:active_space]              26             0.242739      0.041187
[2026-01-21 06:42:45.385221] [info] [qdk:chemistry:algorithms:active_space]              36             0.242564      0.041157
[2026-01-21 06:42:45.386275] [info] [qdk:chemistry:algorithms:active_space]              17             0.233991      0.039703
[2026-01-21 06:42:45.386281] [info] [qdk:chemistry:algorithms:active_space]              31             0.226526      0.038436
[2026-01-21 06:42:45.386287] [info] [qdk:chemistry:algorithms:active_space]              37             0.224122      0.038028
[2026-01-21 06:42:45.386292] [info] [qdk:chemistry:algorithms:active_space]              23             0.195415      0.033157
[2026-01-21 06:42:45.386297] [info] [qdk:chemistry:algorithms:active_space]              27             0.189770      0.032199
[2026-01-21 06:42:45.386302] [info] [qdk:chemistry:algorithms:active_space]              28             0.187439      0.031804
[2026-01-21 06:42:45.386307] [info] [qdk:chemistry:algorithms:active_space]              38             0.185376      0.031454
[2026-01-21 06:42:45.386312] [info] [qdk:chemistry:algorithms:active_space]              32             0.184603      0.031323
[2026-01-21 06:42:45.386317] [info] [qdk:chemistry:algorithms:active_space]              10             0.179839      0.030514
[2026-01-21 06:42:45.386322] [info] [qdk:chemistry:algorithms:active_space]              25             0.178392      0.030269
[2026-01-21 06:42:45.386327] [info] [qdk:chemistry:algorithms:active_space]               9             0.138083      0.023429
[2026-01-21 06:42:45.386333] [info] [qdk:chemistry:algorithms:active_space]               8             0.129489      0.021971
[2026-01-21 06:42:45.386338] [info] [qdk:chemistry:algorithms:active_space]               7             0.110206      0.018699
[2026-01-21 06:42:45.386347] [info] [qdk:chemistry:algorithms:active_space]               6             0.081975      0.013909
[2026-01-21 06:42:45.386568] [info] [qdk:chemistry:algorithms:microsoft:active_space:autocas_active_space] Identified 1 plateaus.
[2026-01-21 06:42:45.387311] [info] [qdk:chemistry:algorithms:microsoft:active_space:autocas_active_space] AutoCAS::Selected active space of 2 orbitals: 22, 24
[2026-01-21 06:42:45.388242] [info] [sample_sci_workflow] AutoCAS selected active space with indices: [22, 24]
[2026-01-21 06:42:47.735706] [info] [qdk:chemistry:algorithms:microsoft:macis_asci] Requested number of determinants (100000) exceeds FCI dimension (4).
[2026-01-21 06:42:47.735] [ci_solver] [info] [Selected CI Solver]:
[2026-01-21 06:42:47.735] [ci_solver] [info]   NDETS =      4, MATEL_TOL = 2.22045e-16, RES_TOL = 1.00000e-06, MAX_SUB =  200
[2026-01-21 06:42:47.864] [ci_solver] [info]   NNZ   =     16, H_DUR     = 1.28924e+02 ms
[2026-01-21 06:42:47.864] [ci_solver] [info]   HMEM_LOC = 2.76e-07 GiB
[2026-01-21 06:42:47.864] [ci_solver] [info]   H_SPARSE = 1.00e+02%
[2026-01-21 06:42:47.864] [ci_solver] [info]   * Will generate identity guess
[2026-01-21 06:42:47.864] [davidson] [info] [Davidson Eigensolver]:
[2026-01-21 06:42:47.864] [davidson] [info]   N =      4, MAX_M =    4, RES_TOL = 1.00000e-06
[2026-01-21 06:42:47.921] [davidson] [info] iter =    1, LAM(0) =  -1.132975242777e+00, RNORM =   4.339546651960e-03
[2026-01-21 06:42:47.944] [davidson] [info] iter =    2, LAM(0) =  -1.133025511353e+00, RNORM =   2.259273380035e-16
[2026-01-21 06:42:47.944] [davidson] [info] Davidson Converged!
[2026-01-21 06:42:47.944] [ci_solver] [info]   DAV_NITER =    2, E0 = -1.133026e+00 Eh, DAVIDSON_DUR = 7.98435e+01 ms
[2026-01-21 06:42:47.988506] [info] [sample_sci_workflow] Hamiltonian Summary:
  Type: Hermitian
  Restrictedness: Restricted
  Active Orbitals: 2
  Total Orbitals: 129
  Core Energy: -247.914454
  Integral Statistics:
    One-body Integrals (alpha): 4 (larger than 0.000001: 4)
    Two-body Integrals (aaaa): 16 (larger than 0.000001: 16)

[2026-01-21 06:42:47.988947] [info] [sample_sci_workflow] AutoCAS energy = -249.04747955 Hartree
[2026-01-21 06:42:48.115429] [info] [qdk_chemistry.utils.wavefunction] Sparse CI finder (2 dets) = -249.04742926 Hartree (ΔE = 0.0503 mHartree)
[2026-01-21 06:42:48.116119] [info] [sample_sci_workflow] Sparse CI energy = -249.04742926 Hartree
[2026-01-21 06:42:48.118097] [info] [sample_sci_workflow] Stored wavefunction with 2 determinants
Determinants:
  20: -0.99479604
  02: 0.10188641


=== WORKFLOW END ===
End: 2026-01-21T06:42:48.692795
Elapsed seconds: 147.416164
