=== WORKFLOW START ===
Start: 2026-01-21T06:57:25.161015
Command: python sample_sci_workflow.py --xyz Validation-2026-01-20-aab310b108342456bf6b1017d01ccb8e31d2d52d/structures/1_molecules/mol033697_data_130323.structure.xyz --initial-active-space-solver macis_asci --autocas --max-determinants 100

[2026-01-21 06:57:27.940824] [info] [sample_sci_workflow] Structure Summary:
  Number of atoms: 7
  Composition: H2, F2, N2, C1
  Total mass: 80.037 AMU
  Nuclear Repulsion Energy: 170.247 Eh

[2026-01-21 06:57:30.405014] [info] [sample_sci_workflow] SCF energy = -346.64210555 Hartree
[2026-01-21 06:57:30.405379] [info] [qdk:chemistry:algorithms:microsoft:active_space:valence_active_space] ValenceActiveSpaceSelector::Starting active space selection.
[2026-01-21 06:57:30.406430] [info] [qdk:chemistry:algorithms:microsoft:active_space:valence_active_space] ValenceActiveSpaceSelector::Selected active space of 22 orbitals: 5, 6, 7, 8, 9, 10, 11, 12, 13, 14, 15, 16, 17, 18, 19, 20, 21, 22, 23, 24, 25, 26
[2026-01-21 06:57:30.408209] [info] [sample_sci_workflow] Orbitals Summary:
  AOs: 80
  MOs: 80
  Type: Restricted
  Has overlap: Yes
  Has basis set: Yes
  Valid: Yes
  Has active space: Yes
  Active Orbitals: α=22, β=22
  Has inactive space: Yes
  Inactive Orbitals: α=5, β=5
  Virtual Orbitals: α=53, β=53

[2026-01-21 06:57:33.499868] [info] [sample_sci_workflow] Hamiltonian Summary:
  Type: Hermitian
  Restrictedness: Restricted
  Active Orbitals: 22
  Total Orbitals: 80
  Core Energy: -178.271107
  Integral Statistics:
    One-body Integrals (alpha): 484 (larger than 0.000001: 484)
    Two-body Integrals (aaaa): 234256 (larger than 0.000001: 234184)

[2026-01-21 06:57:33.502] [asci_grow] [info] [ASCI Grow Settings]:
[2026-01-21 06:57:33.502] [asci_grow] [info]   NTDETS_MAX = 100000, NCDETS_MAX =    100, GROW_FACTOR = 8
[2026-01-21 06:57:33.502] [asci_grow] [info] iter =    0, E0 =  -1.683709981903e+02, dE =   0.000000e+00, WFN_SIZE = 1
[2026-01-21 06:57:33.502] [asci_search] [info] [ASCI Search Settings]:
[2026-01-21 06:57:33.502] [asci_search] [info]   NCDETS =      1, NDETS_MAX =       100, H_EL_TOL = 1.000000e-08, RV_TOL = 1.000000e-08
[2026-01-21 06:57:33.502] [asci_search] [info]   MAX_RV_SIZE = 500000000, JUST_SINGLES = false
[2026-01-21 06:57:33.502] [asci_search] [info]   CDET_SUM = 1.00e+00
[2026-01-21 06:57:33.502] [asci_search] [info]   * Will Generate up to Quintuplets
[2026-01-21 06:57:33.546] [asci_search] [info]   * GEN_DUR = 4.42e+01 ms
[2026-01-21 06:57:33.570] [asci_search] [info]   * ASCI Kept 15638 Pairs
[2026-01-21 06:57:33.570] [asci_search] [info]   * Pairs Mem = 3.50e-04 GiB
[2026-01-21 06:57:33.570] [asci_search] [info]   * ASCI will search over 15638 unique determinants
[2026-01-21 06:57:33.571] [asci_search] [info]   * PAIR_DUR = 6.76e-02 s, SORT_ACC_DUR = 5.91e-04 s
[2026-01-21 06:57:33.571] [asci_search] [info]   * KEEP_LARG_DUR = 2.39e-05 s
[2026-01-21 06:57:33.571] [asci_search] [info]   * Kth Score Pivot = 1.0701400189371461e-02
[2026-01-21 06:57:33.572] [asci_search] [info]   * ASCI_SORT_DUR = 1.01e-03 s
[2026-01-21 06:57:33.572] [asci_search] [info]   * New Dets Mem = 7.45e-07 GiB
[2026-01-21 06:57:33.572] [asci_search] [info]   * ASCI_SEARCH DUR = 6.98e-02 s
[2026-01-21 06:57:33.572] [ci_solver] [info] [Selected CI Solver]:
[2026-01-21 06:57:33.572] [ci_solver] [info]   NDETS =    100, MATEL_TOL = 2.22045e-16, RES_TOL = 1.00000e-06, MAX_SUB =  200
[2026-01-21 06:57:33.698] [ci_solver] [info]   NNZ   =   2284, H_DUR     = 1.25157e+02 ms
[2026-01-21 06:57:33.698] [ci_solver] [info]   HMEM_LOC = 3.48e-05 GiB
[2026-01-21 06:57:33.698] [ci_solver] [info]   H_SPARSE = 2.28e+01%
[2026-01-21 06:57:33.698] [ci_solver] [info]   * Will generate identity guess
[2026-01-21 06:57:33.698] [davidson] [info] [Davidson Eigensolver]:
[2026-01-21 06:57:33.698] [davidson] [info]   N =    100, MAX_M =  100, RES_TOL = 1.00000e-06
[2026-01-21 06:57:33.743] [davidson] [info] iter =    1, LAM(0) =  -1.683996616008e+02, RNORM =   1.149336749788e-01
[2026-01-21 06:57:33.766] [davidson] [info] iter =    2, LAM(0) =  -1.684075425763e+02, RNORM =   9.945266409323e-03
[2026-01-21 06:57:33.789] [davidson] [info] iter =    3, LAM(0) =  -1.684076272532e+02, RNORM =   1.321627138624e-03
[2026-01-21 06:57:33.812] [davidson] [info] iter =    4, LAM(0) =  -1.684076289042e+02, RNORM =   2.051555882136e-04
[2026-01-21 06:57:33.835] [davidson] [info] iter =    5, LAM(0) =  -1.684076289430e+02, RNORM =   2.372207379940e-05
[2026-01-21 06:57:33.865] [davidson] [info] iter =    6, LAM(0) =  -1.684076289435e+02, RNORM =   3.244698913015e-06
[2026-01-21 06:57:33.887] [davidson] [info] iter =    7, LAM(0) =  -1.684076289436e+02, RNORM =   4.791152472654e-07
[2026-01-21 06:57:33.887] [davidson] [info] Davidson Converged!
[2026-01-21 06:57:33.887] [ci_solver] [info]   DAV_NITER =    7, E0 = -1.684076e+02 Eh, DAVIDSON_DUR = 1.88676e+02 ms
[2026-01-21 06:57:33.887] [asci_grow] [info] iter =    1, E0 =  -1.684076289436e+02, dE =  -3.663075e-02, WFN_SIZE = 100
[2026-01-21 06:57:33.887] [asci_search] [info] [ASCI Search Settings]:
[2026-01-21 06:57:33.887] [asci_search] [info]   NCDETS =    100, NDETS_MAX =       800, H_EL_TOL = 1.000000e-08, RV_TOL = 1.000000e-08
[2026-01-21 06:57:33.887] [asci_search] [info]   MAX_RV_SIZE = 500000000, JUST_SINGLES = false
[2026-01-21 06:57:33.887] [asci_search] [info]   CDET_SUM = 1.00e+00
[2026-01-21 06:57:33.887] [asci_search] [info]   * Will Generate up to Quintuplets
[2026-01-21 06:57:33.910] [asci_search] [info]   * GEN_DUR = 1.16e+01 ms
[2026-01-21 06:57:34.316] [asci_search] [info]   * ASCI Kept 1013233 Pairs
[2026-01-21 06:57:34.316] [asci_search] [info]   * Pairs Mem = 2.26e-02 GiB
[2026-01-21 06:57:34.363] [asci_search] [info]   * ASCI will search over 1013233 unique determinants
[2026-01-21 06:57:34.363] [asci_search] [info]   * PAIR_DUR = 4.29e-01 s, SORT_ACC_DUR = 4.66e-02 s
[2026-01-21 06:57:34.366] [asci_search] [info]   * KEEP_LARG_DUR = 2.90e-03 s
[2026-01-21 06:57:34.380] [asci_search] [info]   * Kth Score Pivot = 4.0835704078537377e-03
[2026-01-21 06:57:34.386] [asci_search] [info]   * ASCI_SORT_DUR = 2.02e-02 s
[2026-01-21 06:57:34.386] [asci_search] [info]   * New Dets Mem = 5.96e-06 GiB
[2026-01-21 06:57:34.386] [asci_search] [info]   * ASCI_SEARCH DUR = 4.99e-01 s
[2026-01-21 06:57:34.386] [ci_solver] [info] [Selected CI Solver]:
[2026-01-21 06:57:34.386] [ci_solver] [info]   NDETS =    800, MATEL_TOL = 2.22045e-16, RES_TOL = 1.00000e-06, MAX_SUB =  200
[2026-01-21 06:57:34.389] [ci_solver] [info]   NNZ   =  67024, H_DUR     = 2.66414e+00 ms
[2026-01-21 06:57:34.397] [ci_solver] [info]   HMEM_LOC = 1.00e-03 GiB
[2026-01-21 06:57:34.397] [ci_solver] [info]   H_SPARSE = 1.05e+01%
[2026-01-21 06:57:34.397] [ci_solver] [info]   * Will generate identity guess
[2026-01-21 06:57:34.397] [davidson] [info] [Davidson Eigensolver]:
[2026-01-21 06:57:34.397] [davidson] [info]   N =    800, MAX_M =  200, RES_TOL = 1.00000e-06
[2026-01-21 06:57:34.398] [davidson] [info] iter =    1, LAM(0) =  -1.684296378095e+02, RNORM =   1.334173775491e-01
[2026-01-21 06:57:34.398] [davidson] [info] iter =    2, LAM(0) =  -1.684409740891e+02, RNORM =   1.955953309240e-02
[2026-01-21 06:57:34.398] [davidson] [info] iter =    3, LAM(0) =  -1.684412279002e+02, RNORM =   3.383758651409e-03
[2026-01-21 06:57:34.398] [davidson] [info] iter =    4, LAM(0) =  -1.684412366826e+02, RNORM =   7.268375249905e-04
[2026-01-21 06:57:34.398] [davidson] [info] iter =    5, LAM(0) =  -1.684412370869e+02, RNORM =   1.501876869588e-04
[2026-01-21 06:57:34.409] [davidson] [info] iter =    6, LAM(0) =  -1.684412371029e+02, RNORM =   3.016543128870e-05
[2026-01-21 06:57:34.428] [davidson] [info] iter =    7, LAM(0) =  -1.684412371036e+02, RNORM =   6.056056284057e-06
[2026-01-21 06:57:34.450] [davidson] [info] iter =    8, LAM(0) =  -1.684412371036e+02, RNORM =   1.077241352087e-06
[2026-01-21 06:57:34.472] [davidson] [info] iter =    9, LAM(0) =  -1.684412371036e+02, RNORM =   2.275360673302e-07
[2026-01-21 06:57:34.472] [davidson] [info] Davidson Converged!
[2026-01-21 06:57:34.472] [ci_solver] [info]   DAV_NITER =    9, E0 = -1.684412e+02 Eh, DAVIDSON_DUR = 7.49110e+01 ms
[2026-01-21 06:57:34.472] [asci_grow] [info] iter =    2, E0 =  -1.684412371036e+02, dE =  -3.360816e-02, WFN_SIZE = 800
[2026-01-21 06:57:34.472] [asci_search] [info] [ASCI Search Settings]:
[2026-01-21 06:57:34.472] [asci_search] [info]   NCDETS =    100, NDETS_MAX =      6400, H_EL_TOL = 1.000000e-08, RV_TOL = 1.000000e-08
[2026-01-21 06:57:34.472] [asci_search] [info]   MAX_RV_SIZE = 500000000, JUST_SINGLES = false
[2026-01-21 06:57:34.472] [asci_search] [info]   CDET_SUM = 9.79e-01
[2026-01-21 06:57:34.473] [asci_search] [info]   * Will Generate up to Quintuplets
[2026-01-21 06:57:34.485] [asci_search] [info]   * GEN_DUR = 1.16e+01 ms
[2026-01-21 06:57:34.828] [asci_search] [info]   * ASCI Kept 963535 Pairs
[2026-01-21 06:57:34.828] [asci_search] [info]   * Pairs Mem = 2.15e-02 GiB
[2026-01-21 06:57:34.874] [asci_search] [info]   * ASCI will search over 963535 unique determinants
[2026-01-21 06:57:34.874] [asci_search] [info]   * PAIR_DUR = 3.55e-01 s, SORT_ACC_DUR = 4.60e-02 s
[2026-01-21 06:57:34.877] [asci_search] [info]   * KEEP_LARG_DUR = 2.81e-03 s
[2026-01-21 06:57:34.898] [asci_search] [info]   * Kth Score Pivot = 9.0995709673512477e-04
[2026-01-21 06:57:34.903] [asci_search] [info]   * ASCI_SORT_DUR = 2.69e-02 s
[2026-01-21 06:57:34.904] [asci_search] [info]   * New Dets Mem = 4.77e-05 GiB
[2026-01-21 06:57:34.904] [asci_search] [info]   * ASCI_SEARCH DUR = 4.31e-01 s
[2026-01-21 06:57:34.904] [ci_solver] [info] [Selected CI Solver]:
[2026-01-21 06:57:34.905] [ci_solver] [info]   NDETS =   6400, MATEL_TOL = 2.22045e-16, RES_TOL = 1.00000e-06, MAX_SUB =  200
[2026-01-21 06:57:34.978] [ci_solver] [info]   NNZ   = 2422936, H_DUR     = 7.33013e+01 ms
[2026-01-21 06:57:34.978] [ci_solver] [info]   HMEM_LOC = 3.62e-02 GiB
[2026-01-21 06:57:34.978] [ci_solver] [info]   H_SPARSE = 5.92e+00%
[2026-01-21 06:57:34.981] [ci_solver] [info]   * Will generate identity guess
[2026-01-21 06:57:34.983] [davidson] [info] [Davidson Eigensolver]:
[2026-01-21 06:57:34.984] [davidson] [info]   N =   6400, MAX_M =  200, RES_TOL = 1.00000e-06
[2026-01-21 06:57:34.987] [davidson] [info] iter =    1, LAM(0) =  -1.684602202188e+02, RNORM =   1.409370716381e-01
[2026-01-21 06:57:34.987] [davidson] [info] iter =    2, LAM(0) =  -1.684737541815e+02, RNORM =   2.699920595535e-02
[2026-01-21 06:57:34.988] [davidson] [info] iter =    3, LAM(0) =  -1.684742150932e+02, RNORM =   5.938121130215e-03
[2026-01-21 06:57:34.988] [davidson] [info] iter =    4, LAM(0) =  -1.684742389952e+02, RNORM =   1.498626438277e-03
[2026-01-21 06:57:34.989] [davidson] [info] iter =    5, LAM(0) =  -1.684742406316e+02, RNORM =   4.629332251587e-04
[2026-01-21 06:57:35.001] [davidson] [info] iter =    6, LAM(0) =  -1.684742407796e+02, RNORM =   1.298558221098e-04
[2026-01-21 06:57:35.013] [davidson] [info] iter =    7, LAM(0) =  -1.684742407906e+02, RNORM =   3.269220745284e-05
[2026-01-21 06:57:35.048] [davidson] [info] iter =    8, LAM(0) =  -1.684742407913e+02, RNORM =   9.416683517441e-06
[2026-01-21 06:57:35.060] [davidson] [info] iter =    9, LAM(0) =  -1.684742407913e+02, RNORM =   2.536125182867e-06
[2026-01-21 06:57:35.083] [davidson] [info] iter =   10, LAM(0) =  -1.684742407913e+02, RNORM =   6.464078611094e-07
[2026-01-21 06:57:35.083] [davidson] [info] Davidson Converged!
[2026-01-21 06:57:35.083] [ci_solver] [info]   DAV_NITER =   10, E0 = -1.684742e+02 Eh, DAVIDSON_DUR = 9.96378e+01 ms
[2026-01-21 06:57:35.083] [asci_grow] [info] iter =    3, E0 =  -1.684742407913e+02, dE =  -3.300369e-02, WFN_SIZE = 6400
[2026-01-21 06:57:35.083] [asci_search] [info] [ASCI Search Settings]:
[2026-01-21 06:57:35.083] [asci_search] [info]   NCDETS =    100, NDETS_MAX =     51200, H_EL_TOL = 1.000000e-08, RV_TOL = 1.000000e-08
[2026-01-21 06:57:35.083] [asci_search] [info]   MAX_RV_SIZE = 500000000, JUST_SINGLES = false
[2026-01-21 06:57:35.083] [asci_search] [info]   CDET_SUM = 9.61e-01
[2026-01-21 06:57:35.084] [asci_search] [info]   * Will Generate up to Quintuplets
[2026-01-21 06:57:35.105] [asci_search] [info]   * GEN_DUR = 2.15e+01 ms
[2026-01-21 06:57:35.324] [asci_search] [info]   * ASCI Kept 953390 Pairs
[2026-01-21 06:57:35.325] [asci_search] [info]   * Pairs Mem = 2.13e-02 GiB
[2026-01-21 06:57:35.368] [asci_search] [info]   * ASCI will search over 953390 unique determinants
[2026-01-21 06:57:35.368] [asci_search] [info]   * PAIR_DUR = 2.41e-01 s, SORT_ACC_DUR = 4.39e-02 s
[2026-01-21 06:57:35.371] [asci_search] [info]   * KEEP_LARG_DUR = 2.83e-03 s
[2026-01-21 06:57:35.392] [asci_search] [info]   * Kth Score Pivot = 5.8721346377276236e-05
[2026-01-21 06:57:35.398] [asci_search] [info]   * ASCI_SORT_DUR = 2.64e-02 s
[2026-01-21 06:57:35.398] [asci_search] [info]   * New Dets Mem = 3.81e-04 GiB
[2026-01-21 06:57:35.399] [asci_search] [info]   * ASCI_SEARCH DUR = 3.15e-01 s
[2026-01-21 06:57:35.402] [ci_solver] [info] [Selected CI Solver]:
[2026-01-21 06:57:35.402] [ci_solver] [info]   NDETS =  51200, MATEL_TOL = 2.22045e-16, RES_TOL = 1.00000e-06, MAX_SUB =  200
[2026-01-21 06:57:36.293] [ci_solver] [info]   NNZ   = 30700338, H_DUR     = 8.90254e+02 ms
[2026-01-21 06:57:36.293] [ci_solver] [info]   HMEM_LOC = 4.58e-01 GiB
[2026-01-21 06:57:36.293] [ci_solver] [info]   H_SPARSE = 1.17e+00%
[2026-01-21 06:57:36.326] [ci_solver] [info]   * Will generate identity guess
[2026-01-21 06:57:36.358] [davidson] [info] [Davidson Eigensolver]:
[2026-01-21 06:57:36.358] [davidson] [info]   N =  51200, MAX_M =  200, RES_TOL = 1.00000e-06
[2026-01-21 06:57:36.411] [davidson] [info] iter =    1, LAM(0) =  -1.684629618132e+02, RNORM =   1.598395121946e-01
[2026-01-21 06:57:36.436] [davidson] [info] iter =    2, LAM(0) =  -1.684801341406e+02, RNORM =   5.030798992801e-02
[2026-01-21 06:57:36.462] [davidson] [info] iter =    3, LAM(0) =  -1.684813801634e+02, RNORM =   1.707436738147e-02
[2026-01-21 06:57:36.490] [davidson] [info] iter =    4, LAM(0) =  -1.684815236848e+02, RNORM =   5.903837181580e-03
[2026-01-21 06:57:36.527] [davidson] [info] iter =    5, LAM(0) =  -1.684815418775e+02, RNORM =   2.258235159320e-03
[2026-01-21 06:57:36.548] [davidson] [info] iter =    6, LAM(0) =  -1.684815445078e+02, RNORM =   8.433073476701e-04
[2026-01-21 06:57:36.587] [davidson] [info] iter =    7, LAM(0) =  -1.684815448726e+02, RNORM =   2.977051348619e-04
[2026-01-21 06:57:36.629] [davidson] [info] iter =    8, LAM(0) =  -1.684815449193e+02, RNORM =   1.049749687220e-04
[2026-01-21 06:57:36.684] [davidson] [info] iter =    9, LAM(0) =  -1.684815449255e+02, RNORM =   3.753756916699e-05
[2026-01-21 06:57:36.737] [davidson] [info] iter =   10, LAM(0) =  -1.684815449262e+02, RNORM =   1.269848827099e-05
[2026-01-21 06:57:36.792] [davidson] [info] iter =   11, LAM(0) =  -1.684815449263e+02, RNORM =   4.398019967172e-06
[2026-01-21 06:57:36.847] [davidson] [info] iter =   12, LAM(0) =  -1.684815449263e+02, RNORM =   1.543734723881e-06
[2026-01-21 06:57:36.889] [davidson] [info] iter =   13, LAM(0) =  -1.684815449263e+02, RNORM =   5.253928305219e-07
[2026-01-21 06:57:36.890] [davidson] [info] Davidson Converged!
[2026-01-21 06:57:36.890] [ci_solver] [info]   DAV_NITER =   13, E0 = -1.684815e+02 Eh, DAVIDSON_DUR = 5.31129e+02 ms
[2026-01-21 06:57:36.890] [asci_grow] [info] iter =    4, E0 =  -1.684815449263e+02, dE =  -7.304135e-03, WFN_SIZE = 51200
[2026-01-21 06:57:36.894] [asci_search] [info] [ASCI Search Settings]:
[2026-01-21 06:57:36.894] [asci_search] [info]   NCDETS =    100, NDETS_MAX =    100000, H_EL_TOL = 1.000000e-08, RV_TOL = 1.000000e-08
[2026-01-21 06:57:36.894] [asci_search] [info]   MAX_RV_SIZE = 500000000, JUST_SINGLES = false
[2026-01-21 06:57:36.894] [asci_search] [info]   CDET_SUM = 9.54e-01
[2026-01-21 06:57:36.895] [asci_search] [info]   * Will Generate up to Quintuplets
[2026-01-21 06:57:36.945] [asci_search] [info]   * GEN_DUR = 5.00e+01 ms
[2026-01-21 06:57:37.102] [asci_search] [info]   * ASCI Kept 953005 Pairs
[2026-01-21 06:57:37.102] [asci_search] [info]   * Pairs Mem = 2.13e-02 GiB
[2026-01-21 06:57:37.147] [asci_search] [info]   * ASCI will search over 953005 unique determinants
[2026-01-21 06:57:37.147] [asci_search] [info]   * PAIR_DUR = 2.08e-01 s, SORT_ACC_DUR = 4.51e-02 s
[2026-01-21 06:57:37.150] [asci_search] [info]   * KEEP_LARG_DUR = 2.72e-03 s
[2026-01-21 06:57:37.169] [asci_search] [info]   * Kth Score Pivot = 3.4649086842895322e-05
[2026-01-21 06:57:37.175] [asci_search] [info]   * ASCI_SORT_DUR = 2.47e-02 s
[2026-01-21 06:57:37.175] [asci_search] [info]   * New Dets Mem = 7.45e-04 GiB
[2026-01-21 06:57:37.176] [asci_search] [info]   * ASCI_SEARCH DUR = 2.81e-01 s
[2026-01-21 06:57:37.183] [ci_solver] [info] [Selected CI Solver]:
[2026-01-21 06:57:37.183] [ci_solver] [info]   NDETS = 100000, MATEL_TOL = 2.22045e-16, RES_TOL = 1.00000e-06, MAX_SUB =  200
[2026-01-21 06:57:38.668] [ci_solver] [info]   NNZ   = 66496188, H_DUR     = 1.48464e+03 ms
[2026-01-21 06:57:38.668] [ci_solver] [info]   HMEM_LOC = 9.92e-01 GiB
[2026-01-21 06:57:38.668] [ci_solver] [info]   H_SPARSE = 6.65e-01%
[2026-01-21 06:57:38.728] [ci_solver] [info]   * Will generate identity guess
[2026-01-21 06:57:38.784] [davidson] [info] [Davidson Eigensolver]:
[2026-01-21 06:57:38.784] [davidson] [info]   N = 100000, MAX_M =  200, RES_TOL = 1.00000e-06
[2026-01-21 06:57:38.868] [davidson] [info] iter =    1, LAM(0) =  -1.684629646092e+02, RNORM =   1.649445895204e-01
[2026-01-21 06:57:38.901] [davidson] [info] iter =    2, LAM(0) =  -1.684807785492e+02, RNORM =   5.539099253610e-02
[2026-01-21 06:57:38.945] [davidson] [info] iter =    3, LAM(0) =  -1.684822008390e+02, RNORM =   1.949720044123e-02
[2026-01-21 06:57:39.001] [davidson] [info] iter =    4, LAM(0) =  -1.684823806340e+02, RNORM =   6.860923152355e-03
[2026-01-21 06:57:39.060] [davidson] [info] iter =    5, LAM(0) =  -1.684824040007e+02, RNORM =   2.675634438671e-03
[2026-01-21 06:57:39.120] [davidson] [info] iter =    6, LAM(0) =  -1.684824075041e+02, RNORM =   1.034963704639e-03
[2026-01-21 06:57:39.171] [davidson] [info] iter =    7, LAM(0) =  -1.684824080340e+02, RNORM =   3.829980381827e-04
[2026-01-21 06:57:39.227] [davidson] [info] iter =    8, LAM(0) =  -1.684824081082e+02, RNORM =   1.410658012484e-04
[2026-01-21 06:57:39.289] [davidson] [info] iter =    9, LAM(0) =  -1.684824081185e+02, RNORM =   5.283538266664e-05
[2026-01-21 06:57:39.338] [davidson] [info] iter =   10, LAM(0) =  -1.684824081200e+02, RNORM =   1.913889077782e-05
[2026-01-21 06:57:39.390] [davidson] [info] iter =   11, LAM(0) =  -1.684824081202e+02, RNORM =   7.108095155916e-06
[2026-01-21 06:57:39.452] [davidson] [info] iter =   12, LAM(0) =  -1.684824081202e+02, RNORM =   2.615859538970e-06
[2026-01-21 06:57:39.592] [davidson] [info] iter =   13, LAM(0) =  -1.684824081202e+02, RNORM =   9.387331337872e-07
[2026-01-21 06:57:39.592] [davidson] [info] Davidson Converged!
[2026-01-21 06:57:39.592] [ci_solver] [info]   DAV_NITER =   13, E0 = -1.684824e+02 Eh, DAVIDSON_DUR = 8.08745e+02 ms
[2026-01-21 06:57:39.595] [asci_grow] [info] iter =    5, E0 =  -1.684824081202e+02, dE =  -8.631939e-04, WFN_SIZE = 100000
[2026-01-21 06:57:39.595] [asci_grow] [info] * GROW_DUR = 6.09e+03 ms
[2026-01-21 06:57:39.595] [asci_refine] [info] [ASCI Refine Settings]:
[2026-01-21 06:57:39.596] [asci_refine] [info]   NTDETS = 100000, NCDETS =    100, MAX_REFINE_ITER =    6, REFINE_TOL = 1.00e-06
[2026-01-21 06:57:39.596] [asci_refine] [info] iter =    0, E0 =  -1.684824081202e+02, dE =   0.000000e+00
[2026-01-21 06:57:39.606] [asci_search] [info] [ASCI Search Settings]:
[2026-01-21 06:57:39.606] [asci_search] [info]   NCDETS =    100, NDETS_MAX =    100000, H_EL_TOL = 1.000000e-08, RV_TOL = 1.000000e-08
[2026-01-21 06:57:39.606] [asci_search] [info]   MAX_RV_SIZE = 500000000, JUST_SINGLES = false
[2026-01-21 06:57:39.606] [asci_search] [info]   CDET_SUM = 9.53e-01
[2026-01-21 06:57:39.607] [asci_search] [info]   * Will Generate up to Quintuplets
[2026-01-21 06:57:39.631] [asci_search] [info]   * GEN_DUR = 2.32e+01 ms
[2026-01-21 06:57:40.327] [asci_search] [info]   * ASCI Kept 953014 Pairs
[2026-01-21 06:57:40.328] [asci_search] [info]   * Pairs Mem = 2.13e-02 GiB
[2026-01-21 06:57:40.368] [asci_search] [info]   * ASCI will search over 953014 unique determinants
[2026-01-21 06:57:40.368] [asci_search] [info]   * PAIR_DUR = 7.21e-01 s, SORT_ACC_DUR = 4.03e-02 s
[2026-01-21 06:57:40.370] [asci_search] [info]   * KEEP_LARG_DUR = 1.72e-03 s
[2026-01-21 06:57:40.389] [asci_search] [info]   * Kth Score Pivot = 3.5076299418216770e-05
[2026-01-21 06:57:40.392] [asci_search] [info]   * ASCI_SORT_DUR = 2.27e-02 s
[2026-01-21 06:57:40.393] [asci_search] [info]   * New Dets Mem = 7.45e-04 GiB
[2026-01-21 06:57:40.394] [asci_search] [info]   * ASCI_SEARCH DUR = 7.87e-01 s
[2026-01-21 06:57:40.401] [ci_solver] [info] [Selected CI Solver]:
[2026-01-21 06:57:40.401] [ci_solver] [info]   NDETS = 100000, MATEL_TOL = 2.22045e-16, RES_TOL = 1.00000e-06, MAX_SUB =  200
[2026-01-21 06:57:41.964] [ci_solver] [info]   NNZ   = 66486154, H_DUR     = 1.56211e+03 ms
[2026-01-21 06:57:41.964] [ci_solver] [info]   HMEM_LOC = 9.91e-01 GiB
[2026-01-21 06:57:41.964] [ci_solver] [info]   H_SPARSE = 6.65e-01%
[2026-01-21 06:57:42.024] [ci_solver] [info]   * Will generate identity guess
[2026-01-21 06:57:42.082] [davidson] [info] [Davidson Eigensolver]:
[2026-01-21 06:57:42.082] [davidson] [info]   N = 100000, MAX_M =  200, RES_TOL = 1.00000e-06
[2026-01-21 06:57:42.179] [davidson] [info] iter =    1, LAM(0) =  -1.684629557158e+02, RNORM =   1.649422125446e-01
[2026-01-21 06:57:42.216] [davidson] [info] iter =    2, LAM(0) =  -1.684807765804e+02, RNORM =   5.536690661094e-02
[2026-01-21 06:57:42.261] [davidson] [info] iter =    3, LAM(0) =  -1.684821980600e+02, RNORM =   1.948641330519e-02
[2026-01-21 06:57:42.310] [davidson] [info] iter =    4, LAM(0) =  -1.684823776737e+02, RNORM =   6.862591735135e-03
[2026-01-21 06:57:42.360] [davidson] [info] iter =    5, LAM(0) =  -1.684824010618e+02, RNORM =   2.675385543755e-03
[2026-01-21 06:57:42.406] [davidson] [info] iter =    6, LAM(0) =  -1.684824045639e+02, RNORM =   1.033445012434e-03
[2026-01-21 06:57:42.470] [davidson] [info] iter =    7, LAM(0) =  -1.684824050920e+02, RNORM =   3.820657782658e-04
[2026-01-21 06:57:42.536] [davidson] [info] iter =    8, LAM(0) =  -1.684824051659e+02, RNORM =   1.406764784906e-04
[2026-01-21 06:57:42.675] [davidson] [info] iter =    9, LAM(0) =  -1.684824051762e+02, RNORM =   5.270110840119e-05
[2026-01-21 06:57:42.725] [davidson] [info] iter =   10, LAM(0) =  -1.684824051777e+02, RNORM =   1.917976294309e-05
[2026-01-21 06:57:42.799] [davidson] [info] iter =   11, LAM(0) =  -1.684824051779e+02, RNORM =   7.127778571826e-06
[2026-01-21 06:57:42.913] [davidson] [info] iter =   12, LAM(0) =  -1.684824051779e+02, RNORM =   2.620240278379e-06
[2026-01-21 06:57:42.994] [davidson] [info] iter =   13, LAM(0) =  -1.684824051779e+02, RNORM =   9.394506341522e-07
[2026-01-21 06:57:42.994] [davidson] [info] Davidson Converged!
[2026-01-21 06:57:42.994] [ci_solver] [info]   DAV_NITER =   13, E0 = -1.684824e+02 Eh, DAVIDSON_DUR = 9.12318e+02 ms
[2026-01-21 06:57:42.997] [asci_refine] [info] iter =    1, E0 =  -1.684824051779e+02, dE =   2.942328e-06
[2026-01-21 06:57:43.008] [asci_search] [info] [ASCI Search Settings]:
[2026-01-21 06:57:43.008] [asci_search] [info]   NCDETS =    100, NDETS_MAX =    100000, H_EL_TOL = 1.000000e-08, RV_TOL = 1.000000e-08
[2026-01-21 06:57:43.008] [asci_search] [info]   MAX_RV_SIZE = 500000000, JUST_SINGLES = false
[2026-01-21 06:57:43.008] [asci_search] [info]   CDET_SUM = 9.53e-01
[2026-01-21 06:57:43.011] [asci_search] [info]   * Will Generate up to Quintuplets
[2026-01-21 06:57:43.058] [asci_search] [info]   * GEN_DUR = 4.74e+01 ms
[2026-01-21 06:57:43.553] [asci_search] [info]   * ASCI Kept 953009 Pairs
[2026-01-21 06:57:43.553] [asci_search] [info]   * Pairs Mem = 2.13e-02 GiB
[2026-01-21 06:57:43.594] [asci_search] [info]   * ASCI will search over 953009 unique determinants
[2026-01-21 06:57:43.594] [asci_search] [info]   * PAIR_DUR = 5.45e-01 s, SORT_ACC_DUR = 4.13e-02 s
[2026-01-21 06:57:43.596] [asci_search] [info]   * KEEP_LARG_DUR = 1.82e-03 s
[2026-01-21 06:57:43.620] [asci_search] [info]   * Kth Score Pivot = 3.5080662505945255e-05
[2026-01-21 06:57:43.624] [asci_search] [info]   * ASCI_SORT_DUR = 2.76e-02 s
[2026-01-21 06:57:43.625] [asci_search] [info]   * New Dets Mem = 7.45e-04 GiB
[2026-01-21 06:57:43.625] [asci_search] [info]   * ASCI_SEARCH DUR = 6.17e-01 s
[2026-01-21 06:57:43.633] [ci_solver] [info] [Selected CI Solver]:
[2026-01-21 06:57:43.633] [ci_solver] [info]   NDETS = 100000, MATEL_TOL = 2.22045e-16, RES_TOL = 1.00000e-06, MAX_SUB =  200
[2026-01-21 06:57:45.339] [ci_solver] [info]   NNZ   = 66484928, H_DUR     = 1.70661e+03 ms
[2026-01-21 06:57:45.339] [ci_solver] [info]   HMEM_LOC = 9.91e-01 GiB
[2026-01-21 06:57:45.339] [ci_solver] [info]   H_SPARSE = 6.65e-01%
[2026-01-21 06:57:45.403] [ci_solver] [info]   * Will generate identity guess
[2026-01-21 06:57:45.462] [davidson] [info] [Davidson Eigensolver]:
[2026-01-21 06:57:45.462] [davidson] [info]   N = 100000, MAX_M =  200, RES_TOL = 1.00000e-06
[2026-01-21 06:57:45.754] [davidson] [info] iter =    1, LAM(0) =  -1.684629557158e+02, RNORM =   1.649415300131e-01
[2026-01-21 06:57:45.799] [davidson] [info] iter =    2, LAM(0) =  -1.684807765066e+02, RNORM =   5.536618302598e-02
[2026-01-21 06:57:45.835] [davidson] [info] iter =    3, LAM(0) =  -1.684821980015e+02, RNORM =   1.948574240075e-02
[2026-01-21 06:57:45.882] [davidson] [info] iter =    4, LAM(0) =  -1.684823776063e+02, RNORM =   6.861982804122e-03
[2026-01-21 06:57:45.943] [davidson] [info] iter =    5, LAM(0) =  -1.684824009921e+02, RNORM =   2.675449906100e-03
[2026-01-21 06:57:45.999] [davidson] [info] iter =    6, LAM(0) =  -1.684824044946e+02, RNORM =   1.033549171896e-03
[2026-01-21 06:57:46.056] [davidson] [info] iter =    7, LAM(0) =  -1.684824050227e+02, RNORM =   3.820472469624e-04
[2026-01-21 06:57:46.115] [davidson] [info] iter =    8, LAM(0) =  -1.684824050966e+02, RNORM =   1.406734350625e-04
[2026-01-21 06:57:46.174] [davidson] [info] iter =    9, LAM(0) =  -1.684824051069e+02, RNORM =   5.270531370970e-05
[2026-01-21 06:57:46.231] [davidson] [info] iter =   10, LAM(0) =  -1.684824051084e+02, RNORM =   1.918277723039e-05
[2026-01-21 06:57:46.279] [davidson] [info] iter =   11, LAM(0) =  -1.684824051086e+02, RNORM =   7.128135040633e-06
[2026-01-21 06:57:46.329] [davidson] [info] iter =   12, LAM(0) =  -1.684824051086e+02, RNORM =   2.620183751888e-06
[2026-01-21 06:57:46.377] [davidson] [info] iter =   13, LAM(0) =  -1.684824051086e+02, RNORM =   9.394316171055e-07
[2026-01-21 06:57:46.377] [davidson] [info] Davidson Converged!
[2026-01-21 06:57:46.377] [ci_solver] [info]   DAV_NITER =   13, E0 = -1.684824e+02 Eh, DAVIDSON_DUR = 9.15042e+02 ms
[2026-01-21 06:57:46.394] [asci_refine] [info] iter =    2, E0 =  -1.684824051086e+02, dE =   6.926521e-08
[2026-01-21 06:57:46.395] [asci_refine] [info] ASCI Refine Converged!
[2026-01-21 06:57:59.289052] [info] [sample_sci_workflow] CASCI energy = -346.75351247 Hartree
[2026-01-21 06:57:59.290047] [info] [qdk:chemistry:algorithms:microsoft:active_space:autocas_active_space] AutoCAS::Starting active space selection.
[2026-01-21 06:57:59.293165] [info] [qdk:chemistry:algorithms:active_space] Max entropy: 0.216614
[2026-01-21 06:57:59.293183] [info] [qdk:chemistry:algorithms:active_space] Normalized orbital entropies:
[2026-01-21 06:57:59.293190] [info] [qdk:chemistry:algorithms:active_space]   Orbital index   Normalized Entropy   Raw Entropy
[2026-01-21 06:57:59.293199] [info] [qdk:chemistry:algorithms:active_space]              20             1.000000      0.216614
[2026-01-21 06:57:59.293204] [info] [qdk:chemistry:algorithms:active_space]              19             0.808949      0.175230
[2026-01-21 06:57:59.293209] [info] [qdk:chemistry:algorithms:active_space]              24             0.660667      0.143110
[2026-01-21 06:57:59.293214] [info] [qdk:chemistry:algorithms:active_space]              23             0.523335      0.113362
[2026-01-21 06:57:59.293220] [info] [qdk:chemistry:algorithms:active_space]              13             0.464341      0.100583
[2026-01-21 06:57:59.293226] [info] [qdk:chemistry:algorithms:active_space]              17             0.407341      0.088236
[2026-01-21 06:57:59.293231] [info] [qdk:chemistry:algorithms:active_space]              22             0.363729      0.078789
[2026-01-21 06:57:59.293243] [info] [qdk:chemistry:algorithms:active_space]              21             0.353424      0.076557
[2026-01-21 06:57:59.293248] [info] [qdk:chemistry:algorithms:active_space]              18             0.328564      0.071172
[2026-01-21 06:57:59.293253] [info] [qdk:chemistry:algorithms:active_space]              12             0.292843      0.063434
[2026-01-21 06:57:59.293258] [info] [qdk:chemistry:algorithms:active_space]              26             0.286660      0.062095
[2026-01-21 06:57:59.293263] [info] [qdk:chemistry:algorithms:active_space]               9             0.279304      0.060501
[2026-01-21 06:57:59.293268] [info] [qdk:chemistry:algorithms:active_space]              10             0.263875      0.057159
[2026-01-21 06:57:59.293273] [info] [qdk:chemistry:algorithms:active_space]              11             0.254026      0.055026
[2026-01-21 06:57:59.293278] [info] [qdk:chemistry:algorithms:active_space]              25             0.237490      0.051444
[2026-01-21 06:57:59.293283] [info] [qdk:chemistry:algorithms:active_space]              16             0.226680      0.049102
[2026-01-21 06:57:59.293288] [info] [qdk:chemistry:algorithms:active_space]              14             0.209642      0.045411
[2026-01-21 06:57:59.293293] [info] [qdk:chemistry:algorithms:active_space]              15             0.157068      0.034023
[2026-01-21 06:57:59.293298] [info] [qdk:chemistry:algorithms:active_space]               8             0.152007      0.032927
[2026-01-21 06:57:59.293303] [info] [qdk:chemistry:algorithms:active_space]               7             0.109599      0.023741
[2026-01-21 06:57:59.293308] [info] [qdk:chemistry:algorithms:active_space]               5             0.072814      0.015773
[2026-01-21 06:57:59.293313] [info] [qdk:chemistry:algorithms:active_space]               6             0.071734      0.015539
[2026-01-21 06:57:59.293524] [info] [qdk:chemistry:algorithms:microsoft:active_space:autocas_active_space] Identified 3 plateaus.
[2026-01-21 06:57:59.294377] [info] [qdk:chemistry:algorithms:microsoft:active_space:autocas_active_space] AutoCAS::Selected active space of 3 orbitals: 19, 20, 24
[2026-01-21 06:57:59.295534] [info] [sample_sci_workflow] AutoCAS selected active space with indices: [19, 20, 24]
[2026-01-21 06:58:00.325413] [info] [qdk:chemistry:algorithms:microsoft:macis_asci] Requested number of determinants (100000) exceeds FCI dimension (9).
[2026-01-21 06:58:00.325] [ci_solver] [info] [Selected CI Solver]:
[2026-01-21 06:58:00.325] [ci_solver] [info]   NDETS =      9, MATEL_TOL = 2.22045e-16, RES_TOL = 1.00000e-06, MAX_SUB =  200
[2026-01-21 06:58:00.466] [ci_solver] [info]   NNZ   =     81, H_DUR     = 1.41093e+02 ms
[2026-01-21 06:58:00.466] [ci_solver] [info]   HMEM_LOC = 1.28e-06 GiB
[2026-01-21 06:58:00.466] [ci_solver] [info]   H_SPARSE = 1.00e+02%
[2026-01-21 06:58:00.466] [ci_solver] [info]   * Will generate identity guess
[2026-01-21 06:58:00.466] [davidson] [info] [Davidson Eigensolver]:
[2026-01-21 06:58:00.466] [davidson] [info]   N =      9, MAX_M =    9, RES_TOL = 1.00000e-06
[2026-01-21 06:58:00.508] [davidson] [info] iter =    1, LAM(0) =  -1.257695822547e+00, RNORM =   6.211193165031e-03
[2026-01-21 06:58:00.508] [davidson] [info] iter =    2, LAM(0) =  -1.257754890232e+00, RNORM =   6.163344927383e-04
[2026-01-21 06:58:00.508] [davidson] [info] iter =    3, LAM(0) =  -1.257755590365e+00, RNORM =   1.742069324639e-05
[2026-01-21 06:58:00.508] [davidson] [info] iter =    4, LAM(0) =  -1.257755591105e+00, RNORM =   1.746331304806e-06
[2026-01-21 06:58:00.509] [davidson] [info] iter =    5, LAM(0) =  -1.257755591110e+00, RNORM =   2.948392074199e-17
[2026-01-21 06:58:00.510] [davidson] [info] Davidson Converged!
[2026-01-21 06:58:00.510] [ci_solver] [info]   DAV_NITER =    5, E0 = -1.257756e+00 Eh, DAVIDSON_DUR = 4.40185e+01 ms
[2026-01-21 06:58:00.514943] [info] [sample_sci_workflow] Hamiltonian Summary:
  Type: Hermitian
  Restrictedness: Restricted
  Active Orbitals: 3
  Total Orbitals: 80
  Core Energy: -345.393537
  Integral Statistics:
    One-body Integrals (alpha): 9 (larger than 0.000001: 9)
    Two-body Integrals (aaaa): 81 (larger than 0.000001: 81)

[2026-01-21 06:58:00.521851] [info] [sample_sci_workflow] AutoCAS energy = -346.65129305 Hartree
[2026-01-21 06:58:00.611127] [info] [qdk_chemistry.utils.wavefunction] Sparse CI finder (2 dets) = -346.65106116 Hartree (ΔE = 0.2319 mHartree)
[2026-01-21 06:58:00.613855] [info] [sample_sci_workflow] Sparse CI energy = -346.65106116 Hartree
[2026-01-21 06:58:00.621891] [info] [sample_sci_workflow] Stored wavefunction with 2 determinants
Determinants:
  200: -0.99310126
  020: 0.11725994


=== WORKFLOW END ===
End: 2026-01-21T06:58:01.490163
Elapsed seconds: 36.329123
